20:57:43 **** Incremental Build of configuration Debug for project Unit_7_Microcontroller_Essential_GPIO_L1 ****
make -j12 all 
arm-none-eabi-gcc -gdwarf-2 "../Src/main.c" -mcpu=cortex-m3 -std=gnu11 -g3 -DSTM32 -DSTM32F1 -DSTM32F103C6Tx -DDEBUG -c -I../Inc -O0 -ffunction-sections -fdata-sections -Wall -fstack-usage -MMD -MP -MF"Src/main.d" -MT"Src/main.o" --specs=nano.specs -mfloat-abi=soft -mthumb -o "Src/main.o"
arm-none-eabi-gcc -o "Unit_7_Microcontroller_Essential_GPIO_L1.elf" @"objects.list"   -mcpu=cortex-m3 -T"D:\KS_ES\codes\Learn_In_Depth_KS\Unit7_MCU_Essential_Peripherals\Unit7_MCU_Essential_Peripherals_lesson1_GPIO_LAB1\STM32F103C6TX_FLASH.ld" --specs=nosys.specs -Wl,-Map="Unit_7_Microcontroller_Essential_GPIO_L1.map" -Wl,--gc-sections -static --specs=nano.specs -mfloat-abi=soft -mthumb -Wl,--start-group -lc -lm -Wl,--end-group
Finished building target: Unit_7_Microcontroller_Essential_GPIO_L1.elf
 
arm-none-eabi-objdump -h -S  Unit_7_Microcontroller_Essential_GPIO_L1.elf  > "Unit_7_Microcontroller_Essential_GPIO_L1.list"
arm-none-eabi-objcopy  -O binary  Unit_7_Microcontroller_Essential_GPIO_L1.elf  "Unit_7_Microcontroller_Essential_GPIO_L1.bin"
arm-none-eabi-size   Unit_7_Microcontroller_Essential_GPIO_L1.elf 
   text	   data	    bss	    dec	    hex	filename
    888	      8	   1568	   2464	    9a0	Unit_7_Microcontroller_Essential_GPIO_L1.elf
Finished building: default.size.stdout
 
Finished building: Unit_7_Microcontroller_Essential_GPIO_L1.bin
Finished building: Unit_7_Microcontroller_Essential_GPIO_L1.list
 
 

20:57:44 Build Finished. 0 errors, 0 warnings. (took 1s.85ms)

