main.c:101:5:main	8	static
main.c:156:6:SystemClock_Config	72	static
main.c:191:13:MX_CAN_Init	8	static
main.c:214:13:MX_TIM1_Init	32	static
main.c:246:13:MX_GPIO_Init	40	static
main.c:284:6:Ultrasonic_Read	16	static
main.c:322:6:CAN_Tx	56	static
main.c:361:6:CAN_RXFilterInit	56	static
main.c:396:6:CAN_Rx	56	static
main.c:422:6:Task1	8	static
main.c:434:6:Distance_Task	8	static
main.c:467:6:CAN_TX_Task	8	static
main.c:488:6:CAN_RX_Task	8	static
main.c:525:6:CAN_TX___	56	static
main.c:555:6:CAN_RX____	56	static
main.c:576:6:Error_Handler	4	static
