core_cm3.h:1639:22:__NVIC_SetPriority	16	static
core_cm3.h:1834:26:SysTick_Config	16	static
CortexMX_OS_porting.c:17:6:HardFault_Handler	4	static
CortexMX_OS_porting.c:21:6:MemManage_Handler	4	static
CortexMX_OS_porting.c:25:6:BusFault_Handler	4	static
CortexMX_OS_porting.c:29:6:UsageFault_Handler	4	static
CortexMX_OS_porting.c:35:28:SVC_Handler	0	static,ignoring_inline_asm
CortexMX_OS_porting.c:47:6:HW_init	4	static
CortexMX_OS_porting.c:68:6:trigger_OS_PendSV	4	static
CortexMX_OS_porting.c:75:6:Start_Ticker	8	static
CortexMX_OS_porting.c:97:6:SysTick_Handler	8	static
