core_cm3.h:1639:22:__NVIC_SetPriority	16	static
main.c:135:6:HAL_CAN_RxFifo0MsgPendingCallback	16	static
main.c:146:6:Distance_Task	8	static
main.c:208:6:CAN_TX_Task	8	static
main.c:237:6:CAN_RX_Task	8	static
main.c:276:6:CAN_Start_Task	8	static
main.c:305:5:main	24	static
main.c:409:6:SystemClock_Config	72	static
main.c:448:13:MX_CAN_Init	8	static
main.c:485:13:MX_TIM1_Init	32	static
main.c:531:13:MX_GPIO_Init	32	static
main.c:570:6:Ultrasonic_Read	16	static
main.c:610:6:CAN_Tx	56	static
main.c:649:6:CAN_RXFilterInit	56	static
main.c:684:6:CAN_Rx	56	static
main.c:715:6:Error_Handler	4	static
main.c:731:6:CAN_TX___	56	static
main.c:761:6:CAN_RX____	56	static
main.c:788:6:EXTI3_IRQHandler	4	static
