Archive member included to satisfy reference by file (symbol)

c:/st/stm32cubeide_1.4.0/stm32cubeide/plugins/com.st.stm32cube.ide.mcu.externaltools.gnu-tools-for-stm32.7-2018-q2-update.win32_1.4.0.202007081208/tools/bin/../lib/gcc/arm-none-eabi/7.3.1/../../../../arm-none-eabi/lib/thumb/v7-m\libc_nano.a(lib_a-errno.o)
                              Core/Src/syscalls.o (__errno)
c:/st/stm32cubeide_1.4.0/stm32cubeide/plugins/com.st.stm32cube.ide.mcu.externaltools.gnu-tools-for-stm32.7-2018-q2-update.win32_1.4.0.202007081208/tools/bin/../lib/gcc/arm-none-eabi/7.3.1/../../../../arm-none-eabi/lib/thumb/v7-m\libc_nano.a(lib_a-exit.o)
                              c:/st/stm32cubeide_1.4.0/stm32cubeide/plugins/com.st.stm32cube.ide.mcu.externaltools.gnu-tools-for-stm32.7-2018-q2-update.win32_1.4.0.202007081208/tools/bin/../lib/gcc/arm-none-eabi/7.3.1/../../../../arm-none-eabi/lib/thumb/v7-m/crt0.o (exit)
c:/st/stm32cubeide_1.4.0/stm32cubeide/plugins/com.st.stm32cube.ide.mcu.externaltools.gnu-tools-for-stm32.7-2018-q2-update.win32_1.4.0.202007081208/tools/bin/../lib/gcc/arm-none-eabi/7.3.1/../../../../arm-none-eabi/lib/thumb/v7-m\libc_nano.a(lib_a-impure.o)
                              c:/st/stm32cubeide_1.4.0/stm32cubeide/plugins/com.st.stm32cube.ide.mcu.externaltools.gnu-tools-for-stm32.7-2018-q2-update.win32_1.4.0.202007081208/tools/bin/../lib/gcc/arm-none-eabi/7.3.1/../../../../arm-none-eabi/lib/thumb/v7-m\libc_nano.a(lib_a-exit.o) (_global_impure_ptr)
c:/st/stm32cubeide_1.4.0/stm32cubeide/plugins/com.st.stm32cube.ide.mcu.externaltools.gnu-tools-for-stm32.7-2018-q2-update.win32_1.4.0.202007081208/tools/bin/../lib/gcc/arm-none-eabi/7.3.1/../../../../arm-none-eabi/lib/thumb/v7-m\libc_nano.a(lib_a-init.o)
                              c:/st/stm32cubeide_1.4.0/stm32cubeide/plugins/com.st.stm32cube.ide.mcu.externaltools.gnu-tools-for-stm32.7-2018-q2-update.win32_1.4.0.202007081208/tools/bin/../lib/gcc/arm-none-eabi/7.3.1/../../../../arm-none-eabi/lib/thumb/v7-m/crt0.o (__libc_init_array)
c:/st/stm32cubeide_1.4.0/stm32cubeide/plugins/com.st.stm32cube.ide.mcu.externaltools.gnu-tools-for-stm32.7-2018-q2-update.win32_1.4.0.202007081208/tools/bin/../lib/gcc/arm-none-eabi/7.3.1/../../../../arm-none-eabi/lib/thumb/v7-m\libc_nano.a(lib_a-memset.o)
                              c:/st/stm32cubeide_1.4.0/stm32cubeide/plugins/com.st.stm32cube.ide.mcu.externaltools.gnu-tools-for-stm32.7-2018-q2-update.win32_1.4.0.202007081208/tools/bin/../lib/gcc/arm-none-eabi/7.3.1/../../../../arm-none-eabi/lib/thumb/v7-m/crt0.o (memset)
c:/st/stm32cubeide_1.4.0/stm32cubeide/plugins/com.st.stm32cube.ide.mcu.externaltools.gnu-tools-for-stm32.7-2018-q2-update.win32_1.4.0.202007081208/tools/bin/../lib/gcc/arm-none-eabi/7.3.1/../../../../arm-none-eabi/lib/thumb/v7-m\libc_nano.a(lib_a-strcmp.o)
                              Core/Src/Scheduler.o (strcmp)
c:/st/stm32cubeide_1.4.0/stm32cubeide/plugins/com.st.stm32cube.ide.mcu.externaltools.gnu-tools-for-stm32.7-2018-q2-update.win32_1.4.0.202007081208/tools/bin/../lib/gcc/arm-none-eabi/7.3.1/thumb/v7-m\libgcc.a(_arm_addsubdf3.o)
                              Core/Src/main.o (__aeabi_ui2d)
c:/st/stm32cubeide_1.4.0/stm32cubeide/plugins/com.st.stm32cube.ide.mcu.externaltools.gnu-tools-for-stm32.7-2018-q2-update.win32_1.4.0.202007081208/tools/bin/../lib/gcc/arm-none-eabi/7.3.1/thumb/v7-m\libgcc.a(_arm_muldivdf3.o)
                              Core/Src/main.o (__aeabi_dmul)
c:/st/stm32cubeide_1.4.0/stm32cubeide/plugins/com.st.stm32cube.ide.mcu.externaltools.gnu-tools-for-stm32.7-2018-q2-update.win32_1.4.0.202007081208/tools/bin/../lib/gcc/arm-none-eabi/7.3.1/thumb/v7-m\libgcc.a(_arm_fixunsdfsi.o)
                              Core/Src/main.o (__aeabi_d2uiz)
c:/st/stm32cubeide_1.4.0/stm32cubeide/plugins/com.st.stm32cube.ide.mcu.externaltools.gnu-tools-for-stm32.7-2018-q2-update.win32_1.4.0.202007081208/tools/bin/../lib/gcc/arm-none-eabi/7.3.1/thumb/v7-m\libgcc.a(_arm_addsubsf3.o)
                              Core/Src/main.o (__aeabi_ui2f)
c:/st/stm32cubeide_1.4.0/stm32cubeide/plugins/com.st.stm32cube.ide.mcu.externaltools.gnu-tools-for-stm32.7-2018-q2-update.win32_1.4.0.202007081208/tools/bin/../lib/gcc/arm-none-eabi/7.3.1/thumb/v7-m\libgcc.a(_arm_fixunssfsi.o)
                              Core/Src/main.o (__aeabi_f2uiz)

Allocating common symbols
Common symbol       size              file

Task4               0x44              Core/Src/main.o
RX_DLC              0x1               Core/Src/main.o
Parmeters           0x6               Core/Src/main.o
flag                0x4               Core/Src/main.o
pMillis             0x4               Core/Src/main.o
hcan                0x28              Core/Src/main.o
uwTick              0x4               Drivers/STM32F1xx_HAL_Driver/Src/stm32f1xx_hal.o
pFlash              0x20              Drivers/STM32F1xx_HAL_Driver/Src/stm32f1xx_hal_flash.o
SysTickLED          0x1               Core/Src/CortexMX_OS_porting.o
[...]
Memory Configuration

Name             Origin             Length             Attributes
RAM              0x0000000020000000 0x0000000000005000 xrw
FLASH            0x0000000008000000 0x0000000000010000 xr
*default*        0x0000000000000000 0xffffffffffffffff

Linker script and memory map

LOAD c:/st/stm32cubeide_1.4.0/stm32cubeide/plugins/com.st.stm32cube.ide.mcu.externaltools.gnu-tools-for-stm32.7-2018-q2-update.win32_1.4.0.202007081208/tools/bin/../lib/gcc/arm-none-eabi/7.3.1/thumb/v7-m/crti.o
LOAD c:/st/stm32cubeide_1.4.0/stm32cubeide/plugins/com.st.stm32cube.ide.mcu.externaltools.gnu-tools-for-stm32.7-2018-q2-update.win32_1.4.0.202007081208/tools/bin/../lib/gcc/arm-none-eabi/7.3.1/thumb/v7-m/crtbegin.o
LOAD c:/st/stm32cubeide_1.4.0/stm32cubeide/plugins/com.st.stm32cube.ide.mcu.externaltools.gnu-tools-for-stm32.7-2018-q2-update.win32_1.4.0.202007081208/tools/bin/../lib/gcc/arm-none-eabi/7.3.1/../../../../arm-none-eabi/lib/thumb/v7-m/crt0.o
LOAD Core/Src/CortexMX_OS_porting.o
LOAD Core/Src/DistanceToSpeed.o
LOAD Core/Src/MYRTOS_FIFO.o
LOAD Core/Src/Scheduler.o
LOAD Core/Src/SysTick.o
LOAD Core/Src/main.o
LOAD Core/Src/stm32f1xx_hal_msp.o
LOAD Core/Src/stm32f1xx_it.o
LOAD Core/Src/syscalls.o
LOAD Core/Src/sysmem.o
LOAD Core/Src/system_stm32f1xx.o
LOAD Core/Startup/startup_stm32f103c8tx.o
LOAD Drivers/STM32F1xx_HAL_Driver/Src/stm32f1xx_hal.o
LOAD Drivers/STM32F1xx_HAL_Driver/Src/stm32f1xx_hal_can.o
LOAD Drivers/STM32F1xx_HAL_Driver/Src/stm32f1xx_hal_cortex.o
LOAD Drivers/STM32F1xx_HAL_Driver/Src/stm32f1xx_hal_dma.o
LOAD Drivers/STM32F1xx_HAL_Driver/Src/stm32f1xx_hal_exti.o
LOAD Drivers/STM32F1xx_HAL_Driver/Src/stm32f1xx_hal_flash.o
LOAD Drivers/STM32F1xx_HAL_Driver/Src/stm32f1xx_hal_flash_ex.o
LOAD Drivers/STM32F1xx_HAL_Driver/Src/stm32f1xx_hal_gpio.o
LOAD Drivers/STM32F1xx_HAL_Driver/Src/stm32f1xx_hal_gpio_ex.o
LOAD Drivers/STM32F1xx_HAL_Driver/Src/stm32f1xx_hal_pwr.o
LOAD Drivers/STM32F1xx_HAL_Driver/Src/stm32f1xx_hal_rcc.o
LOAD Drivers/STM32F1xx_HAL_Driver/Src/stm32f1xx_hal_rcc_ex.o
LOAD Drivers/STM32F1xx_HAL_Driver/Src/stm32f1xx_hal_tim.o
LOAD Drivers/STM32F1xx_HAL_Driver/Src/stm32f1xx_hal_tim_ex.o
START GROUP
LOAD c:/st/stm32cubeide_1.4.0/stm32cubeide/plugins/com.st.stm32cube.ide.mcu.externaltools.gnu-tools-for-stm32.7-2018-q2-update.win32_1.4.0.202007081208/tools/bin/../lib/gcc/arm-none-eabi/7.3.1/../../../../arm-none-eabi/lib/thumb/v7-m\libc_nano.a
LOAD c:/st/stm32cubeide_1.4.0/stm32cubeide/plugins/com.st.stm32cube.ide.mcu.externaltools.gnu-tools-for-stm32.7-2018-q2-update.win32_1.4.0.202007081208/tools/bin/../lib/gcc/arm-none-eabi/7.3.1/../../../../arm-none-eabi/lib/thumb/v7-m\libm.a
END GROUP
START GROUP
LOAD c:/st/stm32cubeide_1.4.0/stm32cubeide/plugins/com.st.stm32cube.ide.mcu.externaltools.gnu-tools-for-stm32.7-2018-q2-update.win32_1.4.0.202007081208/tools/bin/../lib/gcc/arm-none-eabi/7.3.1/thumb/v7-m\libgcc.a
LOAD c:/st/stm32cubeide_1.4.0/stm32cubeide/plugins/com.st.stm32cube.ide.mcu.externaltools.gnu-tools-for-stm32.7-2018-q2-update.win32_1.4.0.202007081208/tools/bin/../lib/gcc/arm-none-eabi/7.3.1/../../../../arm-none-eabi/lib/thumb/v7-m\libc_nano.a
END GROUP
START GROUP
LOAD c:/st/stm32cubeide_1.4.0/stm32cubeide/plugins/com.st.stm32cube.ide.mcu.externaltools.gnu-tools-for-stm32.7-2018-q2-update.win32_1.4.0.202007081208/tools/bin/../lib/gcc/arm-none-eabi/7.3.1/thumb/v7-m\libgcc.a
LOAD c:/st/stm32cubeide_1.4.0/stm32cubeide/plugins/com.st.stm32cube.ide.mcu.externaltools.gnu-tools-for-stm32.7-2018-q2-update.win32_1.4.0.202007081208/tools/bin/../lib/gcc/arm-none-eabi/7.3.1/../../../../arm-none-eabi/lib/thumb/v7-m\libc_nano.a
LOAD c:/st/stm32cubeide_1.4.0/stm32cubeide/plugins/com.st.stm32cube.ide.mcu.externaltools.gnu-tools-for-stm32.7-2018-q2-update.win32_1.4.0.202007081208/tools/bin/../lib/gcc/arm-none-eabi/7.3.1/../../../../arm-none-eabi/lib/thumb/v7-m\libnosys.a
END GROUP
START GROUP
LOAD c:/st/stm32cubeide_1.4.0/stm32cubeide/plugins/com.st.stm32cube.ide.mcu.externaltools.gnu-tools-for-stm32.7-2018-q2-update.win32_1.4.0.202007081208/tools/bin/../lib/gcc/arm-none-eabi/7.3.1/thumb/v7-m\libgcc.a
LOAD c:/st/stm32cubeide_1.4.0/stm32cubeide/plugins/com.st.stm32cube.ide.mcu.externaltools.gnu-tools-for-stm32.7-2018-q2-update.win32_1.4.0.202007081208/tools/bin/../lib/gcc/arm-none-eabi/7.3.1/../../../../arm-none-eabi/lib/thumb/v7-m\libc_nano.a
LOAD c:/st/stm32cubeide_1.4.0/stm32cubeide/plugins/com.st.stm32cube.ide.mcu.externaltools.gnu-tools-for-stm32.7-2018-q2-update.win32_1.4.0.202007081208/tools/bin/../lib/gcc/arm-none-eabi/7.3.1/../../../../arm-none-eabi/lib/thumb/v7-m\libnosys.a
END GROUP
LOAD c:/st/stm32cubeide_1.4.0/stm32cubeide/plugins/com.st.stm32cube.ide.mcu.externaltools.gnu-tools-for-stm32.7-2018-q2-update.win32_1.4.0.202007081208/tools/bin/../lib/gcc/arm-none-eabi/7.3.1/thumb/v7-m/crtend.o
LOAD c:/st/stm32cubeide_1.4.0/stm32cubeide/plugins/com.st.stm32cube.ide.mcu.externaltools.gnu-tools-for-stm32.7-2018-q2-update.win32_1.4.0.202007081208/tools/bin/../lib/gcc/arm-none-eabi/7.3.1/thumb/v7-m/crtn.o
                0x0000000020005000                _estack = (ORIGIN (RAM) + LENGTH (RAM))
                0x0000000000000200                _Min_Heap_Size = 0x200
                0x0000000000000400                _Min_Stack_Size = 0x400

.isr_vector     0x0000000008000000      0x10c
                0x0000000008000000                . = ALIGN (0x4)
 *(.isr_vector)
 .isr_vector    0x0000000008000000      0x10c Core/Startup/startup_stm32f103c8tx.o
                0x0000000008000000                g_pfnVectors
                0x000000000800010c                . = ALIGN (0x4)

.text           0x0000000008000110     0x3ea4
                0x0000000008000110                . = ALIGN (0x4)
 *(.text)
 .text          0x0000000008000110       0x40 c:/st/stm32cubeide_1.4.0/stm32cubeide/plugins/com.st.stm32cube.ide.mcu.externaltools.gnu-tools-for-stm32.7-2018-q2-update.win32_1.4.0.202007081208/tools/bin/../lib/gcc/arm-none-eabi/7.3.1/thumb/v7-m/crtbegin.o
 .text          0x0000000008000150       0x14 c:/st/stm32cubeide_1.4.0/stm32cubeide/plugins/com.st.stm32cube.ide.mcu.externaltools.gnu-tools-for-stm32.7-2018-q2-update.win32_1.4.0.202007081208/tools/bin/../lib/gcc/arm-none-eabi/7.3.1/../../../../arm-none-eabi/lib/thumb/v7-m\libc_nano.a(lib_a-strcmp.o)
                0x0000000008000150                strcmp
 .text          0x0000000008000164      0x378 c:/st/stm32cubeide_1.4.0/stm32cubeide/plugins/com.st.stm32cube.ide.mcu.externaltools.gnu-tools-for-stm32.7-2018-q2-update.win32_1.4.0.202007081208/tools/bin/../lib/gcc/arm-none-eabi/7.3.1/thumb/v7-m\libgcc.a(_arm_addsubdf3.o)
                0x0000000008000164                __aeabi_drsub
                0x000000000800016c                __aeabi_dsub
                0x000000000800016c                __subdf3
                0x0000000008000170                __aeabi_dadd
                0x0000000008000170                __adddf3
                0x00000000080003e8                __floatunsidf
                0x00000000080003e8                __aeabi_ui2d
                0x0000000008000408                __floatsidf
                0x0000000008000408                __aeabi_i2d
                0x000000000800042c                __aeabi_f2d
                0x000000000800042c                __extendsfdf2
                0x0000000008000470                __floatundidf
                0x0000000008000470                __aeabi_ul2d
                0x0000000008000480                __floatdidf
                0x0000000008000480                __aeabi_l2d
 .text          0x00000000080004dc      0x424 c:/st/stm32cubeide_1.4.0/stm32cubeide/plugins/com.st.stm32cube.ide.mcu.externaltools.gnu-tools-for-stm32.7-2018-q2-update.win32_1.4.0.202007081208/tools/bin/../lib/gcc/arm-none-eabi/7.3.1/thumb/v7-m\libgcc.a(_arm_muldivdf3.o)
                0x00000000080004dc                __aeabi_dmul
                0x00000000080004dc                __muldf3
                0x0000000008000730                __divdf3
                0x0000000008000730                __aeabi_ddiv
 .text          0x0000000008000900       0x40 c:/st/stm32cubeide_1.4.0/stm32cubeide/plugins/com.st.stm32cube.ide.mcu.externaltools.gnu-tools-for-stm32.7-2018-q2-update.win32_1.4.0.202007081208/tools/bin/../lib/gcc/arm-none-eabi/7.3.1/thumb/v7-m\libgcc.a(_arm_fixunsdfsi.o)
                0x0000000008000900                __aeabi_d2uiz
                0x0000000008000900                __fixunsdfsi
 .text          0x0000000008000940      0x21c c:/st/stm32cubeide_1.4.0/stm32cubeide/plugins/com.st.stm32cube.ide.mcu.externaltools.gnu-tools-for-stm32.7-2018-q2-update.win32_1.4.0.202007081208/tools/bin/../lib/gcc/arm-none-eabi/7.3.1/thumb/v7-m\libgcc.a(_arm_addsubsf3.o)
                0x0000000008000940                __aeabi_frsub
                0x0000000008000948                __subsf3
                0x0000000008000948                __aeabi_fsub
                0x000000000800094c                __aeabi_fadd
                0x000000000800094c                __addsf3
                0x0000000008000aac                __aeabi_ui2f
                0x0000000008000aac                __floatunsisf
                0x0000000008000ab4                __aeabi_i2f
                0x0000000008000ab4                __floatsisf
                0x0000000008000ad0                __aeabi_ul2f
                0x0000000008000ad0                __floatundisf
                0x0000000008000ae0                __aeabi_l2f
                0x0000000008000ae0                __floatdisf
 .text          0x0000000008000b5c       0x40 c:/st/stm32cubeide_1.4.0/stm32cubeide/plugins/com.st.stm32cube.ide.mcu.externaltools.gnu-tools-for-stm32.7-2018-q2-update.win32_1.4.0.202007081208/tools/bin/../lib/gcc/arm-none-eabi/7.3.1/thumb/v7-m\libgcc.a(_arm_fixunssfsi.o)
                0x0000000008000b5c                __fixunssfsi
                0x0000000008000b5c                __aeabi_f2uiz
 *(.text*)
 .text.__NVIC_SetPriority
                0x0000000008000b9c       0x54 Core/Src/CortexMX_OS_porting.o
 .text.SysTick_Config
                0x0000000008000bf0       0x44 Core/Src/CortexMX_OS_porting.o
 .text.HardFault_Handler
                0x0000000008000c34        0x6 Core/Src/CortexMX_OS_porting.o
                0x0000000008000c34                HardFault_Handler
 .text.MemManage_Handler
                0x0000000008000c3a        0x6 Core/Src/CortexMX_OS_porting.o
                0x0000000008000c3a                MemManage_Handler
 .text.BusFault_Handler
                0x0000000008000c40        0x6 Core/Src/CortexMX_OS_porting.o
                0x0000000008000c40                BusFault_Handler
 .text.UsageFault_Handler
                0x0000000008000c46        0x6 Core/Src/CortexMX_OS_porting.o
                0x0000000008000c46                UsageFault_Handler
 .text.SVC_Handler
                0x0000000008000c4c       0x14 Core/Src/CortexMX_OS_porting.o
                0x0000000008000c4c                SVC_Handler
 .text.trigger_OS_PendSV
                0x0000000008000c60       0x1c Core/Src/CortexMX_OS_porting.o
                0x0000000008000c60                trigger_OS_PendSV
 .text.Start_Ticker
                0x0000000008000c7c       0x18 Core/Src/CortexMX_OS_porting.o
                0x0000000008000c7c                Start_Ticker
 .text.SysTick_Handler
                0x0000000008000c94       0x28 Core/Src/CortexMX_OS_porting.o
                0x0000000008000c94                SysTick_Handler
 .text.DistanceToSpeed
                0x0000000008000cbc       0x54 Core/Src/DistanceToSpeed.o
                0x0000000008000cbc                DistanceToSpeed
 .text.FIFO_init
                0x0000000008000d10       0x44 Core/Src/MYRTOS_FIFO.o
                0x0000000008000d10                FIFO_init
 .text.FIFO_enqueue
                0x0000000008000d54       0x84 Core/Src/MYRTOS_FIFO.o
                0x0000000008000d54                FIFO_enqueue
 .text.FIFO_dequeue
                0x0000000008000dd8       0x7a Core/Src/MYRTOS_FIFO.o
                0x0000000008000dd8                FIFO_dequeue
 *fill*         0x0000000008000e52        0x2 
 .text.PendSV_Handler
                0x0000000008000e54      0x1c4 Core/Src/Scheduler.o
                0x0000000008000e54                PendSV_Handler
 .text.MYRTOS_IdleTask
                0x0000000008001018       0x1c Core/Src/Scheduler.o
                0x0000000008001018                MYRTOS_IdleTask
 .text.MYRTOS_Create_MainStack
                0x0000000008001034       0x3c Core/Src/Scheduler.o
                0x0000000008001034                MYRTOS_Create_MainStack
 .text.MYRTOS_init
                0x0000000008001070       0x80 Core/Src/Scheduler.o
                0x0000000008001070                MYRTOS_init
 .text.MyRTOS_Create_TaskStack
                0x00000000080010f0       0x7c Core/Src/Scheduler.o
                0x00000000080010f0                MyRTOS_Create_TaskStack
 .text.MYRTOS_CreateTask
                0x000000000800116c       0x7c Core/Src/Scheduler.o
                0x000000000800116c                MYRTOS_CreateTask
 .text.bubbleSort
                0x00000000080011e8       0x90 Core/Src/Scheduler.o
                0x00000000080011e8                bubbleSort
 .text.MyRTOS_Update_Schadule_tables
                0x0000000008001278       0xd0 Core/Src/Scheduler.o
                0x0000000008001278                MyRTOS_Update_Schadule_tables
 .text.Decide_whatNext
                0x0000000008001348       0xa4 Core/Src/Scheduler.o
                0x0000000008001348                Decide_whatNext
 .text.OS_SVC   0x00000000080013ec       0x6c Core/Src/Scheduler.o
                0x00000000080013ec                OS_SVC
 .text.MYRTOS_OS_SVC_Set
                0x0000000008001458       0x4c Core/Src/Scheduler.o
                0x0000000008001458                MYRTOS_OS_SVC_Set
 .text.MYRTOS_ActivateTask
                0x00000000080014a4       0x1e Core/Src/Scheduler.o
                0x00000000080014a4                MYRTOS_ActivateTask
 .text.MYRTOS_TaskWait
                0x00000000080014c2       0x2e Core/Src/Scheduler.o
                0x00000000080014c2                MYRTOS_TaskWait
 .text.MYRTOS_STARTOS
                0x00000000080014f0       0x5c Core/Src/Scheduler.o
                0x00000000080014f0                MYRTOS_STARTOS
 .text.MYRTOS_Update_TasksWaitingTime
                0x000000000800154c       0x88 Core/Src/Scheduler.o
                0x000000000800154c                MYRTOS_Update_TasksWaitingTime
 .text.SysTick_voidStart
                0x00000000080015d4       0x1c Core/Src/SysTick.o
                0x00000000080015d4                SysTick_voidStart
 .text.__NVIC_SetPriority
                0x00000000080015f0       0x54 Core/Src/main.o
 .text.HAL_CAN_RxFifo0MsgPendingCallback
                0x0000000008001644       0x1c Core/Src/main.o
                0x0000000008001644                HAL_CAN_RxFifo0MsgPendingCallback
 .text.Distance_Task
                0x0000000008001660      0x134 Core/Src/main.o
                0x0000000008001660                Distance_Task
 .text.CAN_TX_Task
                0x0000000008001794       0x44 Core/Src/main.o
                0x0000000008001794                CAN_TX_Task
 .text.CAN_RX_Task
                0x00000000080017d8       0x80 Core/Src/main.o
                0x00000000080017d8                CAN_RX_Task
 .text.CAN_Start_Task
                0x0000000008001858       0x2c Core/Src/main.o
                0x0000000008001858                CAN_Start_Task
 .text.main     0x0000000008001884      0x168 Core/Src/main.o
                0x0000000008001884                main
 .text.SystemClock_Config
                0x00000000080019ec       0x8a Core/Src/main.o
                0x00000000080019ec                SystemClock_Config
 *fill*         0x0000000008001a76        0x2 
 .text.MX_CAN_Init
                0x0000000008001a78       0x70 Core/Src/main.o
 .text.MX_TIM1_Init
                0x0000000008001ae8       0xa0 Core/Src/main.o
 .text.MX_GPIO_Init
                0x0000000008001b88       0xc8 Core/Src/main.o
 .text.Ultrasonic_Read
                0x0000000008001c50      0x120 Core/Src/main.o
                0x0000000008001c50                Ultrasonic_Read
 .text.CAN_Tx   0x0000000008001d70       0x74 Core/Src/main.o
                0x0000000008001d70                CAN_Tx
 .text.CAN_Rx   0x0000000008001de4       0x54 Core/Src/main.o
                0x0000000008001de4                CAN_Rx
 .text.Error_Handler
                0x0000000008001e38        0xc Core/Src/main.o
                0x0000000008001e38                Error_Handler
 .text.EXTI3_IRQHandler
                0x0000000008001e44       0x3c Core/Src/main.o
                0x0000000008001e44                EXTI3_IRQHandler
 .text.HAL_MspInit
                0x0000000008001e80       0x64 Core/Src/stm32f1xx_hal_msp.o
                0x0000000008001e80                HAL_MspInit
 .text.HAL_CAN_MspInit
                0x0000000008001ee4       0xc8 Core/Src/stm32f1xx_hal_msp.o
                0x0000000008001ee4                HAL_CAN_MspInit
 .text.HAL_TIM_Base_MspInit
                0x0000000008001fac       0x3c Core/Src/stm32f1xx_hal_msp.o
                0x0000000008001fac                HAL_TIM_Base_MspInit
 .text.USB_HP_CAN1_TX_IRQHandler
                0x0000000008001fe8       0x14 Core/Src/stm32f1xx_it.o
                0x0000000008001fe8                USB_HP_CAN1_TX_IRQHandler
 .text.USB_LP_CAN1_RX0_IRQHandler
                0x0000000008001ffc       0x14 Core/Src/stm32f1xx_it.o
                0x0000000008001ffc                USB_LP_CAN1_RX0_IRQHandler
 .text.CAN1_SCE_IRQHandler
                0x0000000008002010       0x14 Core/Src/stm32f1xx_it.o
                0x0000000008002010                CAN1_SCE_IRQHandler
 .text.SystemInit
                0x0000000008002024        0xc Core/Src/system_stm32f1xx.o
                0x0000000008002024                SystemInit
 .text.Reset_Handler
                0x0000000008002030       0x48 Core/Startup/startup_stm32f103c8tx.o
                0x0000000008002030                Reset_Handler
 .text.Default_Handler
                0x0000000008002078        0x2 Core/Startup/startup_stm32f103c8tx.o
                0x0000000008002078                RTC_Alarm_IRQHandler
                0x0000000008002078                EXTI2_IRQHandler
                0x0000000008002078                DebugMon_Handler
                0x0000000008002078                TIM1_CC_IRQHandler
                0x0000000008002078                PVD_IRQHandler
                0x0000000008002078                NMI_Handler
                0x0000000008002078                EXTI0_IRQHandler
                0x0000000008002078                I2C2_EV_IRQHandler
                0x0000000008002078                ADC1_2_IRQHandler
                0x0000000008002078                SPI1_IRQHandler
                0x0000000008002078                TAMPER_IRQHandler
                0x0000000008002078                DMA1_Channel4_IRQHandler
                0x0000000008002078                USART3_IRQHandler
                0x0000000008002078                RTC_IRQHandler
                0x0000000008002078                DMA1_Channel7_IRQHandler
                0x0000000008002078                CAN1_RX1_IRQHandler
                0x0000000008002078                TIM4_IRQHandler
                0x0000000008002078                I2C1_EV_IRQHandler
                0x0000000008002078                DMA1_Channel6_IRQHandler
                0x0000000008002078                TIM3_IRQHandler
                0x0000000008002078                RCC_IRQHandler
                0x0000000008002078                TIM1_TRG_COM_IRQHandler
                0x0000000008002078                DMA1_Channel1_IRQHandler
                0x0000000008002078                Default_Handler
                0x0000000008002078                EXTI15_10_IRQHandler
                0x0000000008002078                EXTI9_5_IRQHandler
                0x0000000008002078                SPI2_IRQHandler
                0x0000000008002078                DMA1_Channel5_IRQHandler
                0x0000000008002078                EXTI4_IRQHandler
                0x0000000008002078                DMA1_Channel3_IRQHandler
                0x0000000008002078                TIM1_UP_IRQHandler
                0x0000000008002078                WWDG_IRQHandler
                0x0000000008002078                TIM2_IRQHandler
                0x0000000008002078                TIM1_BRK_IRQHandler
                0x0000000008002078                EXTI1_IRQHandler
                0x0000000008002078                USART2_IRQHandler
                0x0000000008002078                I2C2_ER_IRQHandler
                0x0000000008002078                DMA1_Channel2_IRQHandler
                0x0000000008002078                FLASH_IRQHandler
                0x0000000008002078                USART1_IRQHandler
                0x0000000008002078                I2C1_ER_IRQHandler
                0x0000000008002078                USBWakeUp_IRQHandler
 *fill*         0x000000000800207a        0x2 
 .text.HAL_Init
                0x000000000800207c       0x2c Drivers/STM32F1xx_HAL_Driver/Src/stm32f1xx_hal.o
                0x000000000800207c                HAL_Init
 .text.HAL_InitTick
                0x00000000080020a8       0x60 Drivers/STM32F1xx_HAL_Driver/Src/stm32f1xx_hal.o
                0x00000000080020a8                HAL_InitTick
 .text.HAL_GetTick
                0x0000000008002108       0x14 Drivers/STM32F1xx_HAL_Driver/Src/stm32f1xx_hal.o
                0x0000000008002108                HAL_GetTick
 .text.HAL_CAN_Init
                0x000000000800211c      0x1f6 Drivers/STM32F1xx_HAL_Driver/Src/stm32f1xx_hal_can.o
                0x000000000800211c                HAL_CAN_Init
 .text.HAL_CAN_Start
                0x0000000008002312       0x88 Drivers/STM32F1xx_HAL_Driver/Src/stm32f1xx_hal_can.o
                0x0000000008002312                HAL_CAN_Start
 .text.HAL_CAN_AddTxMessage
                0x000000000800239a      0x1b4 Drivers/STM32F1xx_HAL_Driver/Src/stm32f1xx_hal_can.o
                0x000000000800239a                HAL_CAN_AddTxMessage
 .text.HAL_CAN_GetTxMailboxesFreeLevel
                0x000000000800254e       0x68 Drivers/STM32F1xx_HAL_Driver/Src/stm32f1xx_hal_can.o
                0x000000000800254e                HAL_CAN_GetTxMailboxesFreeLevel
 .text.HAL_CAN_IsTxMessagePending
                0x00000000080025b6       0x46 Drivers/STM32F1xx_HAL_Driver/Src/stm32f1xx_hal_can.o
                0x00000000080025b6                HAL_CAN_IsTxMessagePending
 .text.HAL_CAN_GetRxMessage
                0x00000000080025fc      0x222 Drivers/STM32F1xx_HAL_Driver/Src/stm32f1xx_hal_can.o
                0x00000000080025fc                HAL_CAN_GetRxMessage
 .text.HAL_CAN_GetRxFifoFillLevel
                0x000000000800281e       0x4e Drivers/STM32F1xx_HAL_Driver/Src/stm32f1xx_hal_can.o
                0x000000000800281e                HAL_CAN_GetRxFifoFillLevel
 .text.HAL_CAN_ActivateNotification
                0x000000000800286c       0x4a Drivers/STM32F1xx_HAL_Driver/Src/stm32f1xx_hal_can.o
                0x000000000800286c                HAL_CAN_ActivateNotification
 .text.HAL_CAN_IRQHandler
                0x00000000080028b6      0x362 Drivers/STM32F1xx_HAL_Driver/Src/stm32f1xx_hal_can.o
                0x00000000080028b6                HAL_CAN_IRQHandler
 .text.HAL_CAN_TxMailbox0CompleteCallback
                0x0000000008002c18       0x12 Drivers/STM32F1xx_HAL_Driver/Src/stm32f1xx_hal_can.o
                0x0000000008002c18                HAL_CAN_TxMailbox0CompleteCallback
 .text.HAL_CAN_TxMailbox1CompleteCallback
                0x0000000008002c2a       0x12 Drivers/STM32F1xx_HAL_Driver/Src/stm32f1xx_hal_can.o
                0x0000000008002c2a                HAL_CAN_TxMailbox1CompleteCallback
 .text.HAL_CAN_TxMailbox2CompleteCallback
                0x0000000008002c3c       0x12 Drivers/STM32F1xx_HAL_Driver/Src/stm32f1xx_hal_can.o
                0x0000000008002c3c                HAL_CAN_TxMailbox2CompleteCallback
 .text.HAL_CAN_TxMailbox0AbortCallback
                0x0000000008002c4e       0x12 Drivers/STM32F1xx_HAL_Driver/Src/stm32f1xx_hal_can.o
                0x0000000008002c4e                HAL_CAN_TxMailbox0AbortCallback
 .text.HAL_CAN_TxMailbox1AbortCallback
                0x0000000008002c60       0x12 Drivers/STM32F1xx_HAL_Driver/Src/stm32f1xx_hal_can.o
                0x0000000008002c60                HAL_CAN_TxMailbox1AbortCallback
 .text.HAL_CAN_TxMailbox2AbortCallback
                0x0000000008002c72       0x12 Drivers/STM32F1xx_HAL_Driver/Src/stm32f1xx_hal_can.o
                0x0000000008002c72                HAL_CAN_TxMailbox2AbortCallback
 .text.HAL_CAN_RxFifo0FullCallback
                0x0000000008002c84       0x12 Drivers/STM32F1xx_HAL_Driver/Src/stm32f1xx_hal_can.o
                0x0000000008002c84                HAL_CAN_RxFifo0FullCallback
 .text.HAL_CAN_RxFifo1MsgPendingCallback
                0x0000000008002c96       0x12 Drivers/STM32F1xx_HAL_Driver/Src/stm32f1xx_hal_can.o
                0x0000000008002c96                HAL_CAN_RxFifo1MsgPendingCallback
 .text.HAL_CAN_RxFifo1FullCallback
                0x0000000008002ca8       0x12 Drivers/STM32F1xx_HAL_Driver/Src/stm32f1xx_hal_can.o
                0x0000000008002ca8                HAL_CAN_RxFifo1FullCallback
 .text.HAL_CAN_SleepCallback
                0x0000000008002cba       0x12 Drivers/STM32F1xx_HAL_Driver/Src/stm32f1xx_hal_can.o
                0x0000000008002cba                HAL_CAN_SleepCallback
 .text.HAL_CAN_WakeUpFromRxMsgCallback
                0x0000000008002ccc       0x12 Drivers/STM32F1xx_HAL_Driver/Src/stm32f1xx_hal_can.o
                0x0000000008002ccc                HAL_CAN_WakeUpFromRxMsgCallback
 .text.HAL_CAN_ErrorCallback
                0x0000000008002cde       0x12 Drivers/STM32F1xx_HAL_Driver/Src/stm32f1xx_hal_can.o
                0x0000000008002cde                HAL_CAN_ErrorCallback
 .text.__NVIC_SetPriorityGrouping
                0x0000000008002cf0       0x48 Drivers/STM32F1xx_HAL_Driver/Src/stm32f1xx_hal_cortex.o
 .text.__NVIC_GetPriorityGrouping
                0x0000000008002d38       0x1c Drivers/STM32F1xx_HAL_Driver/Src/stm32f1xx_hal_cortex.o
 .text.__NVIC_EnableIRQ
                0x0000000008002d54       0x38 Drivers/STM32F1xx_HAL_Driver/Src/stm32f1xx_hal_cortex.o
 .text.__NVIC_SetPriority
                0x0000000008002d8c       0x54 Drivers/STM32F1xx_HAL_Driver/Src/stm32f1xx_hal_cortex.o
 .text.NVIC_EncodePriority
                0x0000000008002de0       0x64 Drivers/STM32F1xx_HAL_Driver/Src/stm32f1xx_hal_cortex.o
 .text.SysTick_Config
                0x0000000008002e44       0x44 Drivers/STM32F1xx_HAL_Driver/Src/stm32f1xx_hal_cortex.o
 .text.HAL_NVIC_SetPriorityGrouping
                0x0000000008002e88       0x16 Drivers/STM32F1xx_HAL_Driver/Src/stm32f1xx_hal_cortex.o
                0x0000000008002e88                HAL_NVIC_SetPriorityGrouping
 .text.HAL_NVIC_SetPriority
                0x0000000008002e9e       0x38 Drivers/STM32F1xx_HAL_Driver/Src/stm32f1xx_hal_cortex.o
                0x0000000008002e9e                HAL_NVIC_SetPriority
 .text.HAL_NVIC_EnableIRQ
                0x0000000008002ed6       0x1c Drivers/STM32F1xx_HAL_Driver/Src/stm32f1xx_hal_cortex.o
                0x0000000008002ed6                HAL_NVIC_EnableIRQ
 .text.HAL_SYSTICK_Config
                0x0000000008002ef2       0x18 Drivers/STM32F1xx_HAL_Driver/Src/stm32f1xx_hal_cortex.o
                0x0000000008002ef2                HAL_SYSTICK_Config
 *fill*         0x0000000008002f0a        0x2 
 .text.HAL_GPIO_Init
                0x0000000008002f0c      0x2b4 Drivers/STM32F1xx_HAL_Driver/Src/stm32f1xx_hal_gpio.o
                0x0000000008002f0c                HAL_GPIO_Init
 .text.HAL_GPIO_ReadPin
                0x00000000080031c0       0x2e Drivers/STM32F1xx_HAL_Driver/Src/stm32f1xx_hal_gpio.o
                0x00000000080031c0                HAL_GPIO_ReadPin
 .text.HAL_GPIO_WritePin
                0x00000000080031ee       0x30 Drivers/STM32F1xx_HAL_Driver/Src/stm32f1xx_hal_gpio.o
                0x00000000080031ee                HAL_GPIO_WritePin
 *fill*         0x000000000800321e        0x2 
 .text.HAL_RCC_OscConfig
                0x0000000008003220      0x500 Drivers/STM32F1xx_HAL_Driver/Src/stm32f1xx_hal_rcc.o
                0x0000000008003220                HAL_RCC_OscConfig
 .text.HAL_RCC_ClockConfig
                0x0000000008003720      0x1d4 Drivers/STM32F1xx_HAL_Driver/Src/stm32f1xx_hal_rcc.o
                0x0000000008003720                HAL_RCC_ClockConfig
 .text.HAL_RCC_GetSysClockFreq
                0x00000000080038f4       0xc4 Drivers/STM32F1xx_HAL_Driver/Src/stm32f1xx_hal_rcc.o
                0x00000000080038f4                HAL_RCC_GetSysClockFreq
 .text.RCC_Delay
                0x00000000080039b8       0x3c Drivers/STM32F1xx_HAL_Driver/Src/stm32f1xx_hal_rcc.o
 .text.HAL_TIM_Base_Init
                0x00000000080039f4       0x9e Drivers/STM32F1xx_HAL_Driver/Src/stm32f1xx_hal_tim.o
                0x00000000080039f4                HAL_TIM_Base_Init
 *fill*         0x0000000008003a92        0x2 
 .text.HAL_TIM_Base_Start
                0x0000000008003a94       0x94 Drivers/STM32F1xx_HAL_Driver/Src/stm32f1xx_hal_tim.o
                0x0000000008003a94                HAL_TIM_Base_Start
 .text.HAL_TIM_ConfigClockSource
                0x0000000008003b28      0x16e Drivers/STM32F1xx_HAL_Driver/Src/stm32f1xx_hal_tim.o
                0x0000000008003b28                HAL_TIM_ConfigClockSource
 *fill*         0x0000000008003c96        0x2 
 .text.TIM_Base_SetConfig
                0x0000000008003c98       0xc4 Drivers/STM32F1xx_HAL_Driver/Src/stm32f1xx_hal_tim.o
                0x0000000008003c98                TIM_Base_SetConfig
 .text.TIM_TI1_ConfigInputStage
                0x0000000008003d5c       0x5c Drivers/STM32F1xx_HAL_Driver/Src/stm32f1xx_hal_tim.o
 .text.TIM_TI2_ConfigInputStage
                0x0000000008003db8       0x5e Drivers/STM32F1xx_HAL_Driver/Src/stm32f1xx_hal_tim.o
 .text.TIM_ITRx_SetConfig
                0x0000000008003e16       0x34 Drivers/STM32F1xx_HAL_Driver/Src/stm32f1xx_hal_tim.o
 .text.TIM_ETR_SetConfig
                0x0000000008003e4a       0x3e Drivers/STM32F1xx_HAL_Driver/Src/stm32f1xx_hal_tim.o
                0x0000000008003e4a                TIM_ETR_SetConfig
 .text.HAL_TIMEx_MasterConfigSynchronization
                0x0000000008003e88       0xbc Drivers/STM32F1xx_HAL_Driver/Src/stm32f1xx_hal_tim_ex.o
                0x0000000008003e88                HAL_TIMEx_MasterConfigSynchronization
 .text.__libc_init_array
                0x0000000008003f44       0x48 c:/st/stm32cubeide_1.4.0/stm32cubeide/plugins/com.st.stm32cube.ide.mcu.externaltools.gnu-tools-for-stm32.7-2018-q2-update.win32_1.4.0.202007081208/tools/bin/../lib/gcc/arm-none-eabi/7.3.1/../../../../arm-none-eabi/lib/thumb/v7-m\libc_nano.a(lib_a-init.o)
                0x0000000008003f44                __libc_init_array
 .text.memset   0x0000000008003f8c       0x10 c:/st/stm32cubeide_1.4.0/stm32cubeide/plugins/com.st.stm32cube.ide.mcu.externaltools.gnu-tools-for-stm32.7-2018-q2-update.win32_1.4.0.202007081208/tools/bin/../lib/gcc/arm-none-eabi/7.3.1/../../../../arm-none-eabi/lib/thumb/v7-m\libc_nano.a(lib_a-memset.o)
                0x0000000008003f8c                memset
 *(.glue_7)
 .glue_7        0x0000000008003f9c        0x0 linker stubs
 *(.glue_7t)
 .glue_7t       0x0000000008003f9c        0x0 linker stubs
 *(.eh_frame)
 .eh_frame      0x0000000008003f9c        0x0 c:/st/stm32cubeide_1.4.0/stm32cubeide/plugins/com.st.stm32cube.ide.mcu.externaltools.gnu-tools-for-stm32.7-2018-q2-update.win32_1.4.0.202007081208/tools/bin/../lib/gcc/arm-none-eabi/7.3.1/thumb/v7-m/crtbegin.o
 *(.init)
 .init          0x0000000008003f9c        0x4 c:/st/stm32cubeide_1.4.0/stm32cubeide/plugins/com.st.stm32cube.ide.mcu.externaltools.gnu-tools-for-stm32.7-2018-q2-update.win32_1.4.0.202007081208/tools/bin/../lib/gcc/arm-none-eabi/7.3.1/thumb/v7-m/crti.o
                0x0000000008003f9c                _init
 .init          0x0000000008003fa0        0x8 c:/st/stm32cubeide_1.4.0/stm32cubeide/plugins/com.st.stm32cube.ide.mcu.externaltools.gnu-tools-for-stm32.7-2018-q2-update.win32_1.4.0.202007081208/tools/bin/../lib/gcc/arm-none-eabi/7.3.1/thumb/v7-m/crtn.o
 *(.fini)
 .fini          0x0000000008003fa8        0x4 c:/st/stm32cubeide_1.4.0/stm32cubeide/plugins/com.st.stm32cube.ide.mcu.externaltools.gnu-tools-for-stm32.7-2018-q2-update.win32_1.4.0.202007081208/tools/bin/../lib/gcc/arm-none-eabi/7.3.1/thumb/v7-m/crti.o
                0x0000000008003fa8                _fini
 .fini          0x0000000008003fac        0x8 c:/st/stm32cubeide_1.4.0/stm32cubeide/plugins/com.st.stm32cube.ide.mcu.externaltools.gnu-tools-for-stm32.7-2018-q2-update.win32_1.4.0.202007081208/tools/bin/../lib/gcc/arm-none-eabi/7.3.1/thumb/v7-m/crtn.o
                0x0000000008003fb4                . = ALIGN (0x4)
                0x0000000008003fb4                _etext = .

.vfp11_veneer   0x0000000008003fb4        0x0
 .vfp11_veneer  0x0000000008003fb4        0x0 linker stubs

.v4_bx          0x0000000008003fb4        0x0
 .v4_bx         0x0000000008003fb4        0x0 linker stubs

.iplt           0x0000000008003fb4        0x0
 .iplt          0x0000000008003fb4        0x0 c:/st/stm32cubeide_1.4.0/stm32cubeide/plugins/com.st.stm32cube.ide.mcu.externaltools.gnu-tools-for-stm32.7-2018-q2-update.win32_1.4.0.202007081208/tools/bin/../lib/gcc/arm-none-eabi/7.3.1/thumb/v7-m/crtbegin.o

.rodata         0x0000000008003fb4       0x68
                0x0000000008003fb4                . = ALIGN (0x4)
 *(.rodata)
 .rodata        0x0000000008003fb4        0x9 Core/Src/Scheduler.o
 *fill*         0x0000000008003fbd        0x3 
 .rodata        0x0000000008003fc0       0x37 Core/Src/main.o
 *fill*         0x0000000008003ff7        0x1 
 .rodata        0x0000000008003ff8       0x12 Drivers/STM32F1xx_HAL_Driver/Src/stm32f1xx_hal_rcc.o
 *(.rodata*)
 *fill*         0x000000000800400a        0x2 
 .rodata.AHBPrescTable
                0x000000000800400c       0x10 Core/Src/system_stm32f1xx.o
                0x000000000800400c                AHBPrescTable
                0x000000000800401c                . = ALIGN (0x4)

.rel.dyn        0x000000000800401c        0x0
 .rel.iplt      0x000000000800401c        0x0 c:/st/stm32cubeide_1.4.0/stm32cubeide/plugins/com.st.stm32cube.ide.mcu.externaltools.gnu-tools-for-stm32.7-2018-q2-update.win32_1.4.0.202007081208/tools/bin/../lib/gcc/arm-none-eabi/7.3.1/thumb/v7-m/crtbegin.o

.ARM.extab      0x000000000800401c        0x0
                0x000000000800401c                . = ALIGN (0x4)
 *(.ARM.extab* .gnu.linkonce.armextab.*)
                0x000000000800401c                . = ALIGN (0x4)

.ARM            0x000000000800401c        0x0
                0x000000000800401c                . = ALIGN (0x4)
                0x000000000800401c                __exidx_start = .
 *(.ARM.exidx*)
                0x000000000800401c                __exidx_end = .
                0x000000000800401c                . = ALIGN (0x4)

.preinit_array  0x000000000800401c        0x0
                0x000000000800401c                . = ALIGN (0x4)
                0x000000000800401c                PROVIDE (__preinit_array_start = .)
 *(.preinit_array*)
                0x000000000800401c                PROVIDE (__preinit_array_end = .)
                0x000000000800401c                . = ALIGN (0x4)

.init_array     0x000000000800401c        0x4
                0x000000000800401c                . = ALIGN (0x4)
                0x000000000800401c                PROVIDE (__init_array_start = .)
 *(SORT_BY_NAME(.init_array.*))
 *(.init_array*)
 .init_array    0x000000000800401c        0x4 c:/st/stm32cubeide_1.4.0/stm32cubeide/plugins/com.st.stm32cube.ide.mcu.externaltools.gnu-tools-for-stm32.7-2018-q2-update.win32_1.4.0.202007081208/tools/bin/../lib/gcc/arm-none-eabi/7.3.1/thumb/v7-m/crtbegin.o
                0x0000000008004020                PROVIDE (__init_array_end = .)
                0x0000000008004020                . = ALIGN (0x4)

.fini_array     0x0000000008004020        0x4
                0x0000000008004020                . = ALIGN (0x4)
                [!provide]                        PROVIDE (__fini_array_start = .)
 *(SORT_BY_NAME(.fini_array.*))
 *(.fini_array*)
 .fini_array    0x0000000008004020        0x4 c:/st/stm32cubeide_1.4.0/stm32cubeide/plugins/com.st.stm32cube.ide.mcu.externaltools.gnu-tools-for-stm32.7-2018-q2-update.win32_1.4.0.202007081208/tools/bin/../lib/gcc/arm-none-eabi/7.3.1/thumb/v7-m/crtbegin.o
                [!provide]                        PROVIDE (__fini_array_end = .)
                0x0000000008004024                . = ALIGN (0x4)
                0x0000000008004024                _sidata = LOADADDR (.data)

.data           0x0000000020000000       0x24 load address 0x0000000008004024
                0x0000000020000000                . = ALIGN (0x4)
                0x0000000020000000                _sdata = .
 *(.data)
 *(.data*)
 .data.ACC_State
                0x0000000020000000        0x1 Core/Src/main.o
                0x0000000020000000                ACC_State
 *fill*         0x0000000020000001        0x1 
 .data.SAFE_DISTANCE
                0x0000000020000002        0x2 Core/Src/main.o
                0x0000000020000002                SAFE_DISTANCE
 .data.EGO_SET_SPEED
                0x0000000020000004        0x1 Core/Src/main.o
                0x0000000020000004                EGO_SET_SPEED
 *fill*         0x0000000020000005        0x3 
 .data.Data     0x0000000020000008        0x8 Core/Src/main.o
                0x0000000020000008                Data
 .data.DataRX   0x0000000020000010        0x8 Core/Src/main.o
                0x0000000020000010                DataRX
 .data.SystemCoreClock
                0x0000000020000018        0x4 Core/Src/system_stm32f1xx.o
                0x0000000020000018                SystemCoreClock
 .data.uwTickPrio
                0x000000002000001c        0x4 Drivers/STM32F1xx_HAL_Driver/Src/stm32f1xx_hal.o
                0x000000002000001c                uwTickPrio
 .data.uwTickFreq
                0x0000000020000020        0x1 Drivers/STM32F1xx_HAL_Driver/Src/stm32f1xx_hal.o
                0x0000000020000020                uwTickFreq
 *(.RamFunc)
 *(.RamFunc*)
                0x0000000020000024                . = ALIGN (0x4)
 *fill*         0x0000000020000021        0x3 
                0x0000000020000024                _edata = .

.igot.plt       0x0000000020000024        0x0 load address 0x0000000008004048
 .igot.plt      0x0000000020000024        0x0 c:/st/stm32cubeide_1.4.0/stm32cubeide/plugins/com.st.stm32cube.ide.mcu.externaltools.gnu-tools-for-stm32.7-2018-q2-update.win32_1.4.0.202007081208/tools/bin/../lib/gcc/arm-none-eabi/7.3.1/thumb/v7-m/crtbegin.o
                0x0000000020000024                . = ALIGN (0x4)

.bss            0x0000000020000024      0x574 load address 0x0000000008004048
                0x0000000020000024                _sbss = .
                0x0000000020000024                __bss_start__ = _sbss
 *(.bss)
 .bss           0x0000000020000024       0x1c c:/st/stm32cubeide_1.4.0/stm32cubeide/plugins/com.st.stm32cube.ide.mcu.externaltools.gnu-tools-for-stm32.7-2018-q2-update.win32_1.4.0.202007081208/tools/bin/../lib/gcc/arm-none-eabi/7.3.1/thumb/v7-m/crtbegin.o
 *(.bss*)
 .bss.Value1    0x0000000020000040        0x4 Core/Src/main.o
                0x0000000020000040                Value1
 .bss.Value2    0x0000000020000044        0x4 Core/Src/main.o
                0x0000000020000044                Value2
 .bss.Distance  0x0000000020000048        0x4 Core/Src/main.o
                0x0000000020000048                Distance
 *(COMMON)
 COMMON         0x000000002000004c        0x1 Core/Src/CortexMX_OS_porting.o
                0x000000002000004c                SysTickLED
 *fill*         0x000000002000004d        0x3 
 COMMON         0x0000000020000050      0x398 Core/Src/Scheduler.o
                0x0000000020000050                OS_Control
                0x00000000200001fc                Ready_QUEUE
                0x0000000020000210                MYRTOS_idleTask
                0x0000000020000254                IdleTaskLed
                0x0000000020000258                Ready_QUEUE_FIFO
 COMMON         0x00000000200003e8      0x1a9 Core/Src/main.o
                0x00000000200003e8                Task4
                0x000000002000042c                RX_DLC
                0x0000000020000430                Parmeters
                0x0000000020000438                flag
                0x000000002000043c                pMillis
                0x0000000020000440                hcan
                0x0000000020000468                CURRENT_DISTANCE
                0x000000002000046c                Task1
                0x00000000200004b0                Task4LED
                0x00000000200004b4                EGO_SPEED
                0x00000000200004b8                RX_ID
                0x00000000200004ba                Task2LED
                0x00000000200004bc                Task3
                0x0000000020000500                htim1
                0x0000000020000548                Task1LED
                0x000000002000054c                Task2
                0x0000000020000590                Task3LED
 *fill*         0x0000000020000591        0x3 
 COMMON         0x0000000020000594        0x4 Drivers/STM32F1xx_HAL_Driver/Src/stm32f1xx_hal.o
                0x0000000020000594                uwTick
                0x0000000020000598                . = ALIGN (0x4)
                0x0000000020000598                _ebss = .
                0x0000000020000598                __bss_end__ = _ebss

._user_heap_stack
                0x0000000020000598      0x200 load address 0x0000000008004048
                0x0000000020000598                . = ALIGN (0x8)
                [!provide]                        PROVIDE (end = .)
                0x0000000020000598                PROVIDE (_end = .)
                0x0000000020000798                . = (. + _Min_Heap_Size)
 *fill*         0x0000000020000598      0x200 
                0x0000000020000798                . = ALIGN (0x8)
                0x0000000020000798                _eheap = .

/DISCARD/
 libc.a(*)
 libm.a(*)
 libgcc.a(*)

.ARM.attributes
                0x0000000000000000       0x29
 *(.ARM.attributes)
 .ARM.attributes
                0x0000000000000000       0x1d c:/st/stm32cubeide_1.4.0/stm32cubeide/plugins/com.st.stm32cube.ide.mcu.externaltools.gnu-tools-for-stm32.7-2018-q2-update.win32_1.4.0.202007081208/tools/bin/../lib/gcc/arm-none-eabi/7.3.1/thumb/v7-m/crti.o
 .ARM.attributes
                0x000000000000001d       0x2d c:/st/stm32cubeide_1.4.0/stm32cubeide/plugins/com.st.stm32cube.ide.mcu.externaltools.gnu-tools-for-stm32.7-2018-q2-update.win32_1.4.0.202007081208/tools/bin/../lib/gcc/arm-none-eabi/7.3.1/thumb/v7-m/crtbegin.o
 .ARM.attributes
                0x000000000000004a       0x33 Core/Src/CortexMX_OS_porting.o
 .ARM.attributes
                0x000000000000007d       0x33 Core/Src/DistanceToSpeed.o
 .ARM.attributes
                0x00000000000000b0       0x33 Core/Src/MYRTOS_FIFO.o
 .ARM.attributes
                0x00000000000000e3       0x33 Core/Src/Scheduler.o
 .ARM.attributes
                0x0000000000000116       0x33 Core/Src/SysTick.o
 .ARM.attributes
                0x0000000000000149       0x33 Core/Src/main.o
 .ARM.attributes
                0x000000000000017c       0x33 Core/Src/stm32f1xx_hal_msp.o
 .ARM.attributes
                0x00000000000001af       0x33 Core/Src/stm32f1xx_it.o
 .ARM.attributes
                0x00000000000001e2       0x33 Core/Src/system_stm32f1xx.o
 .ARM.attributes
                0x0000000000000215       0x21 Core/Startup/startup_stm32f103c8tx.o
 .ARM.attributes
                0x0000000000000236       0x33 Drivers/STM32F1xx_HAL_Driver/Src/stm32f1xx_hal.o
 .ARM.attributes
                0x0000000000000269       0x33 Drivers/STM32F1xx_HAL_Driver/Src/stm32f1xx_hal_can.o
 .ARM.attributes
                0x000000000000029c       0x33 Drivers/STM32F1xx_HAL_Driver/Src/stm32f1xx_hal_cortex.o
 .ARM.attributes
                0x00000000000002cf       0x33 Drivers/STM32F1xx_HAL_Driver/Src/stm32f1xx_hal_gpio.o
 .ARM.attributes
                0x0000000000000302       0x33 Drivers/STM32F1xx_HAL_Driver/Src/stm32f1xx_hal_rcc.o
 .ARM.attributes
                0x0000000000000335       0x33 Drivers/STM32F1xx_HAL_Driver/Src/stm32f1xx_hal_tim.o
 .ARM.attributes
                0x0000000000000368       0x33 Drivers/STM32F1xx_HAL_Driver/Src/stm32f1xx_hal_tim_ex.o
 .ARM.attributes
                0x000000000000039b       0x2d c:/st/stm32cubeide_1.4.0/stm32cubeide/plugins/com.st.stm32cube.ide.mcu.externaltools.gnu-tools-for-stm32.7-2018-q2-update.win32_1.4.0.202007081208/tools/bin/../lib/gcc/arm-none-eabi/7.3.1/../../../../arm-none-eabi/lib/thumb/v7-m\libc_nano.a(lib_a-init.o)
 .ARM.attributes
                0x00000000000003c8       0x2d c:/st/stm32cubeide_1.4.0/stm32cubeide/plugins/com.st.stm32cube.ide.mcu.externaltools.gnu-tools-for-stm32.7-2018-q2-update.win32_1.4.0.202007081208/tools/bin/../lib/gcc/arm-none-eabi/7.3.1/../../../../arm-none-eabi/lib/thumb/v7-m\libc_nano.a(lib_a-memset.o)
 .ARM.attributes
                0x00000000000003f5       0x1b c:/st/stm32cubeide_1.4.0/stm32cubeide/plugins/com.st.stm32cube.ide.mcu.externaltools.gnu-tools-for-stm32.7-2018-q2-update.win32_1.4.0.202007081208/tools/bin/../lib/gcc/arm-none-eabi/7.3.1/../../../../arm-none-eabi/lib/thumb/v7-m\libc_nano.a(lib_a-strcmp.o)
 .ARM.attributes
                0x0000000000000410       0x1d c:/st/stm32cubeide_1.4.0/stm32cubeide/plugins/com.st.stm32cube.ide.mcu.externaltools.gnu-tools-for-stm32.7-2018-q2-update.win32_1.4.0.202007081208/tools/bin/../lib/gcc/arm-none-eabi/7.3.1/thumb/v7-m\libgcc.a(_arm_addsubdf3.o)
 .ARM.attributes
                0x000000000000042d       0x1d c:/st/stm32cubeide_1.4.0/stm32cubeide/plugins/com.st.stm32cube.ide.mcu.externaltools.gnu-tools-for-stm32.7-2018-q2-update.win32_1.4.0.202007081208/tools/bin/../lib/gcc/arm-none-eabi/7.3.1/thumb/v7-m\libgcc.a(_arm_muldivdf3.o)
 .ARM.attributes
                0x000000000000044a       0x1d c:/st/stm32cubeide_1.4.0/stm32cubeide/plugins/com.st.stm32cube.ide.mcu.externaltools.gnu-tools-for-stm32.7-2018-q2-update.win32_1.4.0.202007081208/tools/bin/../lib/gcc/arm-none-eabi/7.3.1/thumb/v7-m\libgcc.a(_arm_fixunsdfsi.o)
 .ARM.attributes
                0x0000000000000467       0x1d c:/st/stm32cubeide_1.4.0/stm32cubeide/plugins/com.st.stm32cube.ide.mcu.externaltools.gnu-tools-for-stm32.7-2018-q2-update.win32_1.4.0.202007081208/tools/bin/../lib/gcc/arm-none-eabi/7.3.1/thumb/v7-m\libgcc.a(_arm_addsubsf3.o)
 .ARM.attributes
                0x0000000000000484       0x1d c:/st/stm32cubeide_1.4.0/stm32cubeide/plugins/com.st.stm32cube.ide.mcu.externaltools.gnu-tools-for-stm32.7-2018-q2-update.win32_1.4.0.202007081208/tools/bin/../lib/gcc/arm-none-eabi/7.3.1/thumb/v7-m\libgcc.a(_arm_fixunssfsi.o)
 .ARM.attributes
                0x00000000000004a1       0x1d c:/st/stm32cubeide_1.4.0/stm32cubeide/plugins/com.st.stm32cube.ide.mcu.externaltools.gnu-tools-for-stm32.7-2018-q2-update.win32_1.4.0.202007081208/tools/bin/../lib/gcc/arm-none-eabi/7.3.1/thumb/v7-m/crtn.o
OUTPUT(Final_GP_V22.elf elf32-littlearm)

.debug_info     0x0000000000000000     0xbff4
 .debug_info    0x0000000000000000      0x6b8 Core/Src/CortexMX_OS_porting.o
 .debug_info    0x00000000000006b8      0x12a Core/Src/DistanceToSpeed.o
 .debug_info    0x00000000000007e2      0xb2d Core/Src/MYRTOS_FIFO.o
 .debug_info    0x000000000000130f      0xefe Core/Src/Scheduler.o
 .debug_info    0x000000000000220d       0xa8 Core/Src/SysTick.o
 .debug_info    0x00000000000022b5     0x1a70 Core/Src/main.o
 .debug_info    0x0000000000003d25      0xe8b Core/Src/stm32f1xx_hal_msp.o
 .debug_info    0x0000000000004bb0      0x540 Core/Src/stm32f1xx_it.o
 .debug_info    0x00000000000050f0      0x29a Core/Src/system_stm32f1xx.o
 .debug_info    0x000000000000538a       0x22 Core/Startup/startup_stm32f103c8tx.o
 .debug_info    0x00000000000053ac      0x714 Drivers/STM32F1xx_HAL_Driver/Src/stm32f1xx_hal.o
 .debug_info    0x0000000000005ac0      0xf9d Drivers/STM32F1xx_HAL_Driver/Src/stm32f1xx_hal_can.o
 .debug_info    0x0000000000006a5d      0xb51 Drivers/STM32F1xx_HAL_Driver/Src/stm32f1xx_hal_cortex.o
 .debug_info    0x00000000000075ae      0x69b Drivers/STM32F1xx_HAL_Driver/Src/stm32f1xx_hal_gpio.o
 .debug_info    0x0000000000007c49      0x80f Drivers/STM32F1xx_HAL_Driver/Src/stm32f1xx_hal_rcc.o
 .debug_info    0x0000000000008458     0x27f1 Drivers/STM32F1xx_HAL_Driver/Src/stm32f1xx_hal_tim.o
 .debug_info    0x000000000000ac49     0x13ab Drivers/STM32F1xx_HAL_Driver/Src/stm32f1xx_hal_tim_ex.o

.debug_abbrev   0x0000000000000000     0x1e64
 .debug_abbrev  0x0000000000000000      0x1e2 Core/Src/CortexMX_OS_porting.o
 .debug_abbrev  0x00000000000001e2       0x99 Core/Src/DistanceToSpeed.o
 .debug_abbrev  0x000000000000027b      0x1d5 Core/Src/MYRTOS_FIFO.o
 .debug_abbrev  0x0000000000000450      0x32d Core/Src/Scheduler.o
 .debug_abbrev  0x000000000000077d       0x50 Core/Src/SysTick.o
 .debug_abbrev  0x00000000000007cd      0x30c Core/Src/main.o
 .debug_abbrev  0x0000000000000ad9      0x1fa Core/Src/stm32f1xx_hal_msp.o
 .debug_abbrev  0x0000000000000cd3      0x138 Core/Src/stm32f1xx_it.o
 .debug_abbrev  0x0000000000000e0b      0x134 Core/Src/system_stm32f1xx.o
 .debug_abbrev  0x0000000000000f3f       0x12 Core/Startup/startup_stm32f103c8tx.o
 .debug_abbrev  0x0000000000000f51      0x1c7 Drivers/STM32F1xx_HAL_Driver/Src/stm32f1xx_hal.o
 .debug_abbrev  0x0000000000001118      0x20e Drivers/STM32F1xx_HAL_Driver/Src/stm32f1xx_hal_can.o
 .debug_abbrev  0x0000000000001326      0x2d5 Drivers/STM32F1xx_HAL_Driver/Src/stm32f1xx_hal_cortex.o
 .debug_abbrev  0x00000000000015fb      0x1c0 Drivers/STM32F1xx_HAL_Driver/Src/stm32f1xx_hal_gpio.o
 .debug_abbrev  0x00000000000017bb      0x243 Drivers/STM32F1xx_HAL_Driver/Src/stm32f1xx_hal_rcc.o
 .debug_abbrev  0x00000000000019fe      0x230 Drivers/STM32F1xx_HAL_Driver/Src/stm32f1xx_hal_tim.o
 .debug_abbrev  0x0000000000001c2e      0x236 Drivers/STM32F1xx_HAL_Driver/Src/stm32f1xx_hal_tim_ex.o

.debug_aranges  0x0000000000000000      0xc48
 .debug_aranges
                0x0000000000000000       0x70 Core/Src/CortexMX_OS_porting.o
 .debug_aranges
                0x0000000000000070       0x20 Core/Src/DistanceToSpeed.o
 .debug_aranges
                0x0000000000000090       0x40 Core/Src/MYRTOS_FIFO.o
 .debug_aranges
                0x00000000000000d0       0xa8 Core/Src/Scheduler.o
 .debug_aranges
                0x0000000000000178       0x28 Core/Src/SysTick.o
 .debug_aranges
                0x00000000000001a0       0xb0 Core/Src/main.o
 .debug_aranges
                0x0000000000000250       0x40 Core/Src/stm32f1xx_hal_msp.o
 .debug_aranges
                0x0000000000000290       0x30 Core/Src/stm32f1xx_it.o
 .debug_aranges
                0x00000000000002c0       0x28 Core/Src/system_stm32f1xx.o
 .debug_aranges
                0x00000000000002e8       0x28 Core/Startup/startup_stm32f103c8tx.o
 .debug_aranges
                0x0000000000000310       0xe0 Drivers/STM32F1xx_HAL_Driver/Src/stm32f1xx_hal.o
 .debug_aranges
                0x00000000000003f0      0x138 Drivers/STM32F1xx_HAL_Driver/Src/stm32f1xx_hal_can.o
 .debug_aranges
                0x0000000000000528      0x100 Drivers/STM32F1xx_HAL_Driver/Src/stm32f1xx_hal_cortex.o
 .debug_aranges
                0x0000000000000628       0x58 Drivers/STM32F1xx_HAL_Driver/Src/stm32f1xx_hal_gpio.o
 .debug_aranges
                0x0000000000000680       0x90 Drivers/STM32F1xx_HAL_Driver/Src/stm32f1xx_hal_rcc.o
 .debug_aranges
                0x0000000000000710      0x3d0 Drivers/STM32F1xx_HAL_Driver/Src/stm32f1xx_hal_tim.o
 .debug_aranges
                0x0000000000000ae0      0x168 Drivers/STM32F1xx_HAL_Driver/Src/stm32f1xx_hal_tim_ex.o

.debug_ranges   0x0000000000000000      0xb40
 .debug_ranges  0x0000000000000000       0x60 Core/Src/CortexMX_OS_porting.o
 .debug_ranges  0x0000000000000060       0x10 Core/Src/DistanceToSpeed.o
 .debug_ranges  0x0000000000000070       0x30 Core/Src/MYRTOS_FIFO.o
 .debug_ranges  0x00000000000000a0       0x98 Core/Src/Scheduler.o
 .debug_ranges  0x0000000000000138       0x18 Core/Src/SysTick.o
 .debug_ranges  0x0000000000000150       0xa0 Core/Src/main.o
 .debug_ranges  0x00000000000001f0       0x30 Core/Src/stm32f1xx_hal_msp.o
 .debug_ranges  0x0000000000000220       0x20 Core/Src/stm32f1xx_it.o
 .debug_ranges  0x0000000000000240       0x18 Core/Src/system_stm32f1xx.o
 .debug_ranges  0x0000000000000258       0x20 Core/Startup/startup_stm32f103c8tx.o
 .debug_ranges  0x0000000000000278       0xd0 Drivers/STM32F1xx_HAL_Driver/Src/stm32f1xx_hal.o
 .debug_ranges  0x0000000000000348      0x128 Drivers/STM32F1xx_HAL_Driver/Src/stm32f1xx_hal_can.o
 .debug_ranges  0x0000000000000470       0xf0 Drivers/STM32F1xx_HAL_Driver/Src/stm32f1xx_hal_cortex.o
 .debug_ranges  0x0000000000000560       0x48 Drivers/STM32F1xx_HAL_Driver/Src/stm32f1xx_hal_gpio.o
 .debug_ranges  0x00000000000005a8       0x80 Drivers/STM32F1xx_HAL_Driver/Src/stm32f1xx_hal_rcc.o
 .debug_ranges  0x0000000000000628      0x3c0 Drivers/STM32F1xx_HAL_Driver/Src/stm32f1xx_hal_tim.o
 .debug_ranges  0x00000000000009e8      0x158 Drivers/STM32F1xx_HAL_Driver/Src/stm32f1xx_hal_tim_ex.o

.debug_macro    0x0000000000000000    0x17e79
 .debug_macro   0x0000000000000000       0xc3 Core/Src/CortexMX_OS_porting.o
 .debug_macro   0x00000000000000c3      0xa5a Core/Src/CortexMX_OS_porting.o
 .debug_macro   0x0000000000000b1d       0x34 Core/Src/CortexMX_OS_porting.o
 .debug_macro   0x0000000000000b51       0x22 Core/Src/CortexMX_OS_porting.o
 .debug_macro   0x0000000000000b73       0x22 Core/Src/CortexMX_OS_porting.o
 .debug_macro   0x0000000000000b95       0x8e Core/Src/CortexMX_OS_porting.o
 .debug_macro   0x0000000000000c23       0x51 Core/Src/CortexMX_OS_porting.o
 .debug_macro   0x0000000000000c74       0xef Core/Src/CortexMX_OS_porting.o
 .debug_macro   0x0000000000000d63       0x6a Core/Src/CortexMX_OS_porting.o
 .debug_macro   0x0000000000000dcd      0x1df Core/Src/CortexMX_OS_porting.o
 .debug_macro   0x0000000000000fac       0x1c Core/Src/CortexMX_OS_porting.o
 .debug_macro   0x0000000000000fc8       0x22 Core/Src/CortexMX_OS_porting.o
 .debug_macro   0x0000000000000fea       0xc3 Core/Src/CortexMX_OS_porting.o
 .debug_macro   0x00000000000010ad      0xd23 Core/Src/CortexMX_OS_porting.o
 .debug_macro   0x0000000000001dd0     0xe09e Core/Src/CortexMX_OS_porting.o
 .debug_macro   0x000000000000fe6e       0x34 Core/Src/CortexMX_OS_porting.o
 .debug_macro   0x000000000000fea2       0x73 Core/Src/DistanceToSpeed.o
 .debug_macro   0x000000000000ff15      0x1e1 Core/Src/MYRTOS_FIFO.o
 .debug_macro   0x00000000000100f6       0x40 Core/Src/MYRTOS_FIFO.o
 .debug_macro   0x0000000000010136       0x18 Core/Src/MYRTOS_FIFO.o
 .debug_macro   0x000000000001014e       0x94 Core/Src/MYRTOS_FIFO.o
 .debug_macro   0x00000000000101e2       0x3c Core/Src/MYRTOS_FIFO.o
 .debug_macro   0x000000000001021e       0x34 Core/Src/MYRTOS_FIFO.o
 .debug_macro   0x0000000000010252       0x16 Core/Src/MYRTOS_FIFO.o
 .debug_macro   0x0000000000010268       0x57 Core/Src/MYRTOS_FIFO.o
 .debug_macro   0x00000000000102bf       0x97 Core/Src/MYRTOS_FIFO.o
 .debug_macro   0x0000000000010356      0x330 Core/Src/MYRTOS_FIFO.o
 .debug_macro   0x0000000000010686       0xfd Core/Src/MYRTOS_FIFO.o
 .debug_macro   0x0000000000010783       0x10 Core/Src/MYRTOS_FIFO.o
 .debug_macro   0x0000000000010793       0x52 Core/Src/MYRTOS_FIFO.o
 .debug_macro   0x00000000000107e5       0x1f Core/Src/MYRTOS_FIFO.o
 .debug_macro   0x0000000000010804       0x43 Core/Src/MYRTOS_FIFO.o
 .debug_macro   0x0000000000010847       0x20 Core/Src/MYRTOS_FIFO.o
 .debug_macro   0x0000000000010867      0x1a3 Core/Src/MYRTOS_FIFO.o
 .debug_macro   0x0000000000010a0a       0x10 Core/Src/MYRTOS_FIFO.o
 .debug_macro   0x0000000000010a1a       0x1c Core/Src/MYRTOS_FIFO.o
 .debug_macro   0x0000000000010a36       0x52 Core/Src/MYRTOS_FIFO.o
 .debug_macro   0x0000000000010a88       0x40 Core/Src/MYRTOS_FIFO.o
 .debug_macro   0x0000000000010ac8       0x10 Core/Src/MYRTOS_FIFO.o
 .debug_macro   0x0000000000010ad8       0x40 Core/Src/MYRTOS_FIFO.o
 .debug_macro   0x0000000000010b18       0xd7 Core/Src/MYRTOS_FIFO.o
 .debug_macro   0x0000000000010bef       0x1c Core/Src/MYRTOS_FIFO.o
 .debug_macro   0x0000000000010c0b       0x3d Core/Src/MYRTOS_FIFO.o
 .debug_macro   0x0000000000010c48       0x16 Core/Src/MYRTOS_FIFO.o
 .debug_macro   0x0000000000010c5e      0x145 Core/Src/MYRTOS_FIFO.o
 .debug_macro   0x0000000000010da3      0x1e1 Core/Src/Scheduler.o
 .debug_macro   0x0000000000010f84       0x75 Core/Src/SysTick.o
 .debug_macro   0x0000000000010ff9       0x22 Core/Src/SysTick.o
 .debug_macro   0x000000000001101b      0x204 Core/Src/main.o
 .debug_macro   0x000000000001121f      0x21b Core/Src/main.o
 .debug_macro   0x000000000001143a       0x2e Core/Src/main.o
 .debug_macro   0x0000000000011468       0x6d Core/Src/main.o
 .debug_macro   0x00000000000114d5     0x3468 Core/Src/main.o
 .debug_macro   0x000000000001493d      0x174 Core/Src/main.o
 .debug_macro   0x0000000000014ab1       0x5c Core/Src/main.o
 .debug_macro   0x0000000000014b0d      0x5be Core/Src/main.o
 .debug_macro   0x00000000000150cb      0x289 Core/Src/main.o
 .debug_macro   0x0000000000015354      0x1cb Core/Src/main.o
 .debug_macro   0x000000000001551f      0x114 Core/Src/main.o
 .debug_macro   0x0000000000015633      0x1b2 Core/Src/main.o
 .debug_macro   0x00000000000157e5       0x27 Core/Src/main.o
 .debug_macro   0x000000000001580c      0x136 Core/Src/main.o
 .debug_macro   0x0000000000015942      0x1bc Core/Src/main.o
 .debug_macro   0x0000000000015afe       0x34 Core/Src/main.o
 .debug_macro   0x0000000000015b32       0x3c Core/Src/main.o
 .debug_macro   0x0000000000015b6e      0x408 Core/Src/main.o
 .debug_macro   0x0000000000015f76       0x57 Core/Src/main.o
 .debug_macro   0x0000000000015fcd       0x88 Core/Src/main.o
 .debug_macro   0x0000000000016055      0x241 Core/Src/main.o
 .debug_macro   0x0000000000016296      0x141 Core/Src/main.o
 .debug_macro   0x00000000000163d7      0x8d1 Core/Src/main.o
 .debug_macro   0x0000000000016ca8       0x83 Core/Src/main.o
 .debug_macro   0x0000000000016d2b      0x1b1 Core/Src/stm32f1xx_hal_msp.o
 .debug_macro   0x0000000000016edc      0x1bb Core/Src/stm32f1xx_it.o
 .debug_macro   0x0000000000017097      0x1a7 Core/Src/system_stm32f1xx.o
 .debug_macro   0x000000000001723e      0x1cb Drivers/STM32F1xx_HAL_Driver/Src/stm32f1xx_hal.o
 .debug_macro   0x0000000000017409      0x1af Drivers/STM32F1xx_HAL_Driver/Src/stm32f1xx_hal_can.o
 .debug_macro   0x00000000000175b8      0x1a7 Drivers/STM32F1xx_HAL_Driver/Src/stm32f1xx_hal_cortex.o
 .debug_macro   0x000000000001775f      0x212 Drivers/STM32F1xx_HAL_Driver/Src/stm32f1xx_hal_gpio.o
 .debug_macro   0x0000000000017971      0x1b9 Drivers/STM32F1xx_HAL_Driver/Src/stm32f1xx_hal_rcc.o
 .debug_macro   0x0000000000017b2a      0x1a8 Drivers/STM32F1xx_HAL_Driver/Src/stm32f1xx_hal_tim.o
 .debug_macro   0x0000000000017cd2      0x1a7 Drivers/STM32F1xx_HAL_Driver/Src/stm32f1xx_hal_tim_ex.o

.debug_line     0x0000000000000000     0xa30f
 .debug_line    0x0000000000000000      0x5c4 Core/Src/CortexMX_OS_porting.o
 .debug_line    0x00000000000005c4      0x3a7 Core/Src/DistanceToSpeed.o
 .debug_line    0x000000000000096b      0x629 Core/Src/MYRTOS_FIFO.o
 .debug_line    0x0000000000000f94      0x7fe Core/Src/Scheduler.o
 .debug_line    0x0000000000001792      0x3b4 Core/Src/SysTick.o
 .debug_line    0x0000000000001b46      0xa69 Core/Src/main.o
 .debug_line    0x00000000000025af      0x7d3 Core/Src/stm32f1xx_hal_msp.o
 .debug_line    0x0000000000002d82      0x7a2 Core/Src/stm32f1xx_it.o
 .debug_line    0x0000000000003524      0x79a Core/Src/system_stm32f1xx.o
 .debug_line    0x0000000000003cbe       0x87 Core/Startup/startup_stm32f103c8tx.o
 .debug_line    0x0000000000003d45      0x94d Drivers/STM32F1xx_HAL_Driver/Src/stm32f1xx_hal.o
 .debug_line    0x0000000000004692      0xc1b Drivers/STM32F1xx_HAL_Driver/Src/stm32f1xx_hal_can.o
 .debug_line    0x00000000000052ad      0xa24 Drivers/STM32F1xx_HAL_Driver/Src/stm32f1xx_hal_cortex.o
 .debug_line    0x0000000000005cd1      0x949 Drivers/STM32F1xx_HAL_Driver/Src/stm32f1xx_hal_gpio.o
 .debug_line    0x000000000000661a      0xa0d Drivers/STM32F1xx_HAL_Driver/Src/stm32f1xx_hal_rcc.o
 .debug_line    0x0000000000007027     0x20a6 Drivers/STM32F1xx_HAL_Driver/Src/stm32f1xx_hal_tim.o
 .debug_line    0x00000000000090cd     0x1242 Drivers/STM32F1xx_HAL_Driver/Src/stm32f1xx_hal_tim_ex.o

.debug_str      0x0000000000000000    0x8b428
 .debug_str     0x0000000000000000    0x543ff Core/Src/CortexMX_OS_porting.o
                                      0x546c4 (size before relaxing)
 .debug_str     0x00000000000543ff       0xec Core/Src/DistanceToSpeed.o
                                       0x3cce (size before relaxing)
 .debug_str     0x00000000000544eb     0x44d3 Core/Src/MYRTOS_FIFO.o
                                       0x8436 (size before relaxing)
 .debug_str     0x00000000000589be      0x343 Core/Src/Scheduler.o
                                       0x8740 (size before relaxing)
 .debug_str     0x0000000000058d01       0xf7 Core/Src/SysTick.o
                                       0x3dd8 (size before relaxing)
 .debug_str     0x0000000000058df8    0x3034f Core/Src/main.o
                                      0x84e9a (size before relaxing)
 .debug_str     0x0000000000089147       0xa8 Core/Src/stm32f1xx_hal_msp.o
                                      0x84420 (size before relaxing)
 .debug_str     0x00000000000891ef       0x41 Core/Src/stm32f1xx_it.o
                                      0x83bf5 (size before relaxing)
 .debug_str     0x0000000000089230       0x52 Core/Src/system_stm32f1xx.o
                                      0x8396d (size before relaxing)
 .debug_str     0x0000000000089282       0x36 Core/Startup/startup_stm32f103c8tx.o
                                         0x7e (size before relaxing)
 .debug_str     0x00000000000892b8      0x2ec Drivers/STM32F1xx_HAL_Driver/Src/stm32f1xx_hal.o
                                      0x83ffe (size before relaxing)
 .debug_str     0x00000000000895a4      0x429 Drivers/STM32F1xx_HAL_Driver/Src/stm32f1xx_hal_can.o
                                      0x8418d (size before relaxing)
 .debug_str     0x00000000000899cd      0x22b Drivers/STM32F1xx_HAL_Driver/Src/stm32f1xx_hal_cortex.o
                                      0x84006 (size before relaxing)
 .debug_str     0x0000000000089bf8      0x302 Drivers/STM32F1xx_HAL_Driver/Src/stm32f1xx_hal_gpio.o
                                      0x83d31 (size before relaxing)
 .debug_str     0x0000000000089efa      0x24f Drivers/STM32F1xx_HAL_Driver/Src/stm32f1xx_hal_rcc.o
                                      0x83d6a (size before relaxing)
 .debug_str     0x000000000008a149      0xdf1 Drivers/STM32F1xx_HAL_Driver/Src/stm32f1xx_hal_tim.o
                                      0x84d3c (size before relaxing)
 .debug_str     0x000000000008af3a      0x4ee Drivers/STM32F1xx_HAL_Driver/Src/stm32f1xx_hal_tim_ex.o
                                      0x844ed (size before relaxing)

.comment        0x0000000000000000       0x7b
 .comment       0x0000000000000000       0x7b Core/Src/CortexMX_OS_porting.o
                                         0x7c (size before relaxing)
 .comment       0x000000000000007b       0x7c Core/Src/DistanceToSpeed.o
 .comment       0x000000000000007b       0x7c Core/Src/MYRTOS_FIFO.o
 .comment       0x000000000000007b       0x7c Core/Src/Scheduler.o
 .comment       0x000000000000007b       0x7c Core/Src/SysTick.o
 .comment       0x000000000000007b       0x7c Core/Src/main.o
 .comment       0x000000000000007b       0x7c Core/Src/stm32f1xx_hal_msp.o
 .comment       0x000000000000007b       0x7c Core/Src/stm32f1xx_it.o
 .comment       0x000000000000007b       0x7c Core/Src/system_stm32f1xx.o
 .comment       0x000000000000007b       0x7c Drivers/STM32F1xx_HAL_Driver/Src/stm32f1xx_hal.o
 .comment       0x000000000000007b       0x7c Drivers/STM32F1xx_HAL_Driver/Src/stm32f1xx_hal_can.o
 .comment       0x000000000000007b       0x7c Drivers/STM32F1xx_HAL_Driver/Src/stm32f1xx_hal_cortex.o
 .comment       0x000000000000007b       0x7c Drivers/STM32F1xx_HAL_Driver/Src/stm32f1xx_hal_gpio.o
 .comment       0x000000000000007b       0x7c Drivers/STM32F1xx_HAL_Driver/Src/stm32f1xx_hal_rcc.o
 .comment       0x000000000000007b       0x7c Drivers/STM32F1xx_HAL_Driver/Src/stm32f1xx_hal_tim.o
 .comment       0x000000000000007b       0x7c Drivers/STM32F1xx_HAL_Driver/Src/stm32f1xx_hal_tim_ex.o

.debug_frame    0x0000000000000000     0x337c
 .debug_frame   0x0000000000000000      0x144 Core/Src/CortexMX_OS_porting.o
 .debug_frame   0x0000000000000144       0x38 Core/Src/DistanceToSpeed.o
 .debug_frame   0x000000000000017c       0xd8 Core/Src/MYRTOS_FIFO.o
 .debug_frame   0x0000000000000254      0x270 Core/Src/Scheduler.o
 .debug_frame   0x00000000000004c4       0x50 Core/Src/SysTick.o
 .debug_frame   0x0000000000000514      0x28c Core/Src/main.o
 .debug_frame   0x00000000000007a0       0xd0 Core/Src/stm32f1xx_hal_msp.o
 .debug_frame   0x0000000000000870       0x64 Core/Src/stm32f1xx_it.o
 .debug_frame   0x00000000000008d4       0x58 Core/Src/system_stm32f1xx.o
 .debug_frame   0x000000000000092c      0x334 Drivers/STM32F1xx_HAL_Driver/Src/stm32f1xx_hal.o
 .debug_frame   0x0000000000000c60      0x5a0 Drivers/STM32F1xx_HAL_Driver/Src/stm32f1xx_hal_can.o
 .debug_frame   0x0000000000001200      0x428 Drivers/STM32F1xx_HAL_Driver/Src/stm32f1xx_hal_cortex.o
 .debug_frame   0x0000000000001628      0x14c Drivers/STM32F1xx_HAL_Driver/Src/stm32f1xx_hal_gpio.o
 .debug_frame   0x0000000000001774      0x21c Drivers/STM32F1xx_HAL_Driver/Src/stm32f1xx_hal_rcc.o
 .debug_frame   0x0000000000001990     0x11b8 Drivers/STM32F1xx_HAL_Driver/Src/stm32f1xx_hal_tim.o
 .debug_frame   0x0000000000002b48      0x638 Drivers/STM32F1xx_HAL_Driver/Src/stm32f1xx_hal_tim_ex.o
 .debug_frame   0x0000000000003180       0x2c c:/st/stm32cubeide_1.4.0/stm32cubeide/plugins/com.st.stm32cube.ide.mcu.externaltools.gnu-tools-for-stm32.7-2018-q2-update.win32_1.4.0.202007081208/tools/bin/../lib/gcc/arm-none-eabi/7.3.1/../../../../arm-none-eabi/lib/thumb/v7-m\libc_nano.a(lib_a-init.o)
 .debug_frame   0x00000000000031ac       0x20 c:/st/stm32cubeide_1.4.0/stm32cubeide/plugins/com.st.stm32cube.ide.mcu.externaltools.gnu-tools-for-stm32.7-2018-q2-update.win32_1.4.0.202007081208/tools/bin/../lib/gcc/arm-none-eabi/7.3.1/../../../../arm-none-eabi/lib/thumb/v7-m\libc_nano.a(lib_a-memset.o)
 .debug_frame   0x00000000000031cc       0x20 c:/st/stm32cubeide_1.4.0/stm32cubeide/plugins/com.st.stm32cube.ide.mcu.externaltools.gnu-tools-for-stm32.7-2018-q2-update.win32_1.4.0.202007081208/tools/bin/../lib/gcc/arm-none-eabi/7.3.1/../../../../arm-none-eabi/lib/thumb/v7-m\libc_nano.a(lib_a-strcmp.o)
 .debug_frame   0x00000000000031ec       0xac c:/st/stm32cubeide_1.4.0/stm32cubeide/plugins/com.st.stm32cube.ide.mcu.externaltools.gnu-tools-for-stm32.7-2018-q2-update.win32_1.4.0.202007081208/tools/bin/../lib/gcc/arm-none-eabi/7.3.1/thumb/v7-m\libgcc.a(_arm_addsubdf3.o)
 .debug_frame   0x0000000000003298       0x50 c:/st/stm32cubeide_1.4.0/stm32cubeide/plugins/com.st.stm32cube.ide.mcu.externaltools.gnu-tools-for-stm32.7-2018-q2-update.win32_1.4.0.202007081208/tools/bin/../lib/gcc/arm-none-eabi/7.3.1/thumb/v7-m\libgcc.a(_arm_muldivdf3.o)
 .debug_frame   0x00000000000032e8       0x24 c:/st/stm32cubeide_1.4.0/stm32cubeide/plugins/com.st.stm32cube.ide.mcu.externaltools.gnu-tools-for-stm32.7-2018-q2-update.win32_1.4.0.202007081208/tools/bin/../lib/gcc/arm-none-eabi/7.3.1/thumb/v7-m\libgcc.a(_arm_fixunsdfsi.o)
 .debug_frame   0x000000000000330c       0x4c c:/st/stm32cubeide_1.4.0/stm32cubeide/plugins/com.st.stm32cube.ide.mcu.externaltools.gnu-tools-for-stm32.7-2018-q2-update.win32_1.4.0.202007081208/tools/bin/../lib/gcc/arm-none-eabi/7.3.1/thumb/v7-m\libgcc.a(_arm_addsubsf3.o)
 .debug_frame   0x0000000000003358       0x24 c:/st/stm32cubeide_1.4.0/stm32cubeide/plugins/com.st.stm32cube.ide.mcu.externaltools.gnu-tools-for-stm32.7-2018-q2-update.win32_1.4.0.202007081208/tools/bin/../lib/gcc/arm-none-eabi/7.3.1/thumb/v7-m\libgcc.a(_arm_fixunssfsi.o)
