Archive member included to satisfy reference by file (symbol)

c:/st/stm32cubeide_1.4.0/stm32cubeide/plugins/com.st.stm32cube.ide.mcu.externaltools.gnu-tools-for-stm32.7-2018-q2-update.win32_1.4.0.202007081208/tools/bin/../lib/gcc/arm-none-eabi/7.3.1/../../../../arm-none-eabi/lib/thumb/v7-m\libc_nano.a(lib_a-errno.o)
                              Src/syscalls.o (__errno)
c:/st/stm32cubeide_1.4.0/stm32cubeide/plugins/com.st.stm32cube.ide.mcu.externaltools.gnu-tools-for-stm32.7-2018-q2-update.win32_1.4.0.202007081208/tools/bin/../lib/gcc/arm-none-eabi/7.3.1/../../../../arm-none-eabi/lib/thumb/v7-m\libc_nano.a(lib_a-exit.o)
                              c:/st/stm32cubeide_1.4.0/stm32cubeide/plugins/com.st.stm32cube.ide.mcu.externaltools.gnu-tools-for-stm32.7-2018-q2-update.win32_1.4.0.202007081208/tools/bin/../lib/gcc/arm-none-eabi/7.3.1/../../../../arm-none-eabi/lib/thumb/v7-m/crt0.o (exit)
c:/st/stm32cubeide_1.4.0/stm32cubeide/plugins/com.st.stm32cube.ide.mcu.externaltools.gnu-tools-for-stm32.7-2018-q2-update.win32_1.4.0.202007081208/tools/bin/../lib/gcc/arm-none-eabi/7.3.1/../../../../arm-none-eabi/lib/thumb/v7-m\libc_nano.a(lib_a-impure.o)
                              c:/st/stm32cubeide_1.4.0/stm32cubeide/plugins/com.st.stm32cube.ide.mcu.externaltools.gnu-tools-for-stm32.7-2018-q2-update.win32_1.4.0.202007081208/tools/bin/../lib/gcc/arm-none-eabi/7.3.1/../../../../arm-none-eabi/lib/thumb/v7-m\libc_nano.a(lib_a-exit.o) (_global_impure_ptr)
c:/st/stm32cubeide_1.4.0/stm32cubeide/plugins/com.st.stm32cube.ide.mcu.externaltools.gnu-tools-for-stm32.7-2018-q2-update.win32_1.4.0.202007081208/tools/bin/../lib/gcc/arm-none-eabi/7.3.1/../../../../arm-none-eabi/lib/thumb/v7-m\libc_nano.a(lib_a-init.o)
                              c:/st/stm32cubeide_1.4.0/stm32cubeide/plugins/com.st.stm32cube.ide.mcu.externaltools.gnu-tools-for-stm32.7-2018-q2-update.win32_1.4.0.202007081208/tools/bin/../lib/gcc/arm-none-eabi/7.3.1/../../../../arm-none-eabi/lib/thumb/v7-m/crt0.o (__libc_init_array)
c:/st/stm32cubeide_1.4.0/stm32cubeide/plugins/com.st.stm32cube.ide.mcu.externaltools.gnu-tools-for-stm32.7-2018-q2-update.win32_1.4.0.202007081208/tools/bin/../lib/gcc/arm-none-eabi/7.3.1/../../../../arm-none-eabi/lib/thumb/v7-m\libc_nano.a(lib_a-memset.o)
                              c:/st/stm32cubeide_1.4.0/stm32cubeide/plugins/com.st.stm32cube.ide.mcu.externaltools.gnu-tools-for-stm32.7-2018-q2-update.win32_1.4.0.202007081208/tools/bin/../lib/gcc/arm-none-eabi/7.3.1/../../../../arm-none-eabi/lib/thumb/v7-m/crt0.o (memset)
c:/st/stm32cubeide_1.4.0/stm32cubeide/plugins/com.st.stm32cube.ide.mcu.externaltools.gnu-tools-for-stm32.7-2018-q2-update.win32_1.4.0.202007081208/tools/bin/../lib/gcc/arm-none-eabi/7.3.1/../../../../arm-none-eabi/lib/thumb/v7-m\libc_nano.a(lib_a-strcmp.o)
                              MY_RTOS/Scheduler.o (strcmp)

Allocating common symbols
Common symbol       size              file

Global_SPI_Config2  0x18              Stm32_F103C6_Drivers/stm32f103x8_SPI_Drver.o
Task4               0x44              Src/main.o
SysTickLED          0x1               MY_RTOS/CortexMX_OS_porting.o
OS_Control          0x1ac             MY_RTOS/Scheduler.o
Task1               0x44              Src/main.o
Task4LED            0x1               Src/main.o
Ready_QUEUE         0x14              MY_RTOS/Scheduler.o
MYRTOS_idleTask     0x44              MY_RTOS/Scheduler.o
Task2LED            0x1               Src/main.o
Task3               0x44              Src/main.o
Task1LED            0x1               Src/main.o
PinCfg              0x4               HAL/lcd.o
Global_SPI_Config1  0x18              Stm32_F103C6_Drivers/stm32f103x8_SPI_Drver.o
Task2               0x44              Src/main.o
IdleTaskLed         0x1               MY_RTOS/Scheduler.o
GP_IRQ_CallBack     0x3c              Stm32_F103C6_Drivers/stm32f103x8_EXTI_driver.o
Ready_QUEUE_FIFO    0x190             MY_RTOS/Scheduler.o
Task3LED            0x1               Src/main.o

Discarded input sections

 .text          0x0000000000000000        0x0 c:/st/stm32cubeide_1.4.0/stm32cubeide/plugins/com.st.stm32cube.ide.mcu.externaltools.gnu-tools-for-stm32.7-2018-q2-update.win32_1.4.0.202007081208/tools/bin/../lib/gcc/arm-none-eabi/7.3.1/thumb/v7-m/crti.o
 .data          0x0000000000000000        0x0 c:/st/stm32cubeide_1.4.0/stm32cubeide/plugins/com.st.stm32cube.ide.mcu.externaltools.gnu-tools-for-stm32.7-2018-q2-update.win32_1.4.0.202007081208/tools/bin/../lib/gcc/arm-none-eabi/7.3.1/thumb/v7-m/crti.o
 .bss           0x0000000000000000        0x0 c:/st/stm32cubeide_1.4.0/stm32cubeide/plugins/com.st.stm32cube.ide.mcu.externaltools.gnu-tools-for-stm32.7-2018-q2-update.win32_1.4.0.202007081208/tools/bin/../lib/gcc/arm-none-eabi/7.3.1/thumb/v7-m/crti.o
[...]
Memory Configuration

Name             Origin             Length             Attributes
RAM              0x0000000020000000 0x0000000000005000 xrw
FLASH            0x0000000008000000 0x0000000000010000 xr
*default*        0x0000000000000000 0xffffffffffffffff

Linker script and memory map

LOAD c:/st/stm32cubeide_1.4.0/stm32cubeide/plugins/com.st.stm32cube.ide.mcu.externaltools.gnu-tools-for-stm32.7-2018-q2-update.win32_1.4.0.202007081208/tools/bin/../lib/gcc/arm-none-eabi/7.3.1/thumb/v7-m/crti.o
LOAD c:/st/stm32cubeide_1.4.0/stm32cubeide/plugins/com.st.stm32cube.ide.mcu.externaltools.gnu-tools-for-stm32.7-2018-q2-update.win32_1.4.0.202007081208/tools/bin/../lib/gcc/arm-none-eabi/7.3.1/thumb/v7-m/crtbegin.o
LOAD c:/st/stm32cubeide_1.4.0/stm32cubeide/plugins/com.st.stm32cube.ide.mcu.externaltools.gnu-tools-for-stm32.7-2018-q2-update.win32_1.4.0.202007081208/tools/bin/../lib/gcc/arm-none-eabi/7.3.1/../../../../arm-none-eabi/lib/thumb/v7-m/crt0.o
LOAD HAL/I2C_Slave_EEPROM.o
LOAD HAL/keypad.o
LOAD HAL/lcd.o
LOAD MY_RTOS/CortexMX_OS_porting.o
LOAD MY_RTOS/MYRTOS_FIFO.o
LOAD MY_RTOS/Scheduler.o
LOAD Src/main.o
LOAD Src/syscalls.o
LOAD Src/sysmem.o
LOAD Startup/startup_stm32f103c8tx.o
LOAD Stm32_F103C6_Drivers/GPIO/stm32f103x8_gpio_driver.o
LOAD Stm32_F103C6_Drivers/stm32f103x8_EXTI_driver.o
LOAD Stm32_F103C6_Drivers/stm32f103x8_I2C_Drver.o
LOAD Stm32_F103C6_Drivers/stm32f103x8_RCC_driver.o
LOAD Stm32_F103C6_Drivers/stm32f103x8_SPI_Drver.o
LOAD Stm32_F103C6_Drivers/stm32f103x8_USART_driver.o
START GROUP
LOAD c:/st/stm32cubeide_1.4.0/stm32cubeide/plugins/com.st.stm32cube.ide.mcu.externaltools.gnu-tools-for-stm32.7-2018-q2-update.win32_1.4.0.202007081208/tools/bin/../lib/gcc/arm-none-eabi/7.3.1/../../../../arm-none-eabi/lib/thumb/v7-m\libc_nano.a
LOAD c:/st/stm32cubeide_1.4.0/stm32cubeide/plugins/com.st.stm32cube.ide.mcu.externaltools.gnu-tools-for-stm32.7-2018-q2-update.win32_1.4.0.202007081208/tools/bin/../lib/gcc/arm-none-eabi/7.3.1/../../../../arm-none-eabi/lib/thumb/v7-m\libm.a
END GROUP
START GROUP
LOAD c:/st/stm32cubeide_1.4.0/stm32cubeide/plugins/com.st.stm32cube.ide.mcu.externaltools.gnu-tools-for-stm32.7-2018-q2-update.win32_1.4.0.202007081208/tools/bin/../lib/gcc/arm-none-eabi/7.3.1/thumb/v7-m\libgcc.a
LOAD c:/st/stm32cubeide_1.4.0/stm32cubeide/plugins/com.st.stm32cube.ide.mcu.externaltools.gnu-tools-for-stm32.7-2018-q2-update.win32_1.4.0.202007081208/tools/bin/../lib/gcc/arm-none-eabi/7.3.1/../../../../arm-none-eabi/lib/thumb/v7-m\libc_nano.a
END GROUP
START GROUP
LOAD c:/st/stm32cubeide_1.4.0/stm32cubeide/plugins/com.st.stm32cube.ide.mcu.externaltools.gnu-tools-for-stm32.7-2018-q2-update.win32_1.4.0.202007081208/tools/bin/../lib/gcc/arm-none-eabi/7.3.1/thumb/v7-m\libgcc.a
LOAD c:/st/stm32cubeide_1.4.0/stm32cubeide/plugins/com.st.stm32cube.ide.mcu.externaltools.gnu-tools-for-stm32.7-2018-q2-update.win32_1.4.0.202007081208/tools/bin/../lib/gcc/arm-none-eabi/7.3.1/../../../../arm-none-eabi/lib/thumb/v7-m\libc_nano.a
LOAD c:/st/stm32cubeide_1.4.0/stm32cubeide/plugins/com.st.stm32cube.ide.mcu.externaltools.gnu-tools-for-stm32.7-2018-q2-update.win32_1.4.0.202007081208/tools/bin/../lib/gcc/arm-none-eabi/7.3.1/../../../../arm-none-eabi/lib/thumb/v7-m\libnosys.a
END GROUP
START GROUP
LOAD c:/st/stm32cubeide_1.4.0/stm32cubeide/plugins/com.st.stm32cube.ide.mcu.externaltools.gnu-tools-for-stm32.7-2018-q2-update.win32_1.4.0.202007081208/tools/bin/../lib/gcc/arm-none-eabi/7.3.1/thumb/v7-m\libgcc.a
LOAD c:/st/stm32cubeide_1.4.0/stm32cubeide/plugins/com.st.stm32cube.ide.mcu.externaltools.gnu-tools-for-stm32.7-2018-q2-update.win32_1.4.0.202007081208/tools/bin/../lib/gcc/arm-none-eabi/7.3.1/../../../../arm-none-eabi/lib/thumb/v7-m\libc_nano.a
LOAD c:/st/stm32cubeide_1.4.0/stm32cubeide/plugins/com.st.stm32cube.ide.mcu.externaltools.gnu-tools-for-stm32.7-2018-q2-update.win32_1.4.0.202007081208/tools/bin/../lib/gcc/arm-none-eabi/7.3.1/../../../../arm-none-eabi/lib/thumb/v7-m\libnosys.a
END GROUP
LOAD c:/st/stm32cubeide_1.4.0/stm32cubeide/plugins/com.st.stm32cube.ide.mcu.externaltools.gnu-tools-for-stm32.7-2018-q2-update.win32_1.4.0.202007081208/tools/bin/../lib/gcc/arm-none-eabi/7.3.1/thumb/v7-m/crtend.o
LOAD c:/st/stm32cubeide_1.4.0/stm32cubeide/plugins/com.st.stm32cube.ide.mcu.externaltools.gnu-tools-for-stm32.7-2018-q2-update.win32_1.4.0.202007081208/tools/bin/../lib/gcc/arm-none-eabi/7.3.1/thumb/v7-m/crtn.o
                0x0000000020005000                _estack = (ORIGIN (RAM) + LENGTH (RAM))
                0x0000000000000200                _Min_Heap_Size = 0x200
                0x0000000000000400                _Min_Stack_Size = 0x400

.isr_vector     0x0000000008000000      0x130
                0x0000000008000000                . = ALIGN (0x4)
 *(.isr_vector)
 .isr_vector    0x0000000008000000      0x130 Startup/startup_stm32f103c8tx.o
                0x0000000008000000                g_pfnVectors
                0x0000000008000130                . = ALIGN (0x4)

.text           0x0000000008000130     0x11bc
                0x0000000008000130                . = ALIGN (0x4)
 *(.text)
 .text          0x0000000008000130       0x40 c:/st/stm32cubeide_1.4.0/stm32cubeide/plugins/com.st.stm32cube.ide.mcu.externaltools.gnu-tools-for-stm32.7-2018-q2-update.win32_1.4.0.202007081208/tools/bin/../lib/gcc/arm-none-eabi/7.3.1/thumb/v7-m/crtbegin.o
 .text          0x0000000008000170       0x14 c:/st/stm32cubeide_1.4.0/stm32cubeide/plugins/com.st.stm32cube.ide.mcu.externaltools.gnu-tools-for-stm32.7-2018-q2-update.win32_1.4.0.202007081208/tools/bin/../lib/gcc/arm-none-eabi/7.3.1/../../../../arm-none-eabi/lib/thumb/v7-m\libc_nano.a(lib_a-strcmp.o)
                0x0000000008000170                strcmp
 *(.text*)
 .text.__NVIC_SetPriority
                0x0000000008000184       0x54 MY_RTOS/CortexMX_OS_porting.o
 .text.SysTick_Config
                0x00000000080001d8       0x44 MY_RTOS/CortexMX_OS_porting.o
 .text.HardFault_Handler
                0x000000000800021c        0x6 MY_RTOS/CortexMX_OS_porting.o
                0x000000000800021c                HardFault_Handler
 .text.MemManage_Handler
                0x0000000008000222        0x6 MY_RTOS/CortexMX_OS_porting.o
                0x0000000008000222                MemManage_Handler
 .text.BusFault_Handler
                0x0000000008000228        0x6 MY_RTOS/CortexMX_OS_porting.o
                0x0000000008000228                BusFault_Handler
 .text.UsageFault_Handler
                0x000000000800022e        0x6 MY_RTOS/CortexMX_OS_porting.o
                0x000000000800022e                UsageFault_Handler
 .text.SVC_Handler
                0x0000000008000234       0x14 MY_RTOS/CortexMX_OS_porting.o
                0x0000000008000234                SVC_Handler
 .text.HW_init  0x0000000008000248       0x12 MY_RTOS/CortexMX_OS_porting.o
                0x0000000008000248                HW_init
 *fill*         0x000000000800025a        0x2 
 .text.trigger_OS_PendSV
                0x000000000800025c       0x1c MY_RTOS/CortexMX_OS_porting.o
                0x000000000800025c                trigger_OS_PendSV
 .text.Start_Ticker
                0x0000000008000278       0x10 MY_RTOS/CortexMX_OS_porting.o
                0x0000000008000278                Start_Ticker
 .text.SysTick_Handler
                0x0000000008000288       0x28 MY_RTOS/CortexMX_OS_porting.o
                0x0000000008000288                SysTick_Handler
 .text.FIFO_init
                0x00000000080002b0       0x44 MY_RTOS/MYRTOS_FIFO.o
                0x00000000080002b0                FIFO_init
 .text.FIFO_enqueue
                0x00000000080002f4       0x84 MY_RTOS/MYRTOS_FIFO.o
                0x00000000080002f4                FIFO_enqueue
 .text.FIFO_dequeue
                0x0000000008000378       0x7a MY_RTOS/MYRTOS_FIFO.o
                0x0000000008000378                FIFO_dequeue
 *fill*         0x00000000080003f2        0x2 
 .text.PendSV_Handler
                0x00000000080003f4      0x1c4 MY_RTOS/Scheduler.o
                0x00000000080003f4                PendSV_Handler
 .text.MYRTOS_IdleTask
                0x00000000080005b8       0x1c MY_RTOS/Scheduler.o
                0x00000000080005b8                MYRTOS_IdleTask
 .text.MYRTOS_Create_MainStack
                0x00000000080005d4       0x3c MY_RTOS/Scheduler.o
                0x00000000080005d4                MYRTOS_Create_MainStack
 .text.MYRTOS_init
                0x0000000008000610       0x80 MY_RTOS/Scheduler.o
                0x0000000008000610                MYRTOS_init
 .text.MyRTOS_Create_TaskStack
                0x0000000008000690       0x7c MY_RTOS/Scheduler.o
                0x0000000008000690                MyRTOS_Create_TaskStack
 .text.MYRTOS_CreateTask
                0x000000000800070c       0x7c MY_RTOS/Scheduler.o
                0x000000000800070c                MYRTOS_CreateTask
 .text.bubbleSort
                0x0000000008000788       0x90 MY_RTOS/Scheduler.o
                0x0000000008000788                bubbleSort
 .text.MyRTOS_Update_Schadule_tables
                0x0000000008000818       0xd0 MY_RTOS/Scheduler.o
                0x0000000008000818                MyRTOS_Update_Schadule_tables
 .text.Decide_whatNext
                0x00000000080008e8       0xa4 MY_RTOS/Scheduler.o
                0x00000000080008e8                Decide_whatNext
 .text.OS_SVC   0x000000000800098c       0x6c MY_RTOS/Scheduler.o
                0x000000000800098c                OS_SVC
 .text.MYRTOS_OS_SVC_Set
                0x00000000080009f8       0x4c MY_RTOS/Scheduler.o
                0x00000000080009f8                MYRTOS_OS_SVC_Set
 .text.MYRTOS_ActivateTask
                0x0000000008000a44       0x1e MY_RTOS/Scheduler.o
                0x0000000008000a44                MYRTOS_ActivateTask
 .text.MYRTOS_TaskWait
                0x0000000008000a62       0x2e MY_RTOS/Scheduler.o
                0x0000000008000a62                MYRTOS_TaskWait
 .text.MYRTOS_STARTOS
                0x0000000008000a90       0x5c MY_RTOS/Scheduler.o
                0x0000000008000a90                MYRTOS_STARTOS
 .text.MYRTOS_Update_TasksWaitingTime
                0x0000000008000aec       0x88 MY_RTOS/Scheduler.o
                0x0000000008000aec                MYRTOS_Update_TasksWaitingTime
 .text.task1    0x0000000008000b74       0x24 Src/main.o
                0x0000000008000b74                task1
 .text.task2    0x0000000008000b98       0x18 Src/main.o
                0x0000000008000b98                task2
 .text.task3    0x0000000008000bb0       0x18 Src/main.o
                0x0000000008000bb0                task3
 .text.task4    0x0000000008000bc8       0x18 Src/main.o
                0x0000000008000bc8                task4
 .text.main     0x0000000008000be0      0x154 Src/main.o
                0x0000000008000be0                main
 .text.Reset_Handler
                0x0000000008000d34       0x50 Startup/startup_stm32f103c8tx.o
                0x0000000008000d34                Reset_Handler
 .text.Default_Handler
                0x0000000008000d84        0x2 Startup/startup_stm32f103c8tx.o
                0x0000000008000d84                TIM8_TRG_COM_IRQHandler
                0x0000000008000d84                TIM8_CC_IRQHandler
                0x0000000008000d84                DebugMon_Handler
                0x0000000008000d84                TIM1_CC_IRQHandler
                0x0000000008000d84                TIM6_IRQHandler
                0x0000000008000d84                PVD_IRQHandler
                0x0000000008000d84                SDIO_IRQHandler
                0x0000000008000d84                NMI_Handler
                0x0000000008000d84                USB_HP_CAN_TX_IRQHandler
                0x0000000008000d84                ADC1_2_IRQHandler
                0x0000000008000d84                CAN_SCE_IRQHandler
                0x0000000008000d84                TAMPER_IRQHandler
                0x0000000008000d84                TIM8_UP_IRQHandler
                0x0000000008000d84                DMA2_Channel2_IRQHandler
                0x0000000008000d84                DMA1_Channel4_IRQHandler
                0x0000000008000d84                RTC_IRQHandler
                0x0000000008000d84                DMA1_Channel7_IRQHandler
                0x0000000008000d84                UART5_IRQHandler
                0x0000000008000d84                ADC3_IRQHandler
                0x0000000008000d84                TIM4_IRQHandler
                0x0000000008000d84                CAN_RX1_IRQHandler
                0x0000000008000d84                DMA2_Channel1_IRQHandler
                0x0000000008000d84                DMA1_Channel6_IRQHandler
                0x0000000008000d84                UART4_IRQHandler
                0x0000000008000d84                TIM3_IRQHandler
                0x0000000008000d84                RCC_IRQHandler
                0x0000000008000d84                TIM1_TRG_COM_IRQHandler
                0x0000000008000d84                DMA1_Channel1_IRQHandler
                0x0000000008000d84                Default_Handler
                0x0000000008000d84                TIM7_IRQHandler
                0x0000000008000d84                TIM5_IRQHandler
                0x0000000008000d84                USB_LP_CAN_RX0_IRQHandler
                0x0000000008000d84                DMA1_Channel5_IRQHandler
                0x0000000008000d84                DMA1_Channel3_IRQHandler
                0x0000000008000d84                FSMC_IRQHandler
                0x0000000008000d84                TIM1_UP_IRQHandler
                0x0000000008000d84                WWDG_IRQHandler
                0x0000000008000d84                TIM2_IRQHandler
                0x0000000008000d84                TIM1_BRK_IRQHandler
                0x0000000008000d84                RTCAlarm_IRQHandler
                0x0000000008000d84                DMA2_Channel4_5_IRQHandler
                0x0000000008000d84                DMA1_Channel2_IRQHandler
                0x0000000008000d84                TIM8_BRK_IRQHandler
                0x0000000008000d84                FLASH_IRQHandler
                0x0000000008000d84                SPI3_IRQHandler
                0x0000000008000d84                DMA2_Channel3_IRQHandler
 *fill*         0x0000000008000d86        0x2 
 .text.EXTI0_IRQHandler
                0x0000000008000d88       0x24 Stm32_F103C6_Drivers/stm32f103x8_EXTI_driver.o
                0x0000000008000d88                EXTI0_IRQHandler
 .text.EXTI1_IRQHandler
                0x0000000008000dac       0x24 Stm32_F103C6_Drivers/stm32f103x8_EXTI_driver.o
                0x0000000008000dac                EXTI1_IRQHandler
 .text.EXTI2_IRQHandler
                0x0000000008000dd0       0x24 Stm32_F103C6_Drivers/stm32f103x8_EXTI_driver.o
                0x0000000008000dd0                EXTI2_IRQHandler
 .text.EXTI3_IRQHandler
                0x0000000008000df4       0x24 Stm32_F103C6_Drivers/stm32f103x8_EXTI_driver.o
                0x0000000008000df4                EXTI3_IRQHandler
 .text.EXTI4_IRQHandler
                0x0000000008000e18       0x24 Stm32_F103C6_Drivers/stm32f103x8_EXTI_driver.o
                0x0000000008000e18                EXTI4_IRQHandler
 .text.EXTI9_5_IRQHandler
                0x0000000008000e3c       0xa8 Stm32_F103C6_Drivers/stm32f103x8_EXTI_driver.o
                0x0000000008000e3c                EXTI9_5_IRQHandler
 .text.EXTI15_10_IRQHandler
                0x0000000008000ee4       0xc4 Stm32_F103C6_Drivers/stm32f103x8_EXTI_driver.o
                0x0000000008000ee4                EXTI15_10_IRQHandler
 .text.I2C1_ER_IRQHandler
                0x0000000008000fa8        0xc Stm32_F103C6_Drivers/stm32f103x8_I2C_Drver.o
                0x0000000008000fa8                I2C1_ER_IRQHandler
 .text.I2C1_EV_IRQHandler
                0x0000000008000fb4       0xec Stm32_F103C6_Drivers/stm32f103x8_I2C_Drver.o
                0x0000000008000fb4                I2C1_EV_IRQHandler
 .text.Slave_States
                0x00000000080010a0       0xe0 Stm32_F103C6_Drivers/stm32f103x8_I2C_Drver.o
                0x00000000080010a0                Slave_States
 .text.I2C2_ER_IRQHandler
                0x0000000008001180        0xc Stm32_F103C6_Drivers/stm32f103x8_I2C_Drver.o
                0x0000000008001180                I2C2_ER_IRQHandler
 .text.I2C2_EV_IRQHandler
                0x000000000800118c        0xc Stm32_F103C6_Drivers/stm32f103x8_I2C_Drver.o
                0x000000000800118c                I2C2_EV_IRQHandler
 .text.SPI1_IRQHandler
                0x0000000008001198       0x5c Stm32_F103C6_Drivers/stm32f103x8_SPI_Drver.o
                0x0000000008001198                SPI1_IRQHandler
 .text.SPI2_IRQHandler
                0x00000000080011f4       0x5c Stm32_F103C6_Drivers/stm32f103x8_SPI_Drver.o
                0x00000000080011f4                SPI2_IRQHandler
 .text.USART1_IRQHandler
                0x0000000008001250       0x14 Stm32_F103C6_Drivers/stm32f103x8_USART_driver.o
                0x0000000008001250                USART1_IRQHandler
 .text.USART2_IRQHandler
                0x0000000008001264       0x14 Stm32_F103C6_Drivers/stm32f103x8_USART_driver.o
                0x0000000008001264                USART2_IRQHandler
 .text.USART3_IRQHandler
                0x0000000008001278       0x14 Stm32_F103C6_Drivers/stm32f103x8_USART_driver.o
                0x0000000008001278                USART3_IRQHandler
 .text.__libc_init_array
                0x000000000800128c       0x48 c:/st/stm32cubeide_1.4.0/stm32cubeide/plugins/com.st.stm32cube.ide.mcu.externaltools.gnu-tools-for-stm32.7-2018-q2-update.win32_1.4.0.202007081208/tools/bin/../lib/gcc/arm-none-eabi/7.3.1/../../../../arm-none-eabi/lib/thumb/v7-m\libc_nano.a(lib_a-init.o)
                0x000000000800128c                __libc_init_array
 *(.glue_7)
 .glue_7        0x00000000080012d4        0x0 linker stubs
 *(.glue_7t)
 .glue_7t       0x00000000080012d4        0x0 linker stubs
 *(.eh_frame)
 .eh_frame      0x00000000080012d4        0x0 c:/st/stm32cubeide_1.4.0/stm32cubeide/plugins/com.st.stm32cube.ide.mcu.externaltools.gnu-tools-for-stm32.7-2018-q2-update.win32_1.4.0.202007081208/tools/bin/../lib/gcc/arm-none-eabi/7.3.1/thumb/v7-m/crtbegin.o
 *(.init)
 .init          0x00000000080012d4        0x4 c:/st/stm32cubeide_1.4.0/stm32cubeide/plugins/com.st.stm32cube.ide.mcu.externaltools.gnu-tools-for-stm32.7-2018-q2-update.win32_1.4.0.202007081208/tools/bin/../lib/gcc/arm-none-eabi/7.3.1/thumb/v7-m/crti.o
                0x00000000080012d4                _init
 .init          0x00000000080012d8        0x8 c:/st/stm32cubeide_1.4.0/stm32cubeide/plugins/com.st.stm32cube.ide.mcu.externaltools.gnu-tools-for-stm32.7-2018-q2-update.win32_1.4.0.202007081208/tools/bin/../lib/gcc/arm-none-eabi/7.3.1/thumb/v7-m/crtn.o
 *(.fini)
 .fini          0x00000000080012e0        0x4 c:/st/stm32cubeide_1.4.0/stm32cubeide/plugins/com.st.stm32cube.ide.mcu.externaltools.gnu-tools-for-stm32.7-2018-q2-update.win32_1.4.0.202007081208/tools/bin/../lib/gcc/arm-none-eabi/7.3.1/thumb/v7-m/crti.o
                0x00000000080012e0                _fini
 .fini          0x00000000080012e4        0x8 c:/st/stm32cubeide_1.4.0/stm32cubeide/plugins/com.st.stm32cube.ide.mcu.externaltools.gnu-tools-for-stm32.7-2018-q2-update.win32_1.4.0.202007081208/tools/bin/../lib/gcc/arm-none-eabi/7.3.1/thumb/v7-m/crtn.o
                0x00000000080012ec                . = ALIGN (0x4)
                0x00000000080012ec                _etext = .

.vfp11_veneer   0x00000000080012ec        0x0
 .vfp11_veneer  0x00000000080012ec        0x0 linker stubs

.v4_bx          0x00000000080012ec        0x0
 .v4_bx         0x00000000080012ec        0x0 linker stubs

.iplt           0x00000000080012ec        0x0
 .iplt          0x00000000080012ec        0x0 c:/st/stm32cubeide_1.4.0/stm32cubeide/plugins/com.st.stm32cube.ide.mcu.externaltools.gnu-tools-for-stm32.7-2018-q2-update.win32_1.4.0.202007081208/tools/bin/../lib/gcc/arm-none-eabi/7.3.1/thumb/v7-m/crtbegin.o

.rodata         0x00000000080012ec       0x2c
                0x00000000080012ec                . = ALIGN (0x4)
 *(.rodata)
 .rodata        0x00000000080012ec        0x9 MY_RTOS/Scheduler.o
 *fill*         0x00000000080012f5        0x3 
 .rodata        0x00000000080012f8       0x1f Src/main.o
 *(.rodata*)
                0x0000000008001318                . = ALIGN (0x4)
 *fill*         0x0000000008001317        0x1 

.rel.dyn        0x0000000008001318        0x0
 .rel.iplt      0x0000000008001318        0x0 c:/st/stm32cubeide_1.4.0/stm32cubeide/plugins/com.st.stm32cube.ide.mcu.externaltools.gnu-tools-for-stm32.7-2018-q2-update.win32_1.4.0.202007081208/tools/bin/../lib/gcc/arm-none-eabi/7.3.1/thumb/v7-m/crtbegin.o

.ARM.extab      0x0000000008001318        0x0
                0x0000000008001318                . = ALIGN (0x4)
 *(.ARM.extab* .gnu.linkonce.armextab.*)
                0x0000000008001318                . = ALIGN (0x4)

.ARM            0x0000000008001318        0x0
                0x0000000008001318                . = ALIGN (0x4)
                0x0000000008001318                __exidx_start = .
 *(.ARM.exidx*)
                0x0000000008001318                __exidx_end = .
                0x0000000008001318                . = ALIGN (0x4)

.preinit_array  0x0000000008001318        0x0
                0x0000000008001318                . = ALIGN (0x4)
                0x0000000008001318                PROVIDE (__preinit_array_start = .)
 *(.preinit_array*)
                0x0000000008001318                PROVIDE (__preinit_array_end = .)
                0x0000000008001318                . = ALIGN (0x4)

.init_array     0x0000000008001318        0x4
                0x0000000008001318                . = ALIGN (0x4)
                0x0000000008001318                PROVIDE (__init_array_start = .)
 *(SORT_BY_NAME(.init_array.*))
 *(.init_array*)
 .init_array    0x0000000008001318        0x4 c:/st/stm32cubeide_1.4.0/stm32cubeide/plugins/com.st.stm32cube.ide.mcu.externaltools.gnu-tools-for-stm32.7-2018-q2-update.win32_1.4.0.202007081208/tools/bin/../lib/gcc/arm-none-eabi/7.3.1/thumb/v7-m/crtbegin.o
                0x000000000800131c                PROVIDE (__init_array_end = .)
                0x000000000800131c                . = ALIGN (0x4)

.fini_array     0x000000000800131c        0x4
                0x000000000800131c                . = ALIGN (0x4)
                [!provide]                        PROVIDE (__fini_array_start = .)
 *(SORT_BY_NAME(.fini_array.*))
 *(.fini_array*)
 .fini_array    0x000000000800131c        0x4 c:/st/stm32cubeide_1.4.0/stm32cubeide/plugins/com.st.stm32cube.ide.mcu.externaltools.gnu-tools-for-stm32.7-2018-q2-update.win32_1.4.0.202007081208/tools/bin/../lib/gcc/arm-none-eabi/7.3.1/thumb/v7-m/crtbegin.o
                [!provide]                        PROVIDE (__fini_array_end = .)
                0x0000000008001320                . = ALIGN (0x4)
                0x0000000008001320                _sidata = LOADADDR (.data)

.data           0x0000000020000000        0x0 load address 0x0000000008001320
                0x0000000020000000                . = ALIGN (0x4)
                0x0000000020000000                _sdata = .
 *(.data)
 *(.data*)
 *(.RamFunc)
 *(.RamFunc*)
                0x0000000020000000                . = ALIGN (0x4)
                0x0000000020000000                _edata = .

.igot.plt       0x0000000020000000        0x0 load address 0x0000000008001320
 .igot.plt      0x0000000020000000        0x0 c:/st/stm32cubeide_1.4.0/stm32cubeide/plugins/com.st.stm32cube.ide.mcu.externaltools.gnu-tools-for-stm32.7-2018-q2-update.win32_1.4.0.202007081208/tools/bin/../lib/gcc/arm-none-eabi/7.3.1/thumb/v7-m/crtbegin.o
                0x0000000020000000                . = ALIGN (0x4)

.bss            0x0000000020000000      0x564 load address 0x0000000008001320
                0x0000000020000000                _sbss = .
                0x0000000020000000                __bss_start__ = _sbss
 *(.bss)
 .bss           0x0000000020000000       0x1c c:/st/stm32cubeide_1.4.0/stm32cubeide/plugins/com.st.stm32cube.ide.mcu.externaltools.gnu-tools-for-stm32.7-2018-q2-update.win32_1.4.0.202007081208/tools/bin/../lib/gcc/arm-none-eabi/7.3.1/thumb/v7-m/crtbegin.o
 *(.bss*)
 .bss.Global_I2C_Config
                0x000000002000001c       0x48 Stm32_F103C6_Drivers/stm32f103x8_I2C_Drver.o
                0x000000002000001c                Global_I2C_Config
 .bss.Global_SPI_Config
                0x0000000020000064        0x8 Stm32_F103C6_Drivers/stm32f103x8_SPI_Drver.o
                0x0000000020000064                Global_SPI_Config
 .bss.Global_UART_Config
                0x000000002000006c        0x4 Stm32_F103C6_Drivers/stm32f103x8_USART_driver.o
                0x000000002000006c                Global_UART_Config
 *(COMMON)
 COMMON         0x0000000020000070        0x1 MY_RTOS/CortexMX_OS_porting.o
                0x0000000020000070                SysTickLED
 *fill*         0x0000000020000071        0x3 
 COMMON         0x0000000020000074      0x398 MY_RTOS/Scheduler.o
                0x0000000020000074                OS_Control
                0x0000000020000220                Ready_QUEUE
                0x0000000020000234                MYRTOS_idleTask
                0x0000000020000278                IdleTaskLed
                0x000000002000027c                Ready_QUEUE_FIFO
 COMMON         0x000000002000040c      0x119 Src/main.o
                0x000000002000040c                Task4
                0x0000000020000450                Task1
                0x0000000020000494                Task4LED
                0x0000000020000495                Task2LED
                0x0000000020000498                Task3
                0x00000000200004dc                Task1LED
                0x00000000200004e0                Task2
                0x0000000020000524                Task3LED
 *fill*         0x0000000020000525        0x3 
 COMMON         0x0000000020000528       0x3c Stm32_F103C6_Drivers/stm32f103x8_EXTI_driver.o
                0x0000000020000528                GP_IRQ_CallBack
                0x0000000020000564                . = ALIGN (0x4)
                0x0000000020000564                _ebss = .
                0x0000000020000564                __bss_end__ = _ebss

._user_heap_stack
                0x0000000020000564      0x204 load address 0x0000000008001320
                0x0000000020000568                . = ALIGN (0x8)
 *fill*         0x0000000020000564        0x4 
                [!provide]                        PROVIDE (end = .)
                0x0000000020000568                PROVIDE (_end = .)
                0x0000000020000768                . = (. + _Min_Heap_Size)
 *fill*         0x0000000020000568      0x200 
                0x0000000020000768                . = ALIGN (0x8)
                0x0000000020000768                _eheap = .

/DISCARD/
 libc.a(*)
 libm.a(*)
 libgcc.a(*)

.ARM.attributes
                0x0000000000000000       0x29
 *(.ARM.attributes)
 .ARM.attributes
                0x0000000000000000       0x1d c:/st/stm32cubeide_1.4.0/stm32cubeide/plugins/com.st.stm32cube.ide.mcu.externaltools.gnu-tools-for-stm32.7-2018-q2-update.win32_1.4.0.202007081208/tools/bin/../lib/gcc/arm-none-eabi/7.3.1/thumb/v7-m/crti.o
 .ARM.attributes
                0x000000000000001d       0x2d c:/st/stm32cubeide_1.4.0/stm32cubeide/plugins/com.st.stm32cube.ide.mcu.externaltools.gnu-tools-for-stm32.7-2018-q2-update.win32_1.4.0.202007081208/tools/bin/../lib/gcc/arm-none-eabi/7.3.1/thumb/v7-m/crtbegin.o
 .ARM.attributes
                0x000000000000004a       0x33 MY_RTOS/CortexMX_OS_porting.o
 .ARM.attributes
                0x000000000000007d       0x33 MY_RTOS/MYRTOS_FIFO.o
 .ARM.attributes
                0x00000000000000b0       0x33 MY_RTOS/Scheduler.o
 .ARM.attributes
                0x00000000000000e3       0x33 Src/main.o
 .ARM.attributes
                0x0000000000000116       0x21 Startup/startup_stm32f103c8tx.o
 .ARM.attributes
                0x0000000000000137       0x33 Stm32_F103C6_Drivers/stm32f103x8_EXTI_driver.o
 .ARM.attributes
                0x000000000000016a       0x33 Stm32_F103C6_Drivers/stm32f103x8_I2C_Drver.o
 .ARM.attributes
                0x000000000000019d       0x33 Stm32_F103C6_Drivers/stm32f103x8_SPI_Drver.o
 .ARM.attributes
                0x00000000000001d0       0x33 Stm32_F103C6_Drivers/stm32f103x8_USART_driver.o
 .ARM.attributes
                0x0000000000000203       0x2d c:/st/stm32cubeide_1.4.0/stm32cubeide/plugins/com.st.stm32cube.ide.mcu.externaltools.gnu-tools-for-stm32.7-2018-q2-update.win32_1.4.0.202007081208/tools/bin/../lib/gcc/arm-none-eabi/7.3.1/../../../../arm-none-eabi/lib/thumb/v7-m\libc_nano.a(lib_a-init.o)
 .ARM.attributes
                0x0000000000000230       0x1b c:/st/stm32cubeide_1.4.0/stm32cubeide/plugins/com.st.stm32cube.ide.mcu.externaltools.gnu-tools-for-stm32.7-2018-q2-update.win32_1.4.0.202007081208/tools/bin/../lib/gcc/arm-none-eabi/7.3.1/../../../../arm-none-eabi/lib/thumb/v7-m\libc_nano.a(lib_a-strcmp.o)
 .ARM.attributes
                0x000000000000024b       0x1d c:/st/stm32cubeide_1.4.0/stm32cubeide/plugins/com.st.stm32cube.ide.mcu.externaltools.gnu-tools-for-stm32.7-2018-q2-update.win32_1.4.0.202007081208/tools/bin/../lib/gcc/arm-none-eabi/7.3.1/thumb/v7-m/crtn.o
OUTPUT(RTOS.elf elf32-littlearm)

.debug_info     0x0000000000000000     0x6466
 .debug_info    0x0000000000000000      0x5b1 MY_RTOS/CortexMX_OS_porting.o
 .debug_info    0x00000000000005b1      0xb75 MY_RTOS/MYRTOS_FIFO.o
 .debug_info    0x0000000000001126      0xf46 MY_RTOS/Scheduler.o
 .debug_info    0x000000000000206c      0xb67 Src/main.o
 .debug_info    0x0000000000002bd3       0x22 Startup/startup_stm32f103c8tx.o
 .debug_info    0x0000000000002bf5      0xc59 Stm32_F103C6_Drivers/stm32f103x8_EXTI_driver.o
 .debug_info    0x000000000000384e     0x119b Stm32_F103C6_Drivers/stm32f103x8_I2C_Drver.o
 .debug_info    0x00000000000049e9      0xdbc Stm32_F103C6_Drivers/stm32f103x8_SPI_Drver.o
 .debug_info    0x00000000000057a5      0xcc1 Stm32_F103C6_Drivers/stm32f103x8_USART_driver.o

.debug_abbrev   0x0000000000000000     0x126e
 .debug_abbrev  0x0000000000000000      0x1e4 MY_RTOS/CortexMX_OS_porting.o
 .debug_abbrev  0x00000000000001e4      0x1dc MY_RTOS/MYRTOS_FIFO.o
 .debug_abbrev  0x00000000000003c0      0x334 MY_RTOS/Scheduler.o
 .debug_abbrev  0x00000000000006f4      0x20c Src/main.o
 .debug_abbrev  0x0000000000000900       0x12 Startup/startup_stm32f103c8tx.o
 .debug_abbrev  0x0000000000000912      0x21d Stm32_F103C6_Drivers/stm32f103x8_EXTI_driver.o
 .debug_abbrev  0x0000000000000b2f      0x2c0 Stm32_F103C6_Drivers/stm32f103x8_I2C_Drver.o
 .debug_abbrev  0x0000000000000def      0x233 Stm32_F103C6_Drivers/stm32f103x8_SPI_Drver.o
 .debug_abbrev  0x0000000000001022      0x24c Stm32_F103C6_Drivers/stm32f103x8_USART_driver.o

.debug_aranges  0x0000000000000000      0x398
 .debug_aranges
                0x0000000000000000       0x70 MY_RTOS/CortexMX_OS_porting.o
 .debug_aranges
                0x0000000000000070       0x40 MY_RTOS/MYRTOS_FIFO.o
 .debug_aranges
                0x00000000000000b0       0xa8 MY_RTOS/Scheduler.o
 .debug_aranges
                0x0000000000000158       0x40 Src/main.o
 .debug_aranges
                0x0000000000000198       0x28 Startup/startup_stm32f103c8tx.o
 .debug_aranges
                0x00000000000001c0       0x80 Stm32_F103C6_Drivers/stm32f103x8_EXTI_driver.o
 .debug_aranges
                0x0000000000000240       0xa0 Stm32_F103C6_Drivers/stm32f103x8_I2C_Drver.o
 .debug_aranges
                0x00000000000002e0       0x58 Stm32_F103C6_Drivers/stm32f103x8_SPI_Drver.o
 .debug_aranges
                0x0000000000000338       0x60 Stm32_F103C6_Drivers/stm32f103x8_USART_driver.o

.debug_ranges   0x0000000000000000      0x310
 .debug_ranges  0x0000000000000000       0x60 MY_RTOS/CortexMX_OS_porting.o
 .debug_ranges  0x0000000000000060       0x30 MY_RTOS/MYRTOS_FIFO.o
 .debug_ranges  0x0000000000000090       0x98 MY_RTOS/Scheduler.o
 .debug_ranges  0x0000000000000128       0x30 Src/main.o
 .debug_ranges  0x0000000000000158       0x20 Startup/startup_stm32f103c8tx.o
 .debug_ranges  0x0000000000000178       0x70 Stm32_F103C6_Drivers/stm32f103x8_EXTI_driver.o
 .debug_ranges  0x00000000000001e8       0x90 Stm32_F103C6_Drivers/stm32f103x8_I2C_Drver.o
 .debug_ranges  0x0000000000000278       0x48 Stm32_F103C6_Drivers/stm32f103x8_SPI_Drver.o
 .debug_ranges  0x00000000000002c0       0x50 Stm32_F103C6_Drivers/stm32f103x8_USART_driver.o

.debug_macro    0x0000000000000000     0x3400
 .debug_macro   0x0000000000000000       0xbd MY_RTOS/CortexMX_OS_porting.o
 .debug_macro   0x00000000000000bd       0x28 MY_RTOS/CortexMX_OS_porting.o
 .debug_macro   0x00000000000000e5       0x8e MY_RTOS/CortexMX_OS_porting.o
 .debug_macro   0x0000000000000173       0x51 MY_RTOS/CortexMX_OS_porting.o
 .debug_macro   0x00000000000001c4       0x1c MY_RTOS/CortexMX_OS_porting.o
 .debug_macro   0x00000000000001e0       0x22 MY_RTOS/CortexMX_OS_porting.o
 .debug_macro   0x0000000000000202       0xe5 MY_RTOS/CortexMX_OS_porting.o
 .debug_macro   0x00000000000002e7      0xe3c MY_RTOS/CortexMX_OS_porting.o
 .debug_macro   0x0000000000001123       0x2e MY_RTOS/CortexMX_OS_porting.o
 .debug_macro   0x0000000000001151      0x232 MY_RTOS/MYRTOS_FIFO.o
 .debug_macro   0x0000000000001383       0x16 MY_RTOS/MYRTOS_FIFO.o
 .debug_macro   0x0000000000001399       0x97 MY_RTOS/MYRTOS_FIFO.o
 .debug_macro   0x0000000000001430       0xfd MY_RTOS/MYRTOS_FIFO.o
 .debug_macro   0x000000000000152d       0x10 MY_RTOS/MYRTOS_FIFO.o
 .debug_macro   0x000000000000153d       0x10 MY_RTOS/MYRTOS_FIFO.o
 .debug_macro   0x000000000000154d       0x1c MY_RTOS/MYRTOS_FIFO.o
 .debug_macro   0x0000000000001569       0x52 MY_RTOS/MYRTOS_FIFO.o
 .debug_macro   0x00000000000015bb       0x40 MY_RTOS/MYRTOS_FIFO.o
 .debug_macro   0x00000000000015fb       0x10 MY_RTOS/MYRTOS_FIFO.o
 .debug_macro   0x000000000000160b       0x40 MY_RTOS/MYRTOS_FIFO.o
 .debug_macro   0x000000000000164b       0xd7 MY_RTOS/MYRTOS_FIFO.o
 .debug_macro   0x0000000000001722       0x1c MY_RTOS/MYRTOS_FIFO.o
 .debug_macro   0x000000000000173e       0x3d MY_RTOS/MYRTOS_FIFO.o
 .debug_macro   0x000000000000177b       0x16 MY_RTOS/MYRTOS_FIFO.o
 .debug_macro   0x0000000000001791      0x145 MY_RTOS/MYRTOS_FIFO.o
 .debug_macro   0x00000000000018d6       0xdf MY_RTOS/MYRTOS_FIFO.o
 .debug_macro   0x00000000000019b5      0x23c MY_RTOS/Scheduler.o
 .debug_macro   0x0000000000001bf1       0x46 MY_RTOS/Scheduler.o
 .debug_macro   0x0000000000001c37      0x32a MY_RTOS/Scheduler.o
 .debug_macro   0x0000000000001f61      0x2ac Src/main.o
 .debug_macro   0x000000000000220d      0x174 Src/main.o
 .debug_macro   0x0000000000002381       0x10 Src/main.o
 .debug_macro   0x0000000000002391       0x35 Src/main.o
 .debug_macro   0x00000000000023c6       0x20 Src/main.o
 .debug_macro   0x00000000000023e6       0x1c Src/main.o
 .debug_macro   0x0000000000002402      0x6be Src/main.o
 .debug_macro   0x0000000000002ac0      0x152 Stm32_F103C6_Drivers/stm32f103x8_EXTI_driver.o
 .debug_macro   0x0000000000002c12      0x228 Stm32_F103C6_Drivers/stm32f103x8_EXTI_driver.o
 .debug_macro   0x0000000000002e3a      0x15d Stm32_F103C6_Drivers/stm32f103x8_I2C_Drver.o
 .debug_macro   0x0000000000002f97      0x16b Stm32_F103C6_Drivers/stm32f103x8_SPI_Drver.o
 .debug_macro   0x0000000000003102       0xc5 Stm32_F103C6_Drivers/stm32f103x8_SPI_Drver.o
 .debug_macro   0x00000000000031c7      0x151 Stm32_F103C6_Drivers/stm32f103x8_USART_driver.o
 .debug_macro   0x0000000000003318       0xe8 Stm32_F103C6_Drivers/stm32f103x8_USART_driver.o

.debug_line     0x0000000000000000     0x3ad7
 .debug_line    0x0000000000000000      0x571 MY_RTOS/CortexMX_OS_porting.o
 .debug_line    0x0000000000000571      0x714 MY_RTOS/MYRTOS_FIFO.o
 .debug_line    0x0000000000000c85      0x8e9 MY_RTOS/Scheduler.o
 .debug_line    0x000000000000156e      0x7ca Src/main.o
 .debug_line    0x0000000000001d38       0x84 Startup/startup_stm32f103c8tx.o
 .debug_line    0x0000000000001dbc      0x73f Stm32_F103C6_Drivers/stm32f103x8_EXTI_driver.o
 .debug_line    0x00000000000024fb      0x82d Stm32_F103C6_Drivers/stm32f103x8_I2C_Drver.o
 .debug_line    0x0000000000002d28      0x6ef Stm32_F103C6_Drivers/stm32f103x8_SPI_Drver.o
 .debug_line    0x0000000000003417      0x6c0 Stm32_F103C6_Drivers/stm32f103x8_USART_driver.o

.debug_str      0x0000000000000000    0x13650
 .debug_str     0x0000000000000000     0x9845 MY_RTOS/CortexMX_OS_porting.o
                                       0x99e0 (size before relaxing)
 .debug_str     0x0000000000009845     0x44c7 MY_RTOS/MYRTOS_FIFO.o
                                       0xdc69 (size before relaxing)
 .debug_str     0x000000000000dd0c      0x342 MY_RTOS/Scheduler.o
                                       0xdf75 (size before relaxing)
 .debug_str     0x000000000000e04e     0x2926 Src/main.o
                                      0x1052d (size before relaxing)
 .debug_str     0x0000000000010974       0x31 Startup/startup_stm32f103c8tx.o
                                         0x71 (size before relaxing)
 .debug_str     0x00000000000109a5     0x160d Stm32_F103C6_Drivers/stm32f103x8_EXTI_driver.o
                                       0xacb4 (size before relaxing)
 .debug_str     0x0000000000011fb2      0x72d Stm32_F103C6_Drivers/stm32f103x8_I2C_Drver.o
                                       0x9e72 (size before relaxing)
 .debug_str     0x00000000000126df      0x7ce Stm32_F103C6_Drivers/stm32f103x8_SPI_Drver.o
                                       0x9f82 (size before relaxing)
 .debug_str     0x0000000000012ead      0x7a3 Stm32_F103C6_Drivers/stm32f103x8_USART_driver.o
                                       0x9f80 (size before relaxing)

.comment        0x0000000000000000       0x7b
 .comment       0x0000000000000000       0x7b MY_RTOS/CortexMX_OS_porting.o
                                         0x7c (size before relaxing)
 .comment       0x000000000000007b       0x7c MY_RTOS/MYRTOS_FIFO.o
 .comment       0x000000000000007b       0x7c MY_RTOS/Scheduler.o
 .comment       0x000000000000007b       0x7c Src/main.o
 .comment       0x000000000000007b       0x7c Stm32_F103C6_Drivers/stm32f103x8_EXTI_driver.o
 .comment       0x000000000000007b       0x7c Stm32_F103C6_Drivers/stm32f103x8_I2C_Drver.o
 .comment       0x000000000000007b       0x7c Stm32_F103C6_Drivers/stm32f103x8_SPI_Drver.o
 .comment       0x000000000000007b       0x7c Stm32_F103C6_Drivers/stm32f103x8_USART_driver.o

.debug_frame    0x0000000000000000      0xc34
 .debug_frame   0x0000000000000000      0x140 MY_RTOS/CortexMX_OS_porting.o
 .debug_frame   0x0000000000000140       0xd8 MY_RTOS/MYRTOS_FIFO.o
 .debug_frame   0x0000000000000218      0x270 MY_RTOS/Scheduler.o
 .debug_frame   0x0000000000000488       0x94 Src/main.o
 .debug_frame   0x000000000000051c      0x1b0 Stm32_F103C6_Drivers/stm32f103x8_EXTI_driver.o
 .debug_frame   0x00000000000006cc      0x288 Stm32_F103C6_Drivers/stm32f103x8_I2C_Drver.o
 .debug_frame   0x0000000000000954      0x148 Stm32_F103C6_Drivers/stm32f103x8_SPI_Drver.o
 .debug_frame   0x0000000000000a9c      0x14c Stm32_F103C6_Drivers/stm32f103x8_USART_driver.o
 .debug_frame   0x0000000000000be8       0x2c c:/st/stm32cubeide_1.4.0/stm32cubeide/plugins/com.st.stm32cube.ide.mcu.externaltools.gnu-tools-for-stm32.7-2018-q2-update.win32_1.4.0.202007081208/tools/bin/../lib/gcc/arm-none-eabi/7.3.1/../../../../arm-none-eabi/lib/thumb/v7-m\libc_nano.a(lib_a-init.o)
 .debug_frame   0x0000000000000c14       0x20 c:/st/stm32cubeide_1.4.0/stm32cubeide/plugins/com.st.stm32cube.ide.mcu.externaltools.gnu-tools-for-stm32.7-2018-q2-update.win32_1.4.0.202007081208/tools/bin/../lib/gcc/arm-none-eabi/7.3.1/../../../../arm-none-eabi/lib/thumb/v7-m\libc_nano.a(lib_a-strcmp.o)
