11:30:27 **** Incremental Build of configuration Debug for project Nuclo ****
make -j12 all 
arm-none-eabi-gcc "../Core/Src/main.c" -mcpu=cortex-m4 -std=gnu11 -g3 -DUSE_HAL_DRIVER -DSTM32F303xE -DDEBUG -c -I../Core/Inc -I../Drivers/STM32F3xx_HAL_Driver/Inc -I../Drivers/STM32F3xx_HAL_Driver/Inc/Legacy -I../Drivers/CMSIS/Device/ST/STM32F3xx/Include -I../Drivers/CMSIS/Include -O0 -ffunction-sections -fdata-sections -Wall -fstack-usage -MMD -MP -MF"Core/Src/main.d" -MT"Core/Src/main.o" --specs=nano.specs -mfpu=fpv4-sp-d16 -mfloat-abi=hard -mthumb -o "Core/Src/main.o"
arm-none-eabi-gcc -o "Nuclo.elf" @"objects.list"   -mcpu=cortex-m4 -T"D:\KS_ES\codes\Learn_In_Depth_KS\Drivers\STM32F103x8\Nuclo\STM32F303RETX_FLASH.ld" --specs=nosys.specs -Wl,-Map="Nuclo.map" -Wl,--gc-sections -static --specs=nano.specs -mfpu=fpv4-sp-d16 -mfloat-abi=hard -mthumb -Wl,--start-group -lc -lm -Wl,--end-group
Finished building target: Nuclo.elf
 
arm-none-eabi-objdump -h -S  Nuclo.elf  > "Nuclo.list"
arm-none-eabi-objcopy  -O binary  Nuclo.elf  "Nuclo.bin"
arm-none-eabi-size   Nuclo.elf 
   text	   data	    bss	    dec	    hex	filename
   2524	     20	   1572	   4116	   1014	Nuclo.elf
Finished building: default.size.stdout
 
Finished building: Nuclo.list
 
Finished building: Nuclo.bin
 

11:30:28 Build Finished. 0 errors, 0 warnings. (took 1s.140ms)

