02:07:47 **** Incremental Build of configuration Debug for project ultrasonic_NTI ****
make -j12 all 
arm-none-eabi-gcc "../Core/Src/main.c" -mcpu=cortex-m3 -std=gnu11 -g3 -DDEBUG -DUSE_HAL_DRIVER -DSTM32F103xB -c -I../Core/Inc -I../Drivers/STM32F1xx_HAL_Driver/Inc/Legacy -I../Drivers/STM32F1xx_HAL_Driver/Inc -I../Drivers/CMSIS/Device/ST/STM32F1xx/Include -I../Drivers/CMSIS/Include -O0 -ffunction-sections -fdata-sections -Wall -fstack-usage -MMD -MP -MF"Core/Src/main.d" -MT"Core/Src/main.o" --specs=nano.specs -mfloat-abi=soft -mthumb -o "Core/Src/main.o"
arm-none-eabi-gcc -o "ultrasonic_NTI.elf" @"objects.list"   -mcpu=cortex-m3 -T"C:\Users\Mustafa Hafez\Desktop\Belal\US\ultrasonic_NTI\STM32F103C8TX_FLASH.ld" --specs=nosys.specs -Wl,-Map="ultrasonic_NTI.map" -Wl,--gc-sections -static --specs=nano.specs -mfloat-abi=soft -mthumb -Wl,--start-group -lc -lm -Wl,--end-group
Finished building target: ultrasonic_NTI.elf
 
arm-none-eabi-objdump -h -S  ultrasonic_NTI.elf  > "ultrasonic_NTI.list"
arm-none-eabi-objcopy  -O ihex  ultrasonic_NTI.elf  "ultrasonic_NTI.hex"
arm-none-eabi-objcopy  -O binary  ultrasonic_NTI.elf  "ultrasonic_NTI.bin"
arm-none-eabi-size   ultrasonic_NTI.elf 
   text	   data	    bss	    dec	    hex	filename
   8032	     20	   1660	   9712	   25f0	ultrasonic_NTI.elf
Finished building: default.size.stdout
 
Finished building: ultrasonic_NTI.hex
Finished building: ultrasonic_NTI.bin
 
 
Finished building: ultrasonic_NTI.list
 

02:07:49 Build Finished. 0 errors, 0 warnings. (took 1s.99ms)

