Archive member included to satisfy reference by file (symbol)

c:/st/stm32cubeide_1.4.0/stm32cubeide/plugins/com.st.stm32cube.ide.mcu.externaltools.gnu-tools-for-stm32.7-2018-q2-update.win32_1.4.0.202007081208/tools/bin/../lib/gcc/arm-none-eabi/7.3.1/../../../../arm-none-eabi/lib/thumb/v7-m\libc_nano.a(lib_a-errno.o)
                              Src/syscalls.o (__errno)
c:/st/stm32cubeide_1.4.0/stm32cubeide/plugins/com.st.stm32cube.ide.mcu.externaltools.gnu-tools-for-stm32.7-2018-q2-update.win32_1.4.0.202007081208/tools/bin/../lib/gcc/arm-none-eabi/7.3.1/../../../../arm-none-eabi/lib/thumb/v7-m\libc_nano.a(lib_a-exit.o)
                              c:/st/stm32cubeide_1.4.0/stm32cubeide/plugins/com.st.stm32cube.ide.mcu.externaltools.gnu-tools-for-stm32.7-2018-q2-update.win32_1.4.0.202007081208/tools/bin/../lib/gcc/arm-none-eabi/7.3.1/../../../../arm-none-eabi/lib/thumb/v7-m/crt0.o (exit)
c:/st/stm32cubeide_1.4.0/stm32cubeide/plugins/com.st.stm32cube.ide.mcu.externaltools.gnu-tools-for-stm32.7-2018-q2-update.win32_1.4.0.202007081208/tools/bin/../lib/gcc/arm-none-eabi/7.3.1/../../../../arm-none-eabi/lib/thumb/v7-m\libc_nano.a(lib_a-impure.o)
                              c:/st/stm32cubeide_1.4.0/stm32cubeide/plugins/com.st.stm32cube.ide.mcu.externaltools.gnu-tools-for-stm32.7-2018-q2-update.win32_1.4.0.202007081208/tools/bin/../lib/gcc/arm-none-eabi/7.3.1/../../../../arm-none-eabi/lib/thumb/v7-m\libc_nano.a(lib_a-exit.o) (_global_impure_ptr)
c:/st/stm32cubeide_1.4.0/stm32cubeide/plugins/com.st.stm32cube.ide.mcu.externaltools.gnu-tools-for-stm32.7-2018-q2-update.win32_1.4.0.202007081208/tools/bin/../lib/gcc/arm-none-eabi/7.3.1/../../../../arm-none-eabi/lib/thumb/v7-m\libc_nano.a(lib_a-init.o)
                              c:/st/stm32cubeide_1.4.0/stm32cubeide/plugins/com.st.stm32cube.ide.mcu.externaltools.gnu-tools-for-stm32.7-2018-q2-update.win32_1.4.0.202007081208/tools/bin/../lib/gcc/arm-none-eabi/7.3.1/../../../../arm-none-eabi/lib/thumb/v7-m/crt0.o (__libc_init_array)
c:/st/stm32cubeide_1.4.0/stm32cubeide/plugins/com.st.stm32cube.ide.mcu.externaltools.gnu-tools-for-stm32.7-2018-q2-update.win32_1.4.0.202007081208/tools/bin/../lib/gcc/arm-none-eabi/7.3.1/../../../../arm-none-eabi/lib/thumb/v7-m\libc_nano.a(lib_a-memset.o)
                              c:/st/stm32cubeide_1.4.0/stm32cubeide/plugins/com.st.stm32cube.ide.mcu.externaltools.gnu-tools-for-stm32.7-2018-q2-update.win32_1.4.0.202007081208/tools/bin/../lib/gcc/arm-none-eabi/7.3.1/../../../../arm-none-eabi/lib/thumb/v7-m/crt0.o (memset)
c:/st/stm32cubeide_1.4.0/stm32cubeide/plugins/com.st.stm32cube.ide.mcu.externaltools.gnu-tools-for-stm32.7-2018-q2-update.win32_1.4.0.202007081208/tools/bin/../lib/gcc/arm-none-eabi/7.3.1/thumb/v7-m\libgcc.a(_arm_addsubsf3.o)
                              HAL/A2Z_Engineering_Drone_ESC.o (__aeabi_fsub)
c:/st/stm32cubeide_1.4.0/stm32cubeide/plugins/com.st.stm32cube.ide.mcu.externaltools.gnu-tools-for-stm32.7-2018-q2-update.win32_1.4.0.202007081208/tools/bin/../lib/gcc/arm-none-eabi/7.3.1/thumb/v7-m\libgcc.a(_arm_muldivsf3.o)
                              HAL/A2Z_Engineering_Drone_ESC.o (__aeabi_fmul)
c:/st/stm32cubeide_1.4.0/stm32cubeide/plugins/com.st.stm32cube.ide.mcu.externaltools.gnu-tools-for-stm32.7-2018-q2-update.win32_1.4.0.202007081208/tools/bin/../lib/gcc/arm-none-eabi/7.3.1/thumb/v7-m\libgcc.a(_arm_cmpsf2.o)
                              HAL/A2Z_Engineering_Drone_ESC.o (__aeabi_fcmple)
c:/st/stm32cubeide_1.4.0/stm32cubeide/plugins/com.st.stm32cube.ide.mcu.externaltools.gnu-tools-for-stm32.7-2018-q2-update.win32_1.4.0.202007081208/tools/bin/../lib/gcc/arm-none-eabi/7.3.1/thumb/v7-m\libgcc.a(_arm_fixunssfsi.o)
                              HAL/A2Z_Engineering_Drone_ESC.o (__aeabi_f2uiz)

Discarded input sections

 .text          0x0000000000000000        0x0 c:/st/stm32cubeide_1.4.0/stm32cubeide/plugins/com.st.stm32cube.ide.mcu.externaltools.gnu-tools-for-stm32.7-2018-q2-update.win32_1.4.0.202007081208/tools/bin/../lib/gcc/arm-none-eabi/7.3.1/thumb/v7-m/crti.o
 .data          0x0000000000000000        0x0 c:/st/stm32cubeide_1.4.0/stm32cubeide/plugins/com.st.stm32cube.ide.mcu.externaltools.gnu-tools-for-stm32.7-2018-q2-update.win32_1.4.0.202007081208/tools/bin/../lib/gcc/arm-none-eabi/7.3.1/thumb/v7-m/crti.o
 .bss           0x0000000000000000        0x0 c:/st/stm32cubeide_1.4.0/stm32cubeide/plugins/com.st.stm32cube.ide.mcu.externaltools.gnu-tools-for-stm32.7-2018-q2-update.win32_1.4.0.202007081208/tools/bin/../lib/gcc/arm-none-eabi/7.3.1/thumb/v7-m/crti.o
 .data          0x0000000000000000        0x4 c:/st/stm32cubeide_1.4.0/stm32cubeide/plugins/com.st.stm32cube.ide.mcu.externaltools.gnu-tools-for-stm32.7-2018-q2-update.win32_1.4.0.202007081208/tools/bin/../lib/gcc/arm-none-eabi/7.3.1/thumb/v7-m/crtbegin.o
 .text          0x0000000000000000       0x74 c:/st/stm32cubeide_1.4.0/stm32cubeide/plugins/com.st.stm32cube.ide.mcu.externaltools.gnu-tools-for-stm32.7-2018-q2-update.win32_1.4.0.202007081208/tools/bin/../lib/gcc/arm-none-eabi/7.3.1/../../../../arm-none-eabi/lib/thumb/v7-m/crt0.o
 .data          0x0000000000000000        0x0 c:/st/stm32cubeide_1.4.0/stm32cubeide/plugins/com.st.stm32cube.ide.mcu.externaltools.gnu-tools-for-stm32.7-2018-q2-update.win32_1.4.0.202007081208/tools/bin/../lib/gcc/arm-none-eabi/7.3.1/../../../../arm-none-eabi/lib/thumb/v7-m/crt0.o
 .bss           0x0000000000000000        0x0 c:/st/stm32cubeide_1.4.0/stm32cubeide/plugins/com.st.stm32cube.ide.mcu.externaltools.gnu-tools-for-stm32.7-2018-q2-update.win32_1.4.0.202007081208/tools/bin/../lib/gcc/arm-none-eabi/7.3.1/../../../../arm-none-eabi/lib/thumb/v7-m/crt0.o
 .ARM.extab     0x0000000000000000        0x0 c:/st/stm32cubeide_1.4.0/stm32cubeide/plugins/com.st.stm32cube.ide.mcu.externaltools.gnu-tools-for-stm32.7-2018-q2-update.win32_1.4.0.202007081208/tools/bin/../lib/gcc/arm-none-eabi/7.3.1/../../../../arm-none-eabi/lib/thumb/v7-m/crt0.o
 .ARM.exidx     0x0000000000000000        0x8 c:/st/stm32cubeide_1.4.0/stm32cubeide/plugins/com.st.stm32cube.ide.mcu.externaltools.gnu-tools-for-stm32.7-2018-q2-update.win32_1.4.0.202007081208/tools/bin/../lib/gcc/arm-none-eabi/7.3.1/../../../../arm-none-eabi/lib/thumb/v7-m/crt0.o
 .ARM.attributes
                0x0000000000000000       0x1b c:/st/stm32cubeide_1.4.0/stm32cubeide/plugins/com.st.stm32cube.ide.mcu.externaltools.gnu-tools-for-stm32.7-2018-q2-update.win32_1.4.0.202007081208/tools/bin/../lib/gcc/arm-none-eabi/7.3.1/../../../../arm-none-eabi/lib/thumb/v7-m/crt0.o
 .group         0x0000000000000000        0xc HAL/A2Z_Engineering_Drone_ESC.o
 .group         0x0000000000000000        0xc HAL/A2Z_Engineering_Drone_ESC.o
 .group         0x0000000000000000        0xc HAL/A2Z_Engineering_Drone_ESC.o
 .group         0x0000000000000000        0xc HAL/A2Z_Engineering_Drone_ESC.o
 .group         0x0000000000000000        0xc HAL/A2Z_Engineering_Drone_ESC.o
 .group         0x0000000000000000        0xc HAL/A2Z_Engineering_Drone_ESC.o
 .group         0x0000000000000000        0xc HAL/A2Z_Engineering_Drone_ESC.o
 .group         0x0000000000000000        0xc HAL/A2Z_Engineering_Drone_ESC.o
 .group         0x0000000000000000        0xc HAL/A2Z_Engineering_Drone_ESC.o
 .group         0x0000000000000000        0xc HAL/A2Z_Engineering_Drone_ESC.o
 .group         0x0000000000000000        0xc HAL/A2Z_Engineering_Drone_ESC.o
 .group         0x0000000000000000        0xc HAL/A2Z_Engineering_Drone_ESC.o
 .group         0x0000000000000000        0xc HAL/A2Z_Engineering_Drone_ESC.o
 .group         0x0000000000000000        0xc HAL/A2Z_Engineering_Drone_ESC.o
 .group         0x0000000000000000        0xc HAL/A2Z_Engineering_Drone_ESC.o
 .group         0x0000000000000000        0xc HAL/A2Z_Engineering_Drone_ESC.o
 .group         0x0000000000000000        0xc HAL/A2Z_Engineering_Drone_ESC.o
 .group         0x0000000000000000        0xc HAL/A2Z_Engineering_Drone_ESC.o
 .group         0x0000000000000000        0xc HAL/A2Z_Engineering_Drone_ESC.o
 .group         0x0000000000000000        0xc HAL/A2Z_Engineering_Drone_ESC.o
 .group         0x0000000000000000        0xc HAL/A2Z_Engineering_Drone_ESC.o
 .group         0x0000000000000000        0xc HAL/A2Z_Engineering_Drone_ESC.o
 .group         0x0000000000000000        0xc HAL/A2Z_Engineering_Drone_ESC.o
 .group         0x0000000000000000        0xc HAL/A2Z_Engineering_Drone_ESC.o
 .group         0x0000000000000000        0xc HAL/A2Z_Engineering_Drone_ESC.o
 .group         0x0000000000000000        0xc HAL/A2Z_Engineering_Drone_ESC.o
 .group         0x0000000000000000        0xc HAL/A2Z_Engineering_Drone_ESC.o
 .text          0x0000000000000000        0x0 HAL/A2Z_Engineering_Drone_ESC.o
 .data          0x0000000000000000        0x0 HAL/A2Z_Engineering_Drone_ESC.o
 .bss           0x0000000000000000        0x0 HAL/A2Z_Engineering_Drone_ESC.o
 .text._ESC_PWM_SPEED_MAPPING
                0x0000000000000000       0x40 HAL/A2Z_Engineering_Drone_ESC.o
 .text.HAL_ESC_SetMotorSpeed
                0x0000000000000000      0x104 HAL/A2Z_Engineering_Drone_ESC.o
 .debug_info    0x0000000000000000      0xb5e HAL/A2Z_Engineering_Drone_ESC.o
 .debug_abbrev  0x0000000000000000      0x1a8 HAL/A2Z_Engineering_Drone_ESC.o
 .debug_loc     0x0000000000000000       0xa0 HAL/A2Z_Engineering_Drone_ESC.o
 .debug_aranges
                0x0000000000000000       0x28 HAL/A2Z_Engineering_Drone_ESC.o
 .debug_ranges  0x0000000000000000       0x18 HAL/A2Z_Engineering_Drone_ESC.o
 .debug_macro   0x0000000000000000      0x15a HAL/A2Z_Engineering_Drone_ESC.o
 .debug_macro   0x0000000000000000      0xa60 HAL/A2Z_Engineering_Drone_ESC.o
 .debug_macro   0x0000000000000000       0x18 HAL/A2Z_Engineering_Drone_ESC.o
 .debug_macro   0x0000000000000000       0x22 HAL/A2Z_Engineering_Drone_ESC.o
 .debug_macro   0x0000000000000000       0x40 HAL/A2Z_Engineering_Drone_ESC.o
 .debug_macro   0x0000000000000000       0x94 HAL/A2Z_Engineering_Drone_ESC.o
 .debug_macro   0x0000000000000000       0x3c HAL/A2Z_Engineering_Drone_ESC.o
 .debug_macro   0x0000000000000000       0x34 HAL/A2Z_Engineering_Drone_ESC.o
 .debug_macro   0x0000000000000000       0x16 HAL/A2Z_Engineering_Drone_ESC.o
 .debug_macro   0x0000000000000000      0x10e HAL/A2Z_Engineering_Drone_ESC.o
 .debug_macro   0x0000000000000000       0x8d HAL/A2Z_Engineering_Drone_ESC.o
 .debug_macro   0x0000000000000000       0x57 HAL/A2Z_Engineering_Drone_ESC.o
 .debug_macro   0x0000000000000000       0x52 HAL/A2Z_Engineering_Drone_ESC.o
 .debug_macro   0x0000000000000000       0x1f HAL/A2Z_Engineering_Drone_ESC.o
 .debug_macro   0x0000000000000000       0x43 HAL/A2Z_Engineering_Drone_ESC.o
 .debug_macro   0x0000000000000000       0x20 HAL/A2Z_Engineering_Drone_ESC.o
 .debug_macro   0x0000000000000000      0x1a3 HAL/A2Z_Engineering_Drone_ESC.o
 .debug_macro   0x0000000000000000      0x330 HAL/A2Z_Engineering_Drone_ESC.o
 .debug_macro   0x0000000000000000       0x16 HAL/A2Z_Engineering_Drone_ESC.o
 .debug_macro   0x0000000000000000       0x29 HAL/A2Z_Engineering_Drone_ESC.o
 .debug_macro   0x0000000000000000       0xef HAL/A2Z_Engineering_Drone_ESC.o
 .debug_macro   0x0000000000000000       0x6a HAL/A2Z_Engineering_Drone_ESC.o
 .debug_macro   0x0000000000000000      0x1df HAL/A2Z_Engineering_Drone_ESC.o
 .debug_macro   0x0000000000000000      0x322 HAL/A2Z_Engineering_Drone_ESC.o
 .debug_macro   0x0000000000000000      0x2f1 HAL/A2Z_Engineering_Drone_ESC.o
 .debug_macro   0x0000000000000000       0x44 HAL/A2Z_Engineering_Drone_ESC.o
 .debug_macro   0x0000000000000000       0x2e HAL/A2Z_Engineering_Drone_ESC.o
 .debug_macro   0x0000000000000000       0x22 HAL/A2Z_Engineering_Drone_ESC.o
 .debug_line    0x0000000000000000      0x678 HAL/A2Z_Engineering_Drone_ESC.o
 .debug_str     0x0000000000000000     0x9450 HAL/A2Z_Engineering_Drone_ESC.o
 .comment       0x0000000000000000       0x7c HAL/A2Z_Engineering_Drone_ESC.o
 .debug_frame   0x0000000000000000       0x5c HAL/A2Z_Engineering_Drone_ESC.o
 .ARM.attributes
                0x0000000000000000       0x33 HAL/A2Z_Engineering_Drone_ESC.o
 .group         0x0000000000000000        0xc MCAL/GPIO.o
 .group         0x0000000000000000        0xc MCAL/GPIO.o
 .group         0x0000000000000000        0xc MCAL/GPIO.o
 .group         0x0000000000000000        0xc MCAL/GPIO.o
 .group         0x0000000000000000        0xc MCAL/GPIO.o
 .group         0x0000000000000000        0xc MCAL/GPIO.o
 .group         0x0000000000000000        0xc MCAL/GPIO.o
 .group         0x0000000000000000        0xc MCAL/GPIO.o
 .group         0x0000000000000000        0xc MCAL/GPIO.o
 .group         0x0000000000000000        0xc MCAL/GPIO.o
 .group         0x0000000000000000        0xc MCAL/GPIO.o
 .group         0x0000000000000000        0xc MCAL/GPIO.o
 .group         0x0000000000000000        0xc MCAL/GPIO.o
 .group         0x0000000000000000        0xc MCAL/GPIO.o
 .group         0x0000000000000000        0xc MCAL/GPIO.o
 .group         0x0000000000000000        0xc MCAL/GPIO.o
 .group         0x0000000000000000        0xc MCAL/GPIO.o
 .group         0x0000000000000000        0xc MCAL/GPIO.o
 .group         0x0000000000000000        0xc MCAL/GPIO.o
 .group         0x0000000000000000        0xc MCAL/GPIO.o
 .group         0x0000000000000000        0xc MCAL/GPIO.o
 .group         0x0000000000000000        0xc MCAL/GPIO.o
 .group         0x0000000000000000        0xc MCAL/GPIO.o
 .group         0x0000000000000000        0xc MCAL/GPIO.o
 .group         0x0000000000000000        0xc MCAL/GPIO.o
 .text          0x0000000000000000        0x0 MCAL/GPIO.o
 .data          0x0000000000000000        0x0 MCAL/GPIO.o
 .bss           0x0000000000000000        0x0 MCAL/GPIO.o
 .text.MCAL_GPIO_voidDeInit
                0x0000000000000000       0xac MCAL/GPIO.o
 .text.MCAL_GPIO_u8ReadPin
                0x0000000000000000       0x30 MCAL/GPIO.o
 .text.MCAL_GPIO_u16ReadPort
                0x0000000000000000       0x18 MCAL/GPIO.o
 .text.MCAL_GPIO_voidWritePin
                0x0000000000000000       0x42 MCAL/GPIO.o
 .text.MCAL_GPIO_voidWritePort
                0x0000000000000000       0x1c MCAL/GPIO.o
 .text.MCAL_GPIO_voidTogglePin
                0x0000000000000000       0x22 MCAL/GPIO.o
 .text.MCAL_GPIO_voidTogglePort
                0x0000000000000000       0x22 MCAL/GPIO.o
 .debug_macro   0x0000000000000000      0xa60 MCAL/GPIO.o
 .debug_macro   0x0000000000000000       0x18 MCAL/GPIO.o
 .debug_macro   0x0000000000000000       0x22 MCAL/GPIO.o
 .debug_macro   0x0000000000000000       0x40 MCAL/GPIO.o
 .debug_macro   0x0000000000000000       0x94 MCAL/GPIO.o
 .debug_macro   0x0000000000000000       0x3c MCAL/GPIO.o
 .debug_macro   0x0000000000000000       0x34 MCAL/GPIO.o
 .debug_macro   0x0000000000000000       0x16 MCAL/GPIO.o
 .debug_macro   0x0000000000000000      0x10e MCAL/GPIO.o
 .debug_macro   0x0000000000000000       0x8d MCAL/GPIO.o
 .debug_macro   0x0000000000000000       0x57 MCAL/GPIO.o
 .debug_macro   0x0000000000000000       0x52 MCAL/GPIO.o
 .debug_macro   0x0000000000000000       0x1f MCAL/GPIO.o
 .debug_macro   0x0000000000000000       0x43 MCAL/GPIO.o
 .debug_macro   0x0000000000000000       0x20 MCAL/GPIO.o
 .debug_macro   0x0000000000000000      0x1a3 MCAL/GPIO.o
 .debug_macro   0x0000000000000000      0x330 MCAL/GPIO.o
 .debug_macro   0x0000000000000000       0x16 MCAL/GPIO.o
 .debug_macro   0x0000000000000000       0x29 MCAL/GPIO.o
 .debug_macro   0x0000000000000000       0xef MCAL/GPIO.o
 .debug_macro   0x0000000000000000       0x6a MCAL/GPIO.o
 .debug_macro   0x0000000000000000      0x1df MCAL/GPIO.o
 .debug_macro   0x0000000000000000      0x322 MCAL/GPIO.o
 .debug_macro   0x0000000000000000      0x2f1 MCAL/GPIO.o
 .group         0x0000000000000000        0xc MCAL/I2C.o
 .group         0x0000000000000000        0xc MCAL/I2C.o
 .group         0x0000000000000000        0xc MCAL/I2C.o
 .group         0x0000000000000000        0xc MCAL/I2C.o
 .group         0x0000000000000000        0xc MCAL/I2C.o
 .group         0x0000000000000000        0xc MCAL/I2C.o
 .group         0x0000000000000000        0xc MCAL/I2C.o
 .group         0x0000000000000000        0xc MCAL/I2C.o
 .group         0x0000000000000000        0xc MCAL/I2C.o
 .group         0x0000000000000000        0xc MCAL/I2C.o
 .group         0x0000000000000000        0xc MCAL/I2C.o
 .group         0x0000000000000000        0xc MCAL/I2C.o
 .group         0x0000000000000000        0xc MCAL/I2C.o
 .group         0x0000000000000000        0xc MCAL/I2C.o
 .group         0x0000000000000000        0xc MCAL/I2C.o
 .group         0x0000000000000000        0xc MCAL/I2C.o
 .group         0x0000000000000000        0xc MCAL/I2C.o
 .group         0x0000000000000000        0xc MCAL/I2C.o
 .group         0x0000000000000000        0xc MCAL/I2C.o
 .group         0x0000000000000000        0xc MCAL/I2C.o
 .group         0x0000000000000000        0xc MCAL/I2C.o
 .group         0x0000000000000000        0xc MCAL/I2C.o
 .group         0x0000000000000000        0xc MCAL/I2C.o
 .group         0x0000000000000000        0xc MCAL/I2C.o
 .group         0x0000000000000000        0xc MCAL/I2C.o
 .group         0x0000000000000000        0xc MCAL/I2C.o
 .group         0x0000000000000000        0xc MCAL/I2C.o
 .text          0x0000000000000000        0x0 MCAL/I2C.o
 .data          0x0000000000000000        0x0 MCAL/I2C.o
 .bss           0x0000000000000000        0x0 MCAL/I2C.o
 .text.MCAL_I2C_Init
                0x0000000000000000      0x20c MCAL/I2C.o
 .text.MCAL_I2C_DInit
                0x0000000000000000       0x6c MCAL/I2C.o
 .text.MCAL_I2C_GPIO_Set_Pins
                0x0000000000000000       0x94 MCAL/I2C.o
 .text.MCAL_I2C_Master_RX
                0x0000000000000000       0xe8 MCAL/I2C.o
 .text.MCAL_I2C_Master_TX
                0x0000000000000000       0xac MCAL/I2C.o
 .text.I2C_GenerateSTART
                0x0000000000000000       0x4e MCAL/I2C.o
 .text.I2C_SendAddress
                0x0000000000000000       0x3e MCAL/I2C.o
 .text.I2C_GenerateSTOP
                0x0000000000000000       0x36 MCAL/I2C.o
 .text.I2C_GetFlagStatus
                0x0000000000000000       0xf8 MCAL/I2C.o
 .text.MCAL_I2C_SlaveSendData
                0x0000000000000000       0x1c MCAL/I2C.o
 .text.MCAL_I2C_SlaveReceiveData
                0x0000000000000000       0x18 MCAL/I2C.o
 .text.I2C_AcknowledgeConfig
                0x0000000000000000       0x36 MCAL/I2C.o
 .debug_macro   0x0000000000000000      0xa60 MCAL/I2C.o
 .debug_macro   0x0000000000000000       0x18 MCAL/I2C.o
 .debug_macro   0x0000000000000000       0x22 MCAL/I2C.o
 .debug_macro   0x0000000000000000       0x40 MCAL/I2C.o
 .debug_macro   0x0000000000000000       0x94 MCAL/I2C.o
 .debug_macro   0x0000000000000000       0x3c MCAL/I2C.o
 .debug_macro   0x0000000000000000       0x34 MCAL/I2C.o
 .debug_macro   0x0000000000000000       0x16 MCAL/I2C.o
 .debug_macro   0x0000000000000000      0x10e MCAL/I2C.o
 .debug_macro   0x0000000000000000       0x8d MCAL/I2C.o
 .debug_macro   0x0000000000000000       0x57 MCAL/I2C.o
 .debug_macro   0x0000000000000000       0x52 MCAL/I2C.o
 .debug_macro   0x0000000000000000       0x1f MCAL/I2C.o
 .debug_macro   0x0000000000000000       0x43 MCAL/I2C.o
 .debug_macro   0x0000000000000000       0x20 MCAL/I2C.o
 .debug_macro   0x0000000000000000      0x1a3 MCAL/I2C.o
 .debug_macro   0x0000000000000000      0x330 MCAL/I2C.o
 .debug_macro   0x0000000000000000       0x16 MCAL/I2C.o
 .debug_macro   0x0000000000000000       0x29 MCAL/I2C.o
 .debug_macro   0x0000000000000000       0xef MCAL/I2C.o
 .debug_macro   0x0000000000000000       0x6a MCAL/I2C.o
 .debug_macro   0x0000000000000000      0x1df MCAL/I2C.o
 .debug_macro   0x0000000000000000      0x322 MCAL/I2C.o
 .debug_macro   0x0000000000000000      0x2f1 MCAL/I2C.o
 .group         0x0000000000000000        0xc MCAL/RCC.o
 .group         0x0000000000000000        0xc MCAL/RCC.o
 .group         0x0000000000000000        0xc MCAL/RCC.o
 .group         0x0000000000000000        0xc MCAL/RCC.o
 .group         0x0000000000000000        0xc MCAL/RCC.o
 .group         0x0000000000000000        0xc MCAL/RCC.o
 .group         0x0000000000000000        0xc MCAL/RCC.o
 .group         0x0000000000000000        0xc MCAL/RCC.o
 .group         0x0000000000000000        0xc MCAL/RCC.o
 .group         0x0000000000000000        0xc MCAL/RCC.o
 .group         0x0000000000000000        0xc MCAL/RCC.o
 .group         0x0000000000000000        0xc MCAL/RCC.o
 .group         0x0000000000000000        0xc MCAL/RCC.o
 .group         0x0000000000000000        0xc MCAL/RCC.o
 .group         0x0000000000000000        0xc MCAL/RCC.o
 .group         0x0000000000000000        0xc MCAL/RCC.o
 .group         0x0000000000000000        0xc MCAL/RCC.o
 .group         0x0000000000000000        0xc MCAL/RCC.o
 .group         0x0000000000000000        0xc MCAL/RCC.o
 .group         0x0000000000000000        0xc MCAL/RCC.o
 .group         0x0000000000000000        0xc MCAL/RCC.o
 .group         0x0000000000000000        0xc MCAL/RCC.o
 .group         0x0000000000000000        0xc MCAL/RCC.o
 .group         0x0000000000000000        0xc MCAL/RCC.o
 .group         0x0000000000000000        0xc MCAL/RCC.o
 .text          0x0000000000000000        0x0 MCAL/RCC.o
 .data          0x0000000000000000        0x0 MCAL/RCC.o
 .bss           0x0000000000000000        0x0 MCAL/RCC.o
 .rodata.APBPrescTable
                0x0000000000000000        0x8 MCAL/RCC.o
 .rodata.AHBPrescTable
                0x0000000000000000       0x10 MCAL/RCC.o
 .text.MCAL_RCC_GetSYS_CLCKFreq
                0x0000000000000000       0x3c MCAL/RCC.o
 .text.MCAL_RCC_GetHCLKFreq
                0x0000000000000000       0x28 MCAL/RCC.o
 .text.MCAL_RCC_GetPCLK1Freq
                0x0000000000000000       0x28 MCAL/RCC.o
 .text.MCAL_RCC_GetPCLK2Freq
                0x0000000000000000       0x28 MCAL/RCC.o
 .debug_info    0x0000000000000000      0xb25 MCAL/RCC.o
 .debug_abbrev  0x0000000000000000      0x19b MCAL/RCC.o
 .debug_loc     0x0000000000000000       0xc8 MCAL/RCC.o
 .debug_aranges
                0x0000000000000000       0x38 MCAL/RCC.o
 .debug_ranges  0x0000000000000000       0x28 MCAL/RCC.o
 .debug_macro   0x0000000000000000      0x148 MCAL/RCC.o
 .debug_macro   0x0000000000000000      0xa60 MCAL/RCC.o
 .debug_macro   0x0000000000000000       0x18 MCAL/RCC.o
 .debug_macro   0x0000000000000000       0x22 MCAL/RCC.o
 .debug_macro   0x0000000000000000       0x40 MCAL/RCC.o
 .debug_macro   0x0000000000000000       0x94 MCAL/RCC.o
 .debug_macro   0x0000000000000000       0x3c MCAL/RCC.o
 .debug_macro   0x0000000000000000       0x34 MCAL/RCC.o
 .debug_macro   0x0000000000000000       0x16 MCAL/RCC.o
 .debug_macro   0x0000000000000000      0x10e MCAL/RCC.o
 .debug_macro   0x0000000000000000       0x8d MCAL/RCC.o
 .debug_macro   0x0000000000000000       0x57 MCAL/RCC.o
 .debug_macro   0x0000000000000000       0x52 MCAL/RCC.o
 .debug_macro   0x0000000000000000       0x1f MCAL/RCC.o
 .debug_macro   0x0000000000000000       0x43 MCAL/RCC.o
 .debug_macro   0x0000000000000000       0x20 MCAL/RCC.o
 .debug_macro   0x0000000000000000      0x1a3 MCAL/RCC.o
 .debug_macro   0x0000000000000000      0x330 MCAL/RCC.o
 .debug_macro   0x0000000000000000       0x16 MCAL/RCC.o
 .debug_macro   0x0000000000000000       0x29 MCAL/RCC.o
 .debug_macro   0x0000000000000000       0xef MCAL/RCC.o
 .debug_macro   0x0000000000000000       0x6a MCAL/RCC.o
 .debug_macro   0x0000000000000000      0x1df MCAL/RCC.o
 .debug_macro   0x0000000000000000      0x322 MCAL/RCC.o
 .debug_macro   0x0000000000000000      0x2f1 MCAL/RCC.o
 .debug_macro   0x0000000000000000       0x10 MCAL/RCC.o
 .debug_line    0x0000000000000000      0x5ae MCAL/RCC.o
 .debug_str     0x0000000000000000     0x9242 MCAL/RCC.o
 .comment       0x0000000000000000       0x7c MCAL/RCC.o
 .debug_frame   0x0000000000000000       0x84 MCAL/RCC.o
 .ARM.attributes
                0x0000000000000000       0x33 MCAL/RCC.o
 .group         0x0000000000000000        0xc MCAL/TIMER.o
 .group         0x0000000000000000        0xc MCAL/TIMER.o
 .group         0x0000000000000000        0xc MCAL/TIMER.o
 .group         0x0000000000000000        0xc MCAL/TIMER.o
 .group         0x0000000000000000        0xc MCAL/TIMER.o
 .group         0x0000000000000000        0xc MCAL/TIMER.o
 .group         0x0000000000000000        0xc MCAL/TIMER.o
 .group         0x0000000000000000        0xc MCAL/TIMER.o
 .group         0x0000000000000000        0xc MCAL/TIMER.o
 .group         0x0000000000000000        0xc MCAL/TIMER.o
 .group         0x0000000000000000        0xc MCAL/TIMER.o
 .group         0x0000000000000000        0xc MCAL/TIMER.o
 .group         0x0000000000000000        0xc MCAL/TIMER.o
 .group         0x0000000000000000        0xc MCAL/TIMER.o
 .group         0x0000000000000000        0xc MCAL/TIMER.o
 .group         0x0000000000000000        0xc MCAL/TIMER.o
 .group         0x0000000000000000        0xc MCAL/TIMER.o
 .group         0x0000000000000000        0xc MCAL/TIMER.o
 .group         0x0000000000000000        0xc MCAL/TIMER.o
 .group         0x0000000000000000        0xc MCAL/TIMER.o
 .group         0x0000000000000000        0xc MCAL/TIMER.o
 .group         0x0000000000000000        0xc MCAL/TIMER.o
 .group         0x0000000000000000        0xc MCAL/TIMER.o
 .group         0x0000000000000000        0xc MCAL/TIMER.o
 .group         0x0000000000000000        0xc MCAL/TIMER.o
 .group         0x0000000000000000        0xc MCAL/TIMER.o
 .group         0x0000000000000000        0xc MCAL/TIMER.o
 .text          0x0000000000000000        0x0 MCAL/TIMER.o
 .data          0x0000000000000000        0x0 MCAL/TIMER.o
 .bss           0x0000000000000000        0x0 MCAL/TIMER.o
 .text.MCAL_TIM2_5_SetFreq
                0x0000000000000000       0x16 MCAL/TIMER.o
 .debug_macro   0x0000000000000000      0xa60 MCAL/TIMER.o
 .debug_macro   0x0000000000000000       0x18 MCAL/TIMER.o
 .debug_macro   0x0000000000000000       0x22 MCAL/TIMER.o
 .debug_macro   0x0000000000000000       0x40 MCAL/TIMER.o
 .debug_macro   0x0000000000000000       0x94 MCAL/TIMER.o
 .debug_macro   0x0000000000000000       0x3c MCAL/TIMER.o
 .debug_macro   0x0000000000000000       0x34 MCAL/TIMER.o
 .debug_macro   0x0000000000000000       0x16 MCAL/TIMER.o
 .debug_macro   0x0000000000000000      0x10e MCAL/TIMER.o
 .debug_macro   0x0000000000000000       0x8d MCAL/TIMER.o
 .debug_macro   0x0000000000000000       0x57 MCAL/TIMER.o
 .debug_macro   0x0000000000000000       0x52 MCAL/TIMER.o
 .debug_macro   0x0000000000000000       0x1f MCAL/TIMER.o
 .debug_macro   0x0000000000000000       0x43 MCAL/TIMER.o
 .debug_macro   0x0000000000000000       0x20 MCAL/TIMER.o
 .debug_macro   0x0000000000000000      0x1a3 MCAL/TIMER.o
 .debug_macro   0x0000000000000000      0x330 MCAL/TIMER.o
 .debug_macro   0x0000000000000000       0x16 MCAL/TIMER.o
 .debug_macro   0x0000000000000000       0x29 MCAL/TIMER.o
 .debug_macro   0x0000000000000000       0xef MCAL/TIMER.o
 .debug_macro   0x0000000000000000       0x6a MCAL/TIMER.o
 .debug_macro   0x0000000000000000      0x1df MCAL/TIMER.o
 .debug_macro   0x0000000000000000      0x322 MCAL/TIMER.o
 .debug_macro   0x0000000000000000      0x2f1 MCAL/TIMER.o
 .debug_macro   0x0000000000000000       0x44 MCAL/TIMER.o
 .debug_macro   0x0000000000000000       0xd6 MCAL/TIMER.o
 .group         0x0000000000000000        0xc Src/main.o
 .group         0x0000000000000000        0xc Src/main.o
 .group         0x0000000000000000        0xc Src/main.o
 .group         0x0000000000000000        0xc Src/main.o
 .group         0x0000000000000000        0xc Src/main.o
 .group         0x0000000000000000        0xc Src/main.o
 .group         0x0000000000000000        0xc Src/main.o
 .group         0x0000000000000000        0xc Src/main.o
 .group         0x0000000000000000        0xc Src/main.o
 .group         0x0000000000000000        0xc Src/main.o
 .group         0x0000000000000000        0xc Src/main.o
 .group         0x0000000000000000        0xc Src/main.o
 .group         0x0000000000000000        0xc Src/main.o
 .group         0x0000000000000000        0xc Src/main.o
 .group         0x0000000000000000        0xc Src/main.o
 .group         0x0000000000000000        0xc Src/main.o
 .group         0x0000000000000000        0xc Src/main.o
 .group         0x0000000000000000        0xc Src/main.o
 .group         0x0000000000000000        0xc Src/main.o
 .group         0x0000000000000000        0xc Src/main.o
 .group         0x0000000000000000        0xc Src/main.o
 .group         0x0000000000000000        0xc Src/main.o
 .group         0x0000000000000000        0xc Src/main.o
 .group         0x0000000000000000        0xc Src/main.o
 .group         0x0000000000000000        0xc Src/main.o
 .group         0x0000000000000000        0xc Src/main.o
 .group         0x0000000000000000        0xc Src/main.o
 .group         0x0000000000000000        0xc Src/main.o
 .text          0x0000000000000000        0x0 Src/main.o
 .data          0x0000000000000000        0x0 Src/main.o
 .bss           0x0000000000000000        0x0 Src/main.o
 .debug_macro   0x0000000000000000      0xa60 Src/main.o
 .debug_macro   0x0000000000000000       0x18 Src/main.o
 .debug_macro   0x0000000000000000       0x22 Src/main.o
 .debug_macro   0x0000000000000000       0x40 Src/main.o
 .debug_macro   0x0000000000000000       0x94 Src/main.o
 .debug_macro   0x0000000000000000       0x3c Src/main.o
 .debug_macro   0x0000000000000000       0x34 Src/main.o
 .debug_macro   0x0000000000000000       0x16 Src/main.o
 .debug_macro   0x0000000000000000      0x10e Src/main.o
 .debug_macro   0x0000000000000000       0x8d Src/main.o
 .debug_macro   0x0000000000000000       0x57 Src/main.o
 .debug_macro   0x0000000000000000       0x52 Src/main.o
 .debug_macro   0x0000000000000000       0x1f Src/main.o
 .debug_macro   0x0000000000000000       0x43 Src/main.o
 .debug_macro   0x0000000000000000       0x20 Src/main.o
 .debug_macro   0x0000000000000000      0x1a3 Src/main.o
 .debug_macro   0x0000000000000000      0x330 Src/main.o
 .debug_macro   0x0000000000000000       0x16 Src/main.o
 .debug_macro   0x0000000000000000       0x29 Src/main.o
 .debug_macro   0x0000000000000000       0xef Src/main.o
 .debug_macro   0x0000000000000000       0x6a Src/main.o
 .debug_macro   0x0000000000000000      0x1df Src/main.o
 .debug_macro   0x0000000000000000      0x322 Src/main.o
 .debug_macro   0x0000000000000000      0x2f1 Src/main.o
 .debug_macro   0x0000000000000000       0xd0 Src/main.o
 .debug_macro   0x0000000000000000       0x2e Src/main.o
 .debug_macro   0x0000000000000000       0x34 Src/main.o
 .group         0x0000000000000000        0xc Src/syscalls.o
 .group         0x0000000000000000        0xc Src/syscalls.o
 .group         0x0000000000000000        0xc Src/syscalls.o
 .group         0x0000000000000000        0xc Src/syscalls.o
 .group         0x0000000000000000        0xc Src/syscalls.o
 .group         0x0000000000000000        0xc Src/syscalls.o
 .group         0x0000000000000000        0xc Src/syscalls.o
 .group         0x0000000000000000        0xc Src/syscalls.o
 .group         0x0000000000000000        0xc Src/syscalls.o
 .group         0x0000000000000000        0xc Src/syscalls.o
 .group         0x0000000000000000        0xc Src/syscalls.o
 .group         0x0000000000000000        0xc Src/syscalls.o
 .group         0x0000000000000000        0xc Src/syscalls.o
 .group         0x0000000000000000        0xc Src/syscalls.o
 .group         0x0000000000000000        0xc Src/syscalls.o
 .group         0x0000000000000000        0xc Src/syscalls.o
 .group         0x0000000000000000        0xc Src/syscalls.o
 .group         0x0000000000000000        0xc Src/syscalls.o
 .group         0x0000000000000000        0xc Src/syscalls.o
 .group         0x0000000000000000        0xc Src/syscalls.o
 .group         0x0000000000000000        0xc Src/syscalls.o
 .group         0x0000000000000000        0xc Src/syscalls.o
 .group         0x0000000000000000        0xc Src/syscalls.o
 .group         0x0000000000000000        0xc Src/syscalls.o
 .group         0x0000000000000000        0xc Src/syscalls.o
 .group         0x0000000000000000        0xc Src/syscalls.o
 .group         0x0000000000000000        0xc Src/syscalls.o
 .group         0x0000000000000000        0xc Src/syscalls.o
 .group         0x0000000000000000        0xc Src/syscalls.o
 .group         0x0000000000000000        0xc Src/syscalls.o
 .group         0x0000000000000000        0xc Src/syscalls.o
 .group         0x0000000000000000        0xc Src/syscalls.o
 .group         0x0000000000000000        0xc Src/syscalls.o
 .group         0x0000000000000000        0xc Src/syscalls.o
 .group         0x0000000000000000        0xc Src/syscalls.o
 .group         0x0000000000000000        0xc Src/syscalls.o
 .group         0x0000000000000000        0xc Src/syscalls.o
 .group         0x0000000000000000        0xc Src/syscalls.o
 .group         0x0000000000000000        0xc Src/syscalls.o
 .group         0x0000000000000000        0xc Src/syscalls.o
 .group         0x0000000000000000        0xc Src/syscalls.o
 .group         0x0000000000000000        0xc Src/syscalls.o
 .group         0x0000000000000000        0xc Src/syscalls.o
 .group         0x0000000000000000        0xc Src/syscalls.o
 .text          0x0000000000000000        0x0 Src/syscalls.o
 .data          0x0000000000000000        0x0 Src/syscalls.o
 .bss           0x0000000000000000        0x0 Src/syscalls.o
 .bss.__env     0x0000000000000000        0x4 Src/syscalls.o
 .data.environ  0x0000000000000000        0x4 Src/syscalls.o
 .text.initialise_monitor_handles
                0x0000000000000000        0xc Src/syscalls.o
 .text._getpid  0x0000000000000000        0xe Src/syscalls.o
 .text._kill    0x0000000000000000       0x20 Src/syscalls.o
 .text._exit    0x0000000000000000       0x14 Src/syscalls.o
 .text._read    0x0000000000000000       0x3a Src/syscalls.o
 .text._write   0x0000000000000000       0x38 Src/syscalls.o
 .text._close   0x0000000000000000       0x16 Src/syscalls.o
 .text._fstat   0x0000000000000000       0x1e Src/syscalls.o
 .text._isatty  0x0000000000000000       0x14 Src/syscalls.o
 .text._lseek   0x0000000000000000       0x18 Src/syscalls.o
 .text._open    0x0000000000000000       0x1a Src/syscalls.o
 .text._wait    0x0000000000000000       0x1e Src/syscalls.o
 .text._unlink  0x0000000000000000       0x1e Src/syscalls.o
 .text._times   0x0000000000000000       0x16 Src/syscalls.o
 .text._stat    0x0000000000000000       0x1e Src/syscalls.o
 .text._link    0x0000000000000000       0x20 Src/syscalls.o
 .text._fork    0x0000000000000000       0x16 Src/syscalls.o
 .text._execve  0x0000000000000000       0x22 Src/syscalls.o
 .debug_info    0x0000000000000000     0x1038 Src/syscalls.o
 .debug_abbrev  0x0000000000000000      0x254 Src/syscalls.o
 .debug_loc     0x0000000000000000      0x5b8 Src/syscalls.o
 .debug_aranges
                0x0000000000000000       0xa8 Src/syscalls.o
 .debug_ranges  0x0000000000000000       0x98 Src/syscalls.o
 .debug_macro   0x0000000000000000      0x243 Src/syscalls.o
 .debug_macro   0x0000000000000000      0xa60 Src/syscalls.o
 .debug_macro   0x0000000000000000       0x22 Src/syscalls.o
 .debug_macro   0x0000000000000000       0x40 Src/syscalls.o
 .debug_macro   0x0000000000000000       0x18 Src/syscalls.o
 .debug_macro   0x0000000000000000       0x94 Src/syscalls.o
 .debug_macro   0x0000000000000000       0x3c Src/syscalls.o
 .debug_macro   0x0000000000000000       0x34 Src/syscalls.o
 .debug_macro   0x0000000000000000       0x57 Src/syscalls.o
 .debug_macro   0x0000000000000000      0x174 Src/syscalls.o
 .debug_macro   0x0000000000000000      0x330 Src/syscalls.o
 .debug_macro   0x0000000000000000       0x52 Src/syscalls.o
 .debug_macro   0x0000000000000000       0x1f Src/syscalls.o
 .debug_macro   0x0000000000000000       0x43 Src/syscalls.o
 .debug_macro   0x0000000000000000       0x20 Src/syscalls.o
 .debug_macro   0x0000000000000000      0x1a3 Src/syscalls.o
 .debug_macro   0x0000000000000000       0x10 Src/syscalls.o
 .debug_macro   0x0000000000000000       0x35 Src/syscalls.o
 .debug_macro   0x0000000000000000       0x10 Src/syscalls.o
 .debug_macro   0x0000000000000000       0x10 Src/syscalls.o
 .debug_macro   0x0000000000000000       0x10 Src/syscalls.o
 .debug_macro   0x0000000000000000       0x6a Src/syscalls.o
 .debug_macro   0x0000000000000000       0x1c Src/syscalls.o
 .debug_macro   0x0000000000000000       0x52 Src/syscalls.o
 .debug_macro   0x0000000000000000       0x40 Src/syscalls.o
 .debug_macro   0x0000000000000000       0x10 Src/syscalls.o
 .debug_macro   0x0000000000000000       0x40 Src/syscalls.o
 .debug_macro   0x0000000000000000       0xd7 Src/syscalls.o
 .debug_macro   0x0000000000000000       0x1c Src/syscalls.o
 .debug_macro   0x0000000000000000       0x3d Src/syscalls.o
 .debug_macro   0x0000000000000000       0x35 Src/syscalls.o
 .debug_macro   0x0000000000000000      0x122 Src/syscalls.o
 .debug_macro   0x0000000000000000       0x16 Src/syscalls.o
 .debug_macro   0x0000000000000000       0x16 Src/syscalls.o
 .debug_macro   0x0000000000000000       0x29 Src/syscalls.o
 .debug_macro   0x0000000000000000       0x10 Src/syscalls.o
 .debug_macro   0x0000000000000000      0x241 Src/syscalls.o
 .debug_macro   0x0000000000000000       0x1c Src/syscalls.o
 .debug_macro   0x0000000000000000       0x10 Src/syscalls.o
 .debug_macro   0x0000000000000000       0x10 Src/syscalls.o
 .debug_macro   0x0000000000000000       0x16 Src/syscalls.o
 .debug_macro   0x0000000000000000      0x145 Src/syscalls.o
 .debug_macro   0x0000000000000000      0x189 Src/syscalls.o
 .debug_macro   0x0000000000000000       0x16 Src/syscalls.o
 .debug_macro   0x0000000000000000       0x88 Src/syscalls.o
 .debug_line    0x0000000000000000      0x739 Src/syscalls.o
 .debug_str     0x0000000000000000     0x88ab Src/syscalls.o
 .comment       0x0000000000000000       0x7c Src/syscalls.o
 .debug_frame   0x0000000000000000      0x2ac Src/syscalls.o
 .ARM.attributes
                0x0000000000000000       0x33 Src/syscalls.o
 .group         0x0000000000000000        0xc Src/sysmem.o
 .group         0x0000000000000000        0xc Src/sysmem.o
 .group         0x0000000000000000        0xc Src/sysmem.o
 .group         0x0000000000000000        0xc Src/sysmem.o
 .group         0x0000000000000000        0xc Src/sysmem.o
 .group         0x0000000000000000        0xc Src/sysmem.o
 .group         0x0000000000000000        0xc Src/sysmem.o
 .group         0x0000000000000000        0xc Src/sysmem.o
 .group         0x0000000000000000        0xc Src/sysmem.o
 .group         0x0000000000000000        0xc Src/sysmem.o
 .group         0x0000000000000000        0xc Src/sysmem.o
 .group         0x0000000000000000        0xc Src/sysmem.o
 .group         0x0000000000000000        0xc Src/sysmem.o
 .group         0x0000000000000000        0xc Src/sysmem.o
 .group         0x0000000000000000        0xc Src/sysmem.o
 .group         0x0000000000000000        0xc Src/sysmem.o
 .group         0x0000000000000000        0xc Src/sysmem.o
 .group         0x0000000000000000        0xc Src/sysmem.o
 .group         0x0000000000000000        0xc Src/sysmem.o
 .text          0x0000000000000000        0x0 Src/sysmem.o
 .data          0x0000000000000000        0x0 Src/sysmem.o
 .bss           0x0000000000000000        0x0 Src/sysmem.o
 .bss.__sbrk_heap_end
                0x0000000000000000        0x4 Src/sysmem.o
 .text._sbrk    0x0000000000000000       0x6c Src/sysmem.o
 .debug_info    0x0000000000000000      0xa7c Src/sysmem.o
 .debug_abbrev  0x0000000000000000      0x18e Src/sysmem.o
 .debug_loc     0x0000000000000000       0x50 Src/sysmem.o
 .debug_aranges
                0x0000000000000000       0x20 Src/sysmem.o
 .debug_ranges  0x0000000000000000       0x10 Src/sysmem.o
 .debug_macro   0x0000000000000000       0xee Src/sysmem.o
 .debug_macro   0x0000000000000000      0xa60 Src/sysmem.o
 .debug_macro   0x0000000000000000       0x10 Src/sysmem.o
 .debug_macro   0x0000000000000000       0x22 Src/sysmem.o
 .debug_macro   0x0000000000000000       0x40 Src/sysmem.o
 .debug_macro   0x0000000000000000       0x18 Src/sysmem.o
 .debug_macro   0x0000000000000000       0x94 Src/sysmem.o
 .debug_macro   0x0000000000000000       0x3c Src/sysmem.o
 .debug_macro   0x0000000000000000       0x34 Src/sysmem.o
 .debug_macro   0x0000000000000000      0x174 Src/sysmem.o
 .debug_macro   0x0000000000000000       0x57 Src/sysmem.o
 .debug_macro   0x0000000000000000       0x52 Src/sysmem.o
 .debug_macro   0x0000000000000000       0x1f Src/sysmem.o
 .debug_macro   0x0000000000000000       0x43 Src/sysmem.o
 .debug_macro   0x0000000000000000       0x20 Src/sysmem.o
 .debug_macro   0x0000000000000000      0x1a3 Src/sysmem.o
 .debug_macro   0x0000000000000000      0x23b Src/sysmem.o
 .debug_macro   0x0000000000000000       0xef Src/sysmem.o
 .debug_macro   0x0000000000000000       0x6a Src/sysmem.o
 .debug_macro   0x0000000000000000      0x1df Src/sysmem.o
 .debug_line    0x0000000000000000      0x4c2 Src/sysmem.o
 .debug_str     0x0000000000000000     0x5f79 Src/sysmem.o
 .comment       0x0000000000000000       0x7c Src/sysmem.o
 .debug_frame   0x0000000000000000       0x34 Src/sysmem.o
 .ARM.attributes
                0x0000000000000000       0x33 Src/sysmem.o
 .text          0x0000000000000000       0x14 Startup/startup_stm32f103c8tx.o
 .data          0x0000000000000000        0x0 Startup/startup_stm32f103c8tx.o
 .bss           0x0000000000000000        0x0 Startup/startup_stm32f103c8tx.o
 .text          0x0000000000000000        0x0 c:/st/stm32cubeide_1.4.0/stm32cubeide/plugins/com.st.stm32cube.ide.mcu.externaltools.gnu-tools-for-stm32.7-2018-q2-update.win32_1.4.0.202007081208/tools/bin/../lib/gcc/arm-none-eabi/7.3.1/../../../../arm-none-eabi/lib/thumb/v7-m\libc_nano.a(lib_a-errno.o)
 .data          0x0000000000000000        0x0 c:/st/stm32cubeide_1.4.0/stm32cubeide/plugins/com.st.stm32cube.ide.mcu.externaltools.gnu-tools-for-stm32.7-2018-q2-update.win32_1.4.0.202007081208/tools/bin/../lib/gcc/arm-none-eabi/7.3.1/../../../../arm-none-eabi/lib/thumb/v7-m\libc_nano.a(lib_a-errno.o)
 .bss           0x0000000000000000        0x0 c:/st/stm32cubeide_1.4.0/stm32cubeide/plugins/com.st.stm32cube.ide.mcu.externaltools.gnu-tools-for-stm32.7-2018-q2-update.win32_1.4.0.202007081208/tools/bin/../lib/gcc/arm-none-eabi/7.3.1/../../../../arm-none-eabi/lib/thumb/v7-m\libc_nano.a(lib_a-errno.o)
 .text.__errno  0x0000000000000000        0xc c:/st/stm32cubeide_1.4.0/stm32cubeide/plugins/com.st.stm32cube.ide.mcu.externaltools.gnu-tools-for-stm32.7-2018-q2-update.win32_1.4.0.202007081208/tools/bin/../lib/gcc/arm-none-eabi/7.3.1/../../../../arm-none-eabi/lib/thumb/v7-m\libc_nano.a(lib_a-errno.o)
 .debug_frame   0x0000000000000000       0x20 c:/st/stm32cubeide_1.4.0/stm32cubeide/plugins/com.st.stm32cube.ide.mcu.externaltools.gnu-tools-for-stm32.7-2018-q2-update.win32_1.4.0.202007081208/tools/bin/../lib/gcc/arm-none-eabi/7.3.1/../../../../arm-none-eabi/lib/thumb/v7-m\libc_nano.a(lib_a-errno.o)
 .ARM.attributes
                0x0000000000000000       0x2d c:/st/stm32cubeide_1.4.0/stm32cubeide/plugins/com.st.stm32cube.ide.mcu.externaltools.gnu-tools-for-stm32.7-2018-q2-update.win32_1.4.0.202007081208/tools/bin/../lib/gcc/arm-none-eabi/7.3.1/../../../../arm-none-eabi/lib/thumb/v7-m\libc_nano.a(lib_a-errno.o)
 .text          0x0000000000000000        0x0 c:/st/stm32cubeide_1.4.0/stm32cubeide/plugins/com.st.stm32cube.ide.mcu.externaltools.gnu-tools-for-stm32.7-2018-q2-update.win32_1.4.0.202007081208/tools/bin/../lib/gcc/arm-none-eabi/7.3.1/../../../../arm-none-eabi/lib/thumb/v7-m\libc_nano.a(lib_a-exit.o)
 .data          0x0000000000000000        0x0 c:/st/stm32cubeide_1.4.0/stm32cubeide/plugins/com.st.stm32cube.ide.mcu.externaltools.gnu-tools-for-stm32.7-2018-q2-update.win32_1.4.0.202007081208/tools/bin/../lib/gcc/arm-none-eabi/7.3.1/../../../../arm-none-eabi/lib/thumb/v7-m\libc_nano.a(lib_a-exit.o)
 .bss           0x0000000000000000        0x0 c:/st/stm32cubeide_1.4.0/stm32cubeide/plugins/com.st.stm32cube.ide.mcu.externaltools.gnu-tools-for-stm32.7-2018-q2-update.win32_1.4.0.202007081208/tools/bin/../lib/gcc/arm-none-eabi/7.3.1/../../../../arm-none-eabi/lib/thumb/v7-m\libc_nano.a(lib_a-exit.o)
 .text.exit     0x0000000000000000       0x28 c:/st/stm32cubeide_1.4.0/stm32cubeide/plugins/com.st.stm32cube.ide.mcu.externaltools.gnu-tools-for-stm32.7-2018-q2-update.win32_1.4.0.202007081208/tools/bin/../lib/gcc/arm-none-eabi/7.3.1/../../../../arm-none-eabi/lib/thumb/v7-m\libc_nano.a(lib_a-exit.o)
 .debug_frame   0x0000000000000000       0x28 c:/st/stm32cubeide_1.4.0/stm32cubeide/plugins/com.st.stm32cube.ide.mcu.externaltools.gnu-tools-for-stm32.7-2018-q2-update.win32_1.4.0.202007081208/tools/bin/../lib/gcc/arm-none-eabi/7.3.1/../../../../arm-none-eabi/lib/thumb/v7-m\libc_nano.a(lib_a-exit.o)
 .ARM.attributes
                0x0000000000000000       0x2d c:/st/stm32cubeide_1.4.0/stm32cubeide/plugins/com.st.stm32cube.ide.mcu.externaltools.gnu-tools-for-stm32.7-2018-q2-update.win32_1.4.0.202007081208/tools/bin/../lib/gcc/arm-none-eabi/7.3.1/../../../../arm-none-eabi/lib/thumb/v7-m\libc_nano.a(lib_a-exit.o)
 .text          0x0000000000000000        0x0 c:/st/stm32cubeide_1.4.0/stm32cubeide/plugins/com.st.stm32cube.ide.mcu.externaltools.gnu-tools-for-stm32.7-2018-q2-update.win32_1.4.0.202007081208/tools/bin/../lib/gcc/arm-none-eabi/7.3.1/../../../../arm-none-eabi/lib/thumb/v7-m\libc_nano.a(lib_a-impure.o)
 .data          0x0000000000000000        0x0 c:/st/stm32cubeide_1.4.0/stm32cubeide/plugins/com.st.stm32cube.ide.mcu.externaltools.gnu-tools-for-stm32.7-2018-q2-update.win32_1.4.0.202007081208/tools/bin/../lib/gcc/arm-none-eabi/7.3.1/../../../../arm-none-eabi/lib/thumb/v7-m\libc_nano.a(lib_a-impure.o)
 .bss           0x0000000000000000        0x0 c:/st/stm32cubeide_1.4.0/stm32cubeide/plugins/com.st.stm32cube.ide.mcu.externaltools.gnu-tools-for-stm32.7-2018-q2-update.win32_1.4.0.202007081208/tools/bin/../lib/gcc/arm-none-eabi/7.3.1/../../../../arm-none-eabi/lib/thumb/v7-m\libc_nano.a(lib_a-impure.o)
 .data._impure_ptr
                0x0000000000000000        0x4 c:/st/stm32cubeide_1.4.0/stm32cubeide/plugins/com.st.stm32cube.ide.mcu.externaltools.gnu-tools-for-stm32.7-2018-q2-update.win32_1.4.0.202007081208/tools/bin/../lib/gcc/arm-none-eabi/7.3.1/../../../../arm-none-eabi/lib/thumb/v7-m\libc_nano.a(lib_a-impure.o)
 .data.impure_data
                0x0000000000000000       0x60 c:/st/stm32cubeide_1.4.0/stm32cubeide/plugins/com.st.stm32cube.ide.mcu.externaltools.gnu-tools-for-stm32.7-2018-q2-update.win32_1.4.0.202007081208/tools/bin/../lib/gcc/arm-none-eabi/7.3.1/../../../../arm-none-eabi/lib/thumb/v7-m\libc_nano.a(lib_a-impure.o)
 .rodata._global_impure_ptr
                0x0000000000000000        0x4 c:/st/stm32cubeide_1.4.0/stm32cubeide/plugins/com.st.stm32cube.ide.mcu.externaltools.gnu-tools-for-stm32.7-2018-q2-update.win32_1.4.0.202007081208/tools/bin/../lib/gcc/arm-none-eabi/7.3.1/../../../../arm-none-eabi/lib/thumb/v7-m\libc_nano.a(lib_a-impure.o)
 .ARM.attributes
                0x0000000000000000       0x2d c:/st/stm32cubeide_1.4.0/stm32cubeide/plugins/com.st.stm32cube.ide.mcu.externaltools.gnu-tools-for-stm32.7-2018-q2-update.win32_1.4.0.202007081208/tools/bin/../lib/gcc/arm-none-eabi/7.3.1/../../../../arm-none-eabi/lib/thumb/v7-m\libc_nano.a(lib_a-impure.o)
 .text          0x0000000000000000        0x0 c:/st/stm32cubeide_1.4.0/stm32cubeide/plugins/com.st.stm32cube.ide.mcu.externaltools.gnu-tools-for-stm32.7-2018-q2-update.win32_1.4.0.202007081208/tools/bin/../lib/gcc/arm-none-eabi/7.3.1/../../../../arm-none-eabi/lib/thumb/v7-m\libc_nano.a(lib_a-init.o)
 .data          0x0000000000000000        0x0 c:/st/stm32cubeide_1.4.0/stm32cubeide/plugins/com.st.stm32cube.ide.mcu.externaltools.gnu-tools-for-stm32.7-2018-q2-update.win32_1.4.0.202007081208/tools/bin/../lib/gcc/arm-none-eabi/7.3.1/../../../../arm-none-eabi/lib/thumb/v7-m\libc_nano.a(lib_a-init.o)
 .bss           0x0000000000000000        0x0 c:/st/stm32cubeide_1.4.0/stm32cubeide/plugins/com.st.stm32cube.ide.mcu.externaltools.gnu-tools-for-stm32.7-2018-q2-update.win32_1.4.0.202007081208/tools/bin/../lib/gcc/arm-none-eabi/7.3.1/../../../../arm-none-eabi/lib/thumb/v7-m\libc_nano.a(lib_a-init.o)
 .text          0x0000000000000000        0x0 c:/st/stm32cubeide_1.4.0/stm32cubeide/plugins/com.st.stm32cube.ide.mcu.externaltools.gnu-tools-for-stm32.7-2018-q2-update.win32_1.4.0.202007081208/tools/bin/../lib/gcc/arm-none-eabi/7.3.1/../../../../arm-none-eabi/lib/thumb/v7-m\libc_nano.a(lib_a-memset.o)
 .data          0x0000000000000000        0x0 c:/st/stm32cubeide_1.4.0/stm32cubeide/plugins/com.st.stm32cube.ide.mcu.externaltools.gnu-tools-for-stm32.7-2018-q2-update.win32_1.4.0.202007081208/tools/bin/../lib/gcc/arm-none-eabi/7.3.1/../../../../arm-none-eabi/lib/thumb/v7-m\libc_nano.a(lib_a-memset.o)
 .bss           0x0000000000000000        0x0 c:/st/stm32cubeide_1.4.0/stm32cubeide/plugins/com.st.stm32cube.ide.mcu.externaltools.gnu-tools-for-stm32.7-2018-q2-update.win32_1.4.0.202007081208/tools/bin/../lib/gcc/arm-none-eabi/7.3.1/../../../../arm-none-eabi/lib/thumb/v7-m\libc_nano.a(lib_a-memset.o)
 .text.memset   0x0000000000000000       0x10 c:/st/stm32cubeide_1.4.0/stm32cubeide/plugins/com.st.stm32cube.ide.mcu.externaltools.gnu-tools-for-stm32.7-2018-q2-update.win32_1.4.0.202007081208/tools/bin/../lib/gcc/arm-none-eabi/7.3.1/../../../../arm-none-eabi/lib/thumb/v7-m\libc_nano.a(lib_a-memset.o)
 .debug_frame   0x0000000000000000       0x20 c:/st/stm32cubeide_1.4.0/stm32cubeide/plugins/com.st.stm32cube.ide.mcu.externaltools.gnu-tools-for-stm32.7-2018-q2-update.win32_1.4.0.202007081208/tools/bin/../lib/gcc/arm-none-eabi/7.3.1/../../../../arm-none-eabi/lib/thumb/v7-m\libc_nano.a(lib_a-memset.o)
 .ARM.attributes
                0x0000000000000000       0x2d c:/st/stm32cubeide_1.4.0/stm32cubeide/plugins/com.st.stm32cube.ide.mcu.externaltools.gnu-tools-for-stm32.7-2018-q2-update.win32_1.4.0.202007081208/tools/bin/../lib/gcc/arm-none-eabi/7.3.1/../../../../arm-none-eabi/lib/thumb/v7-m\libc_nano.a(lib_a-memset.o)
 .text          0x0000000000000000      0x21c c:/st/stm32cubeide_1.4.0/stm32cubeide/plugins/com.st.stm32cube.ide.mcu.externaltools.gnu-tools-for-stm32.7-2018-q2-update.win32_1.4.0.202007081208/tools/bin/../lib/gcc/arm-none-eabi/7.3.1/thumb/v7-m\libgcc.a(_arm_addsubsf3.o)
 .data          0x0000000000000000        0x0 c:/st/stm32cubeide_1.4.0/stm32cubeide/plugins/com.st.stm32cube.ide.mcu.externaltools.gnu-tools-for-stm32.7-2018-q2-update.win32_1.4.0.202007081208/tools/bin/../lib/gcc/arm-none-eabi/7.3.1/thumb/v7-m\libgcc.a(_arm_addsubsf3.o)
 .bss           0x0000000000000000        0x0 c:/st/stm32cubeide_1.4.0/stm32cubeide/plugins/com.st.stm32cube.ide.mcu.externaltools.gnu-tools-for-stm32.7-2018-q2-update.win32_1.4.0.202007081208/tools/bin/../lib/gcc/arm-none-eabi/7.3.1/thumb/v7-m\libgcc.a(_arm_addsubsf3.o)
 .debug_frame   0x0000000000000000       0x4c c:/st/stm32cubeide_1.4.0/stm32cubeide/plugins/com.st.stm32cube.ide.mcu.externaltools.gnu-tools-for-stm32.7-2018-q2-update.win32_1.4.0.202007081208/tools/bin/../lib/gcc/arm-none-eabi/7.3.1/thumb/v7-m\libgcc.a(_arm_addsubsf3.o)
 .ARM.attributes
                0x0000000000000000       0x1d c:/st/stm32cubeide_1.4.0/stm32cubeide/plugins/com.st.stm32cube.ide.mcu.externaltools.gnu-tools-for-stm32.7-2018-q2-update.win32_1.4.0.202007081208/tools/bin/../lib/gcc/arm-none-eabi/7.3.1/thumb/v7-m\libgcc.a(_arm_addsubsf3.o)
 .text          0x0000000000000000      0x2a0 c:/st/stm32cubeide_1.4.0/stm32cubeide/plugins/com.st.stm32cube.ide.mcu.externaltools.gnu-tools-for-stm32.7-2018-q2-update.win32_1.4.0.202007081208/tools/bin/../lib/gcc/arm-none-eabi/7.3.1/thumb/v7-m\libgcc.a(_arm_muldivsf3.o)
 .data          0x0000000000000000        0x0 c:/st/stm32cubeide_1.4.0/stm32cubeide/plugins/com.st.stm32cube.ide.mcu.externaltools.gnu-tools-for-stm32.7-2018-q2-update.win32_1.4.0.202007081208/tools/bin/../lib/gcc/arm-none-eabi/7.3.1/thumb/v7-m\libgcc.a(_arm_muldivsf3.o)
 .bss           0x0000000000000000        0x0 c:/st/stm32cubeide_1.4.0/stm32cubeide/plugins/com.st.stm32cube.ide.mcu.externaltools.gnu-tools-for-stm32.7-2018-q2-update.win32_1.4.0.202007081208/tools/bin/../lib/gcc/arm-none-eabi/7.3.1/thumb/v7-m\libgcc.a(_arm_muldivsf3.o)
 .debug_frame   0x0000000000000000       0x38 c:/st/stm32cubeide_1.4.0/stm32cubeide/plugins/com.st.stm32cube.ide.mcu.externaltools.gnu-tools-for-stm32.7-2018-q2-update.win32_1.4.0.202007081208/tools/bin/../lib/gcc/arm-none-eabi/7.3.1/thumb/v7-m\libgcc.a(_arm_muldivsf3.o)
 .ARM.attributes
                0x0000000000000000       0x1d c:/st/stm32cubeide_1.4.0/stm32cubeide/plugins/com.st.stm32cube.ide.mcu.externaltools.gnu-tools-for-stm32.7-2018-q2-update.win32_1.4.0.202007081208/tools/bin/../lib/gcc/arm-none-eabi/7.3.1/thumb/v7-m\libgcc.a(_arm_muldivsf3.o)
 .text          0x0000000000000000       0xec c:/st/stm32cubeide_1.4.0/stm32cubeide/plugins/com.st.stm32cube.ide.mcu.externaltools.gnu-tools-for-stm32.7-2018-q2-update.win32_1.4.0.202007081208/tools/bin/../lib/gcc/arm-none-eabi/7.3.1/thumb/v7-m\libgcc.a(_arm_cmpsf2.o)
 .data          0x0000000000000000        0x0 c:/st/stm32cubeide_1.4.0/stm32cubeide/plugins/com.st.stm32cube.ide.mcu.externaltools.gnu-tools-for-stm32.7-2018-q2-update.win32_1.4.0.202007081208/tools/bin/../lib/gcc/arm-none-eabi/7.3.1/thumb/v7-m\libgcc.a(_arm_cmpsf2.o)
 .bss           0x0000000000000000        0x0 c:/st/stm32cubeide_1.4.0/stm32cubeide/plugins/com.st.stm32cube.ide.mcu.externaltools.gnu-tools-for-stm32.7-2018-q2-update.win32_1.4.0.202007081208/tools/bin/../lib/gcc/arm-none-eabi/7.3.1/thumb/v7-m\libgcc.a(_arm_cmpsf2.o)
 .debug_frame   0x0000000000000000       0xc8 c:/st/stm32cubeide_1.4.0/stm32cubeide/plugins/com.st.stm32cube.ide.mcu.externaltools.gnu-tools-for-stm32.7-2018-q2-update.win32_1.4.0.202007081208/tools/bin/../lib/gcc/arm-none-eabi/7.3.1/thumb/v7-m\libgcc.a(_arm_cmpsf2.o)
 .ARM.attributes
                0x0000000000000000       0x1d c:/st/stm32cubeide_1.4.0/stm32cubeide/plugins/com.st.stm32cube.ide.mcu.externaltools.gnu-tools-for-stm32.7-2018-q2-update.win32_1.4.0.202007081208/tools/bin/../lib/gcc/arm-none-eabi/7.3.1/thumb/v7-m\libgcc.a(_arm_cmpsf2.o)
 .text          0x0000000000000000       0x40 c:/st/stm32cubeide_1.4.0/stm32cubeide/plugins/com.st.stm32cube.ide.mcu.externaltools.gnu-tools-for-stm32.7-2018-q2-update.win32_1.4.0.202007081208/tools/bin/../lib/gcc/arm-none-eabi/7.3.1/thumb/v7-m\libgcc.a(_arm_fixunssfsi.o)
 .data          0x0000000000000000        0x0 c:/st/stm32cubeide_1.4.0/stm32cubeide/plugins/com.st.stm32cube.ide.mcu.externaltools.gnu-tools-for-stm32.7-2018-q2-update.win32_1.4.0.202007081208/tools/bin/../lib/gcc/arm-none-eabi/7.3.1/thumb/v7-m\libgcc.a(_arm_fixunssfsi.o)
 .bss           0x0000000000000000        0x0 c:/st/stm32cubeide_1.4.0/stm32cubeide/plugins/com.st.stm32cube.ide.mcu.externaltools.gnu-tools-for-stm32.7-2018-q2-update.win32_1.4.0.202007081208/tools/bin/../lib/gcc/arm-none-eabi/7.3.1/thumb/v7-m\libgcc.a(_arm_fixunssfsi.o)
 .debug_frame   0x0000000000000000       0x24 c:/st/stm32cubeide_1.4.0/stm32cubeide/plugins/com.st.stm32cube.ide.mcu.externaltools.gnu-tools-for-stm32.7-2018-q2-update.win32_1.4.0.202007081208/tools/bin/../lib/gcc/arm-none-eabi/7.3.1/thumb/v7-m\libgcc.a(_arm_fixunssfsi.o)
 .ARM.attributes
                0x0000000000000000       0x1d c:/st/stm32cubeide_1.4.0/stm32cubeide/plugins/com.st.stm32cube.ide.mcu.externaltools.gnu-tools-for-stm32.7-2018-q2-update.win32_1.4.0.202007081208/tools/bin/../lib/gcc/arm-none-eabi/7.3.1/thumb/v7-m\libgcc.a(_arm_fixunssfsi.o)
 .text          0x0000000000000000        0x0 c:/st/stm32cubeide_1.4.0/stm32cubeide/plugins/com.st.stm32cube.ide.mcu.externaltools.gnu-tools-for-stm32.7-2018-q2-update.win32_1.4.0.202007081208/tools/bin/../lib/gcc/arm-none-eabi/7.3.1/thumb/v7-m/crtend.o
 .data          0x0000000000000000        0x0 c:/st/stm32cubeide_1.4.0/stm32cubeide/plugins/com.st.stm32cube.ide.mcu.externaltools.gnu-tools-for-stm32.7-2018-q2-update.win32_1.4.0.202007081208/tools/bin/../lib/gcc/arm-none-eabi/7.3.1/thumb/v7-m/crtend.o
 .bss           0x0000000000000000        0x0 c:/st/stm32cubeide_1.4.0/stm32cubeide/plugins/com.st.stm32cube.ide.mcu.externaltools.gnu-tools-for-stm32.7-2018-q2-update.win32_1.4.0.202007081208/tools/bin/../lib/gcc/arm-none-eabi/7.3.1/thumb/v7-m/crtend.o
 .eh_frame      0x0000000000000000        0x4 c:/st/stm32cubeide_1.4.0/stm32cubeide/plugins/com.st.stm32cube.ide.mcu.externaltools.gnu-tools-for-stm32.7-2018-q2-update.win32_1.4.0.202007081208/tools/bin/../lib/gcc/arm-none-eabi/7.3.1/thumb/v7-m/crtend.o
 .ARM.attributes
                0x0000000000000000       0x2d c:/st/stm32cubeide_1.4.0/stm32cubeide/plugins/com.st.stm32cube.ide.mcu.externaltools.gnu-tools-for-stm32.7-2018-q2-update.win32_1.4.0.202007081208/tools/bin/../lib/gcc/arm-none-eabi/7.3.1/thumb/v7-m/crtend.o
 .text          0x0000000000000000        0x0 c:/st/stm32cubeide_1.4.0/stm32cubeide/plugins/com.st.stm32cube.ide.mcu.externaltools.gnu-tools-for-stm32.7-2018-q2-update.win32_1.4.0.202007081208/tools/bin/../lib/gcc/arm-none-eabi/7.3.1/thumb/v7-m/crtn.o
 .data          0x0000000000000000        0x0 c:/st/stm32cubeide_1.4.0/stm32cubeide/plugins/com.st.stm32cube.ide.mcu.externaltools.gnu-tools-for-stm32.7-2018-q2-update.win32_1.4.0.202007081208/tools/bin/../lib/gcc/arm-none-eabi/7.3.1/thumb/v7-m/crtn.o
 .bss           0x0000000000000000        0x0 c:/st/stm32cubeide_1.4.0/stm32cubeide/plugins/com.st.stm32cube.ide.mcu.externaltools.gnu-tools-for-stm32.7-2018-q2-update.win32_1.4.0.202007081208/tools/bin/../lib/gcc/arm-none-eabi/7.3.1/thumb/v7-m/crtn.o

Memory Configuration

Name             Origin             Length             Attributes
RAM              0x0000000020000000 0x0000000000005000 xrw
ROM              0x0000000008000000 0x0000000000010000 xr
*default*        0x0000000000000000 0xffffffffffffffff

Linker script and memory map

LOAD c:/st/stm32cubeide_1.4.0/stm32cubeide/plugins/com.st.stm32cube.ide.mcu.externaltools.gnu-tools-for-stm32.7-2018-q2-update.win32_1.4.0.202007081208/tools/bin/../lib/gcc/arm-none-eabi/7.3.1/thumb/v7-m/crti.o
LOAD c:/st/stm32cubeide_1.4.0/stm32cubeide/plugins/com.st.stm32cube.ide.mcu.externaltools.gnu-tools-for-stm32.7-2018-q2-update.win32_1.4.0.202007081208/tools/bin/../lib/gcc/arm-none-eabi/7.3.1/thumb/v7-m/crtbegin.o
LOAD c:/st/stm32cubeide_1.4.0/stm32cubeide/plugins/com.st.stm32cube.ide.mcu.externaltools.gnu-tools-for-stm32.7-2018-q2-update.win32_1.4.0.202007081208/tools/bin/../lib/gcc/arm-none-eabi/7.3.1/../../../../arm-none-eabi/lib/thumb/v7-m/crt0.o
LOAD HAL/A2Z_Engineering_Drone_ESC.o
LOAD MCAL/GPIO.o
LOAD MCAL/I2C.o
LOAD MCAL/RCC.o
LOAD MCAL/TIMER.o
LOAD Src/main.o
LOAD Src/syscalls.o
LOAD Src/sysmem.o
LOAD Startup/startup_stm32f103c8tx.o
START GROUP
LOAD c:/st/stm32cubeide_1.4.0/stm32cubeide/plugins/com.st.stm32cube.ide.mcu.externaltools.gnu-tools-for-stm32.7-2018-q2-update.win32_1.4.0.202007081208/tools/bin/../lib/gcc/arm-none-eabi/7.3.1/../../../../arm-none-eabi/lib/thumb/v7-m\libc_nano.a
LOAD c:/st/stm32cubeide_1.4.0/stm32cubeide/plugins/com.st.stm32cube.ide.mcu.externaltools.gnu-tools-for-stm32.7-2018-q2-update.win32_1.4.0.202007081208/tools/bin/../lib/gcc/arm-none-eabi/7.3.1/../../../../arm-none-eabi/lib/thumb/v7-m\libm.a
END GROUP
START GROUP
LOAD c:/st/stm32cubeide_1.4.0/stm32cubeide/plugins/com.st.stm32cube.ide.mcu.externaltools.gnu-tools-for-stm32.7-2018-q2-update.win32_1.4.0.202007081208/tools/bin/../lib/gcc/arm-none-eabi/7.3.1/thumb/v7-m\libgcc.a
LOAD c:/st/stm32cubeide_1.4.0/stm32cubeide/plugins/com.st.stm32cube.ide.mcu.externaltools.gnu-tools-for-stm32.7-2018-q2-update.win32_1.4.0.202007081208/tools/bin/../lib/gcc/arm-none-eabi/7.3.1/../../../../arm-none-eabi/lib/thumb/v7-m\libg_nano.a
LOAD c:/st/stm32cubeide_1.4.0/stm32cubeide/plugins/com.st.stm32cube.ide.mcu.externaltools.gnu-tools-for-stm32.7-2018-q2-update.win32_1.4.0.202007081208/tools/bin/../lib/gcc/arm-none-eabi/7.3.1/../../../../arm-none-eabi/lib/thumb/v7-m\libc_nano.a
END GROUP
START GROUP
LOAD c:/st/stm32cubeide_1.4.0/stm32cubeide/plugins/com.st.stm32cube.ide.mcu.externaltools.gnu-tools-for-stm32.7-2018-q2-update.win32_1.4.0.202007081208/tools/bin/../lib/gcc/arm-none-eabi/7.3.1/thumb/v7-m\libgcc.a
LOAD c:/st/stm32cubeide_1.4.0/stm32cubeide/plugins/com.st.stm32cube.ide.mcu.externaltools.gnu-tools-for-stm32.7-2018-q2-update.win32_1.4.0.202007081208/tools/bin/../lib/gcc/arm-none-eabi/7.3.1/../../../../arm-none-eabi/lib/thumb/v7-m\libc_nano.a
LOAD c:/st/stm32cubeide_1.4.0/stm32cubeide/plugins/com.st.stm32cube.ide.mcu.externaltools.gnu-tools-for-stm32.7-2018-q2-update.win32_1.4.0.202007081208/tools/bin/../lib/gcc/arm-none-eabi/7.3.1/../../../../arm-none-eabi/lib/thumb/v7-m\libnosys.a
END GROUP
START GROUP
LOAD c:/st/stm32cubeide_1.4.0/stm32cubeide/plugins/com.st.stm32cube.ide.mcu.externaltools.gnu-tools-for-stm32.7-2018-q2-update.win32_1.4.0.202007081208/tools/bin/../lib/gcc/arm-none-eabi/7.3.1/thumb/v7-m\libgcc.a
LOAD c:/st/stm32cubeide_1.4.0/stm32cubeide/plugins/com.st.stm32cube.ide.mcu.externaltools.gnu-tools-for-stm32.7-2018-q2-update.win32_1.4.0.202007081208/tools/bin/../lib/gcc/arm-none-eabi/7.3.1/../../../../arm-none-eabi/lib/thumb/v7-m\libc_nano.a
LOAD c:/st/stm32cubeide_1.4.0/stm32cubeide/plugins/com.st.stm32cube.ide.mcu.externaltools.gnu-tools-for-stm32.7-2018-q2-update.win32_1.4.0.202007081208/tools/bin/../lib/gcc/arm-none-eabi/7.3.1/../../../../arm-none-eabi/lib/thumb/v7-m\libnosys.a
END GROUP
LOAD c:/st/stm32cubeide_1.4.0/stm32cubeide/plugins/com.st.stm32cube.ide.mcu.externaltools.gnu-tools-for-stm32.7-2018-q2-update.win32_1.4.0.202007081208/tools/bin/../lib/gcc/arm-none-eabi/7.3.1/thumb/v7-m/crtend.o
LOAD c:/st/stm32cubeide_1.4.0/stm32cubeide/plugins/com.st.stm32cube.ide.mcu.externaltools.gnu-tools-for-stm32.7-2018-q2-update.win32_1.4.0.202007081208/tools/bin/../lib/gcc/arm-none-eabi/7.3.1/thumb/v7-m/crtn.o
                0x0000000020005000                _estack = (ORIGIN (RAM) + LENGTH (RAM))
                0x0000000000000200                _Min_Heap_Size = 0x200
                0x0000000000000400                _Min_Stack_Size = 0x400

.isr_vector     0x0000000008000000      0x130
                0x0000000008000000                . = ALIGN (0x4)
 *(.isr_vector)
 .isr_vector    0x0000000008000000      0x130 Startup/startup_stm32f103c8tx.o
                0x0000000008000000                g_pfnVectors
                0x0000000008000130                . = ALIGN (0x4)

.text           0x0000000008000130      0x954
                0x0000000008000130                . = ALIGN (0x4)
 *(.text)
 .text          0x0000000008000130       0x40 c:/st/stm32cubeide_1.4.0/stm32cubeide/plugins/com.st.stm32cube.ide.mcu.externaltools.gnu-tools-for-stm32.7-2018-q2-update.win32_1.4.0.202007081208/tools/bin/../lib/gcc/arm-none-eabi/7.3.1/thumb/v7-m/crtbegin.o
 *(.text*)
 .text.Get_u8CRLH_Position
                0x0000000008000170       0xb4 MCAL/GPIO.o
                0x0000000008000170                Get_u8CRLH_Position
 .text.MCAL_GPIO_voidInit
                0x0000000008000224      0x118 MCAL/GPIO.o
                0x0000000008000224                MCAL_GPIO_voidInit
 .text.I2C1_ER_IRQHandler
                0x000000000800033c        0xc MCAL/I2C.o
                0x000000000800033c                I2C1_ER_IRQHandler
 .text.I2C1_EV_IRQHandler
                0x0000000008000348       0xec MCAL/I2C.o
                0x0000000008000348                I2C1_EV_IRQHandler
 .text.Slave_States
                0x0000000008000434       0xe0 MCAL/I2C.o
                0x0000000008000434                Slave_States
 .text.I2C2_ER_IRQHandler
                0x0000000008000514        0xc MCAL/I2C.o
                0x0000000008000514                I2C2_ER_IRQHandler
 .text.I2C2_EV_IRQHandler
                0x0000000008000520        0xc MCAL/I2C.o
                0x0000000008000520                I2C2_EV_IRQHandler
 .text._TIM2_PWM_GPIO_MAPPING
                0x000000000800052c       0x60 MCAL/TIMER.o
                0x000000000800052c                _TIM2_PWM_GPIO_MAPPING
 .text.MCAL_TIM2_Init
                0x000000000800058c      0x2e2 MCAL/TIMER.o
                0x000000000800058c                MCAL_TIM2_Init
 *fill*         0x000000000800086e        0x2 
 .text.MCAL_TIM2_SetDuty
                0x0000000008000870       0xa0 MCAL/TIMER.o
                0x0000000008000870                MCAL_TIM2_SetDuty
 .text.main     0x0000000008000910       0xc0 Src/main.o
                0x0000000008000910                main
 .text.Reset_Handler
                0x00000000080009d0       0x50 Startup/startup_stm32f103c8tx.o
                0x00000000080009d0                Reset_Handler
 .text.Default_Handler
                0x0000000008000a20        0x2 Startup/startup_stm32f103c8tx.o
                0x0000000008000a20                EXTI2_IRQHandler
                0x0000000008000a20                TIM8_TRG_COM_IRQHandler
                0x0000000008000a20                TIM8_CC_IRQHandler
                0x0000000008000a20                DebugMon_Handler
                0x0000000008000a20                TIM1_CC_IRQHandler
                0x0000000008000a20                HardFault_Handler
                0x0000000008000a20                TIM6_IRQHandler
                0x0000000008000a20                SysTick_Handler
                0x0000000008000a20                PVD_IRQHandler
                0x0000000008000a20                SDIO_IRQHandler
                0x0000000008000a20                PendSV_Handler
                0x0000000008000a20                NMI_Handler
                0x0000000008000a20                EXTI3_IRQHandler
                0x0000000008000a20                USB_HP_CAN_TX_IRQHandler
                0x0000000008000a20                EXTI0_IRQHandler
                0x0000000008000a20                UsageFault_Handler
                0x0000000008000a20                ADC1_2_IRQHandler
                0x0000000008000a20                SPI1_IRQHandler
                0x0000000008000a20                CAN_SCE_IRQHandler
                0x0000000008000a20                TAMPER_IRQHandler
                0x0000000008000a20                TIM8_UP_IRQHandler
                0x0000000008000a20                DMA2_Channel2_IRQHandler
                0x0000000008000a20                DMA1_Channel4_IRQHandler
                0x0000000008000a20                USART3_IRQHandler
                0x0000000008000a20                RTC_IRQHandler
                0x0000000008000a20                DMA1_Channel7_IRQHandler
                0x0000000008000a20                UART5_IRQHandler
                0x0000000008000a20                ADC3_IRQHandler
                0x0000000008000a20                TIM4_IRQHandler
                0x0000000008000a20                CAN_RX1_IRQHandler
                0x0000000008000a20                DMA2_Channel1_IRQHandler
                0x0000000008000a20                DMA1_Channel6_IRQHandler
                0x0000000008000a20                UART4_IRQHandler
                0x0000000008000a20                TIM3_IRQHandler
                0x0000000008000a20                RCC_IRQHandler
                0x0000000008000a20                TIM1_TRG_COM_IRQHandler
                0x0000000008000a20                DMA1_Channel1_IRQHandler
                0x0000000008000a20                Default_Handler
                0x0000000008000a20                EXTI15_10_IRQHandler
                0x0000000008000a20                TIM7_IRQHandler
                0x0000000008000a20                TIM5_IRQHandler
                0x0000000008000a20                EXTI9_5_IRQHandler
                0x0000000008000a20                SPI2_IRQHandler
                0x0000000008000a20                USB_LP_CAN_RX0_IRQHandler
                0x0000000008000a20                MemManage_Handler
                0x0000000008000a20                SVC_Handler
                0x0000000008000a20                DMA1_Channel5_IRQHandler
                0x0000000008000a20                EXTI4_IRQHandler
                0x0000000008000a20                DMA1_Channel3_IRQHandler
                0x0000000008000a20                FSMC_IRQHandler
                0x0000000008000a20                TIM1_UP_IRQHandler
                0x0000000008000a20                WWDG_IRQHandler
                0x0000000008000a20                TIM2_IRQHandler
                0x0000000008000a20                TIM1_BRK_IRQHandler
                0x0000000008000a20                EXTI1_IRQHandler
                0x0000000008000a20                RTCAlarm_IRQHandler
                0x0000000008000a20                DMA2_Channel4_5_IRQHandler
                0x0000000008000a20                USART2_IRQHandler
                0x0000000008000a20                DMA1_Channel2_IRQHandler
                0x0000000008000a20                TIM8_BRK_IRQHandler
                0x0000000008000a20                FLASH_IRQHandler
                0x0000000008000a20                BusFault_Handler
                0x0000000008000a20                USART1_IRQHandler
                0x0000000008000a20                SPI3_IRQHandler
                0x0000000008000a20                DMA2_Channel3_IRQHandler
 *fill*         0x0000000008000a22        0x2 
 .text.__libc_init_array
                0x0000000008000a24       0x48 c:/st/stm32cubeide_1.4.0/stm32cubeide/plugins/com.st.stm32cube.ide.mcu.externaltools.gnu-tools-for-stm32.7-2018-q2-update.win32_1.4.0.202007081208/tools/bin/../lib/gcc/arm-none-eabi/7.3.1/../../../../arm-none-eabi/lib/thumb/v7-m\libc_nano.a(lib_a-init.o)
                0x0000000008000a24                __libc_init_array
 *(.glue_7)
 .glue_7        0x0000000008000a6c        0x0 linker stubs
 *(.glue_7t)
 .glue_7t       0x0000000008000a6c        0x0 linker stubs
 *(.eh_frame)
 .eh_frame      0x0000000008000a6c        0x0 c:/st/stm32cubeide_1.4.0/stm32cubeide/plugins/com.st.stm32cube.ide.mcu.externaltools.gnu-tools-for-stm32.7-2018-q2-update.win32_1.4.0.202007081208/tools/bin/../lib/gcc/arm-none-eabi/7.3.1/thumb/v7-m/crtbegin.o
 *(.init)
 .init          0x0000000008000a6c        0x4 c:/st/stm32cubeide_1.4.0/stm32cubeide/plugins/com.st.stm32cube.ide.mcu.externaltools.gnu-tools-for-stm32.7-2018-q2-update.win32_1.4.0.202007081208/tools/bin/../lib/gcc/arm-none-eabi/7.3.1/thumb/v7-m/crti.o
                0x0000000008000a6c                _init
 .init          0x0000000008000a70        0x8 c:/st/stm32cubeide_1.4.0/stm32cubeide/plugins/com.st.stm32cube.ide.mcu.externaltools.gnu-tools-for-stm32.7-2018-q2-update.win32_1.4.0.202007081208/tools/bin/../lib/gcc/arm-none-eabi/7.3.1/thumb/v7-m/crtn.o
 *(.fini)
 .fini          0x0000000008000a78        0x4 c:/st/stm32cubeide_1.4.0/stm32cubeide/plugins/com.st.stm32cube.ide.mcu.externaltools.gnu-tools-for-stm32.7-2018-q2-update.win32_1.4.0.202007081208/tools/bin/../lib/gcc/arm-none-eabi/7.3.1/thumb/v7-m/crti.o
                0x0000000008000a78                _fini
 .fini          0x0000000008000a7c        0x8 c:/st/stm32cubeide_1.4.0/stm32cubeide/plugins/com.st.stm32cube.ide.mcu.externaltools.gnu-tools-for-stm32.7-2018-q2-update.win32_1.4.0.202007081208/tools/bin/../lib/gcc/arm-none-eabi/7.3.1/thumb/v7-m/crtn.o
                0x0000000008000a84                . = ALIGN (0x4)
                0x0000000008000a84                _etext = .

.vfp11_veneer   0x0000000008000a84        0x0
 .vfp11_veneer  0x0000000008000a84        0x0 linker stubs

.v4_bx          0x0000000008000a84        0x0
 .v4_bx         0x0000000008000a84        0x0 linker stubs

.iplt           0x0000000008000a84        0x0
 .iplt          0x0000000008000a84        0x0 c:/st/stm32cubeide_1.4.0/stm32cubeide/plugins/com.st.stm32cube.ide.mcu.externaltools.gnu-tools-for-stm32.7-2018-q2-update.win32_1.4.0.202007081208/tools/bin/../lib/gcc/arm-none-eabi/7.3.1/thumb/v7-m/crtbegin.o

.rodata         0x0000000008000a84        0x4
                0x0000000008000a84                . = ALIGN (0x4)
 *(.rodata)
 .rodata        0x0000000008000a84        0x4 MCAL/TIMER.o
 *(.rodata*)
                0x0000000008000a88                . = ALIGN (0x4)

.rel.dyn        0x0000000008000a88        0x0
 .rel.iplt      0x0000000008000a88        0x0 c:/st/stm32cubeide_1.4.0/stm32cubeide/plugins/com.st.stm32cube.ide.mcu.externaltools.gnu-tools-for-stm32.7-2018-q2-update.win32_1.4.0.202007081208/tools/bin/../lib/gcc/arm-none-eabi/7.3.1/thumb/v7-m/crtbegin.o

.ARM.extab      0x0000000008000a88        0x0
                0x0000000008000a88                . = ALIGN (0x4)
 *(.ARM.extab* .gnu.linkonce.armextab.*)
                0x0000000008000a88                . = ALIGN (0x4)

.ARM            0x0000000008000a88        0x0
                0x0000000008000a88                . = ALIGN (0x4)
                0x0000000008000a88                __exidx_start = .
 *(.ARM.exidx*)
                0x0000000008000a88                __exidx_end = .
                0x0000000008000a88                . = ALIGN (0x4)

.preinit_array  0x0000000008000a88        0x0
                0x0000000008000a88                . = ALIGN (0x4)
                0x0000000008000a88                PROVIDE (__preinit_array_start = .)
 *(.preinit_array*)
                0x0000000008000a88                PROVIDE (__preinit_array_end = .)
                0x0000000008000a88                . = ALIGN (0x4)

.init_array     0x0000000008000a88        0x4
                0x0000000008000a88                . = ALIGN (0x4)
                0x0000000008000a88                PROVIDE (__init_array_start = .)
 *(SORT_BY_NAME(.init_array.*))
 *(.init_array*)
 .init_array    0x0000000008000a88        0x4 c:/st/stm32cubeide_1.4.0/stm32cubeide/plugins/com.st.stm32cube.ide.mcu.externaltools.gnu-tools-for-stm32.7-2018-q2-update.win32_1.4.0.202007081208/tools/bin/../lib/gcc/arm-none-eabi/7.3.1/thumb/v7-m/crtbegin.o
                0x0000000008000a8c                PROVIDE (__init_array_end = .)
                0x0000000008000a8c                . = ALIGN (0x4)

.fini_array     0x0000000008000a8c        0x4
                0x0000000008000a8c                . = ALIGN (0x4)
                [!provide]                        PROVIDE (__fini_array_start = .)
 *(SORT_BY_NAME(.fini_array.*))
 *(.fini_array*)
 .fini_array    0x0000000008000a8c        0x4 c:/st/stm32cubeide_1.4.0/stm32cubeide/plugins/com.st.stm32cube.ide.mcu.externaltools.gnu-tools-for-stm32.7-2018-q2-update.win32_1.4.0.202007081208/tools/bin/../lib/gcc/arm-none-eabi/7.3.1/thumb/v7-m/crtbegin.o
                [!provide]                        PROVIDE (__fini_array_end = .)
                0x0000000008000a90                . = ALIGN (0x4)
                0x0000000008000a90                _sidata = LOADADDR (.data)

.data           0x0000000020000000        0x0 load address 0x0000000008000a90
                0x0000000020000000                . = ALIGN (0x4)
                0x0000000020000000                _sdata = .
 *(.data)
 *(.data*)
                0x0000000020000000                . = ALIGN (0x4)
                0x0000000020000000                _edata = .

.igot.plt       0x0000000020000000        0x0 load address 0x0000000008000a90
 .igot.plt      0x0000000020000000        0x0 c:/st/stm32cubeide_1.4.0/stm32cubeide/plugins/com.st.stm32cube.ide.mcu.externaltools.gnu-tools-for-stm32.7-2018-q2-update.win32_1.4.0.202007081208/tools/bin/../lib/gcc/arm-none-eabi/7.3.1/thumb/v7-m/crtbegin.o
                0x0000000020000000                . = ALIGN (0x4)

.bss            0x0000000020000000       0x64 load address 0x0000000008000a90
                0x0000000020000000                _sbss = .
                0x0000000020000000                __bss_start__ = _sbss
 *(.bss)
 .bss           0x0000000020000000       0x1c c:/st/stm32cubeide_1.4.0/stm32cubeide/plugins/com.st.stm32cube.ide.mcu.externaltools.gnu-tools-for-stm32.7-2018-q2-update.win32_1.4.0.202007081208/tools/bin/../lib/gcc/arm-none-eabi/7.3.1/thumb/v7-m/crtbegin.o
 *(.bss*)
 .bss.Global_I2C_Config
                0x000000002000001c       0x48 MCAL/I2C.o
                0x000000002000001c                Global_I2C_Config
 *(COMMON)
                0x0000000020000064                . = ALIGN (0x4)
                0x0000000020000064                _ebss = .
                0x0000000020000064                __bss_end__ = _ebss

._user_heap_stack
                0x0000000020000064      0x604 load address 0x0000000008000a90
                0x0000000020000068                . = ALIGN (0x8)
 *fill*         0x0000000020000064        0x4 
                [!provide]                        PROVIDE (end = .)
                0x0000000020000068                PROVIDE (_end = .)
                0x0000000020000268                . = (. + _Min_Heap_Size)
 *fill*         0x0000000020000068      0x200 
                0x0000000020000668                . = (. + _Min_Stack_Size)
 *fill*         0x0000000020000268      0x400 
                0x0000000020000668                . = ALIGN (0x8)

/DISCARD/
 libc.a(*)
 libm.a(*)
 libgcc.a(*)

.ARM.attributes
                0x0000000000000000       0x29
 *(.ARM.attributes)
 .ARM.attributes
                0x0000000000000000       0x1d c:/st/stm32cubeide_1.4.0/stm32cubeide/plugins/com.st.stm32cube.ide.mcu.externaltools.gnu-tools-for-stm32.7-2018-q2-update.win32_1.4.0.202007081208/tools/bin/../lib/gcc/arm-none-eabi/7.3.1/thumb/v7-m/crti.o
 .ARM.attributes
                0x000000000000001d       0x2d c:/st/stm32cubeide_1.4.0/stm32cubeide/plugins/com.st.stm32cube.ide.mcu.externaltools.gnu-tools-for-stm32.7-2018-q2-update.win32_1.4.0.202007081208/tools/bin/../lib/gcc/arm-none-eabi/7.3.1/thumb/v7-m/crtbegin.o
 .ARM.attributes
                0x000000000000004a       0x33 MCAL/GPIO.o
 .ARM.attributes
                0x000000000000007d       0x33 MCAL/I2C.o
 .ARM.attributes
                0x00000000000000b0       0x33 MCAL/TIMER.o
 .ARM.attributes
                0x00000000000000e3       0x33 Src/main.o
 .ARM.attributes
                0x0000000000000116       0x21 Startup/startup_stm32f103c8tx.o
 .ARM.attributes
                0x0000000000000137       0x2d c:/st/stm32cubeide_1.4.0/stm32cubeide/plugins/com.st.stm32cube.ide.mcu.externaltools.gnu-tools-for-stm32.7-2018-q2-update.win32_1.4.0.202007081208/tools/bin/../lib/gcc/arm-none-eabi/7.3.1/../../../../arm-none-eabi/lib/thumb/v7-m\libc_nano.a(lib_a-init.o)
 .ARM.attributes
                0x0000000000000164       0x1d c:/st/stm32cubeide_1.4.0/stm32cubeide/plugins/com.st.stm32cube.ide.mcu.externaltools.gnu-tools-for-stm32.7-2018-q2-update.win32_1.4.0.202007081208/tools/bin/../lib/gcc/arm-none-eabi/7.3.1/thumb/v7-m/crtn.o
OUTPUT(A2Z_Engineering_Drone_Project_Flight_Controller.elf elf32-littlearm)

.debug_info     0x0000000000000000     0x39ec
 .debug_info    0x0000000000000000      0xd4f MCAL/GPIO.o
 .debug_info    0x0000000000000d4f     0x12f1 MCAL/I2C.o
 .debug_info    0x0000000000002040      0xd81 MCAL/TIMER.o
 .debug_info    0x0000000000002dc1      0xc09 Src/main.o
 .debug_info    0x00000000000039ca       0x22 Startup/startup_stm32f103c8tx.o

.debug_abbrev   0x0000000000000000      0x80d
 .debug_abbrev  0x0000000000000000      0x214 MCAL/GPIO.o
 .debug_abbrev  0x0000000000000214      0x2aa MCAL/I2C.o
 .debug_abbrev  0x00000000000004be      0x1be MCAL/TIMER.o
 .debug_abbrev  0x000000000000067c      0x17f Src/main.o
 .debug_abbrev  0x00000000000007fb       0x12 Startup/startup_stm32f103c8tx.o

.debug_loc      0x0000000000000000      0xa34
 .debug_loc     0x0000000000000000      0x330 MCAL/GPIO.o
 .debug_loc     0x0000000000000330      0x574 MCAL/I2C.o
 .debug_loc     0x00000000000008a4      0x158 MCAL/TIMER.o
 .debug_loc     0x00000000000009fc       0x38 Src/main.o

.debug_aranges  0x0000000000000000      0x180
 .debug_aranges
                0x0000000000000000       0x60 MCAL/GPIO.o
 .debug_aranges
                0x0000000000000060       0xa0 MCAL/I2C.o
 .debug_aranges
                0x0000000000000100       0x38 MCAL/TIMER.o
 .debug_aranges
                0x0000000000000138       0x20 Src/main.o
 .debug_aranges
                0x0000000000000158       0x28 Startup/startup_stm32f103c8tx.o

.debug_ranges   0x0000000000000000      0x138
 .debug_ranges  0x0000000000000000       0x50 MCAL/GPIO.o
 .debug_ranges  0x0000000000000050       0x90 MCAL/I2C.o
 .debug_ranges  0x00000000000000e0       0x28 MCAL/TIMER.o
 .debug_ranges  0x0000000000000108       0x10 Src/main.o
 .debug_ranges  0x0000000000000118       0x20 Startup/startup_stm32f103c8tx.o

.debug_macro    0x0000000000000000      0x81c
 .debug_macro   0x0000000000000000      0x148 MCAL/GPIO.o
 .debug_macro   0x0000000000000148       0xd0 MCAL/GPIO.o
 .debug_macro   0x0000000000000218      0x17e MCAL/I2C.o
 .debug_macro   0x0000000000000396       0x10 MCAL/I2C.o
 .debug_macro   0x00000000000003a6       0xd6 MCAL/I2C.o
 .debug_macro   0x000000000000047c       0x61 MCAL/I2C.o
 .debug_macro   0x00000000000004dd      0x15a MCAL/TIMER.o
 .debug_macro   0x0000000000000637       0x34 MCAL/TIMER.o
 .debug_macro   0x000000000000066b      0x167 Src/main.o
 .debug_macro   0x00000000000007d2       0x4a Src/main.o

.debug_line     0x0000000000000000     0x1c77
 .debug_line    0x0000000000000000      0x68d MCAL/GPIO.o
 .debug_line    0x000000000000068d      0x80a MCAL/I2C.o
 .debug_line    0x0000000000000e97      0x67d MCAL/TIMER.o
 .debug_line    0x0000000000001514      0x6df Src/main.o
 .debug_line    0x0000000000001bf3       0x84 Startup/startup_stm32f103c8tx.o

.debug_str      0x0000000000000000     0xa020
 .debug_str     0x0000000000000000     0x9462 MCAL/GPIO.o
                                       0x96da (size before relaxing)
 .debug_str     0x0000000000009462      0x70f MCAL/I2C.o
                                       0x9c8c (size before relaxing)
 .debug_str     0x0000000000009b71      0x3d6 MCAL/TIMER.o
                                       0x9963 (size before relaxing)
 .debug_str     0x0000000000009f47       0xa8 Src/main.o
                                       0x9913 (size before relaxing)
 .debug_str     0x0000000000009fef       0x31 Startup/startup_stm32f103c8tx.o
                                         0x9c (size before relaxing)

.comment        0x0000000000000000       0x7b
 .comment       0x0000000000000000       0x7b MCAL/GPIO.o
                                         0x7c (size before relaxing)
 .comment       0x000000000000007b       0x7c MCAL/I2C.o
 .comment       0x000000000000007b       0x7c MCAL/TIMER.o
 .comment       0x000000000000007b       0x7c Src/main.o

.debug_frame    0x0000000000000000      0x504
 .debug_frame   0x0000000000000000      0x178 MCAL/GPIO.o
 .debug_frame   0x0000000000000178      0x284 MCAL/I2C.o
 .debug_frame   0x00000000000003fc       0xac MCAL/TIMER.o
 .debug_frame   0x00000000000004a8       0x30 Src/main.o
 .debug_frame   0x00000000000004d8       0x2c c:/st/stm32cubeide_1.4.0/stm32cubeide/plugins/com.st.stm32cube.ide.mcu.externaltools.gnu-tools-for-stm32.7-2018-q2-update.win32_1.4.0.202007081208/tools/bin/../lib/gcc/arm-none-eabi/7.3.1/../../../../arm-none-eabi/lib/thumb/v7-m\libc_nano.a(lib_a-init.o)
