core_cm3.h:1641:22:__NVIC_SetPriority	16	static
core_cm3.h:1839:26:SysTick_Config	16	static
CortexMX_OS_porting.c:15:6:HardFault_Handler	4	static
CortexMX_OS_porting.c:19:6:MemManage_Handler	4	static
CortexMX_OS_porting.c:23:6:BusFault_Handler	4	static
CortexMX_OS_porting.c:27:6:UsageFault_Handler	4	static
CortexMX_OS_porting.c:33:28:SVC_Handler	0	static,ignoring_inline_asm
CortexMX_OS_porting.c:45:6:HW_init	8	static
CortexMX_OS_porting.c:67:6:trigger_OS_PendSV	4	static
CortexMX_OS_porting.c:73:6:Start_Ticker	8	static
CortexMX_OS_porting.c:86:6:SysTick_Handler	8	static
