Scheduler.c:52:28:PendSV_Handler	0	static,ignoring_inline_asm
Scheduler.c:117:6:MYRTOS_IdleTask	4	static,ignoring_inline_asm
Scheduler.c:141:6:MYRTOS_Create_MainStack	4	static
Scheduler.c:151:16:MYRTOS_init	16	static
Scheduler.c:180:6:MyRTOS_Create_TaskStack	24	static
Scheduler.c:217:16:MYRTOS_CreateTask	24	static
Scheduler.c:258:6:bubbleSort	24	static
Scheduler.c:276:6:MyRTOS_Update_Schadule_tables	24	static
Scheduler.c:336:6:Decide_whatNext	8	static
Scheduler.c:359:6:OS_SVC	24	static
Scheduler.c:396:1:MYRTOS_OS_SVC_Set	16	static,ignoring_inline_asm
Scheduler.c:418:6:MYRTOS_ActivateTask	16	static
Scheduler.c:423:6:MYRTOS_TerminateTask	16	static
Scheduler.c:428:6:MYRTOS_TaskWait	16	static
Scheduler.c:441:6:MYRTOS_STARTOS	8	static,ignoring_inline_asm
Scheduler.c:464:6:MYRTOS_Update_TasksWaitingTime	16	static
Scheduler.c:488:16:MYRTOS_AcquireMutex	16	static
Scheduler.c:510:6:MYRTOS_ReleaseMutex	16	static
