
Allocating common symbols
Common symbol       size              file

Global_unitial_bss  0x188             main.o

Memory Configuration

Name             Origin             Length             Attributes
flash            0x08000000         0x00020000         xr
sram             0x20000000         0x00005000         xrw
*default*        0x00000000         0xffffffff

Linker script and memory map


.text           0x08000000      0x180
                0x08000000                _S_TEXT = .
 *(.vectors*)
 .vectors       0x08000000       0x1c startup.o
                0x08000000                _vectors
 *(.text*)
 .text          0x0800001c       0xbc startup.o
                0x0800001c                _MM_Fault_Handler
                0x0800001c                _Hard_Fault_Handler
                0x0800001c                Default_Handler
                0x0800001c                _NMI_Handler
                0x0800001c                _Bus_Fault
                0x0800001c                _Usage_Fault_Handler
                0x08000028                _Reset_Handler
 .text          0x080000d8       0xa8 main.o
                0x080000d8                main
 *(.rodata)
                0x08000180                _E_TEXT = .

.glue_7         0x08000180        0x0
 .glue_7        0x00000000        0x0 linker stubs

.glue_7t        0x08000180        0x0
 .glue_7t       0x00000000        0x0 linker stubs

.vfp11_veneer   0x08000180        0x0
 .vfp11_veneer  0x00000000        0x0 linker stubs

.v4_bx          0x08000180        0x0
 .v4_bx         0x00000000        0x0 linker stubs

.iplt           0x08000180        0x0
 .iplt          0x00000000        0x0 startup.o

.rel.dyn        0x08000180        0x0
 .rel.iplt      0x00000000        0x0 startup.o

.data           0x20000000       0x90 load address 0x08000180
                0x20000000                _S_DATA = .
 *(.data)
 .data          0x20000000        0x0 startup.o
 .data          0x20000000       0x90 main.o
                0x20000000                R_ODR
                0x20000004                Global_Var
                0x20000064                const_Global_Var
                0x20000090                . = ALIGN (0x4)
                0x20000090                _E_DATA = .

.igot.plt       0x20000090        0x0 load address 0x08000210
 .igot.plt      0x00000000        0x0 startup.o

.bss            0x20000090     0x1188 load address 0x08000210
                0x20000090                _S_BSS = .
 *(.bss)
 .bss           0x20000090        0x0 startup.o
 .bss           0x20000090        0x0 main.o
                0x20000090                _E_BSS = .
                0x20000090                . = ALIGN (0x4)
                0x20001090                . = (. + 0x1000)
 *fill*         0x20000090     0x1000 
                0x20001090                _stack_top = .
 COMMON         0x20001090      0x188 main.o
                0x20001090                Global_unitial_bss
LOAD startup.o
LOAD main.o
OUTPUT(Toggle_LED_Cortex_m3.elf elf32-littlearm)

.debug_info     0x00000000      0x31f
 .debug_info    0x00000000      0x19b startup.o
 .debug_info    0x0000019b      0x184 main.o

.debug_abbrev   0x00000000      0x1cf
 .debug_abbrev  0x00000000       0xd8 startup.o
 .debug_abbrev  0x000000d8       0xf7 main.o

.debug_loc      0x00000000       0x9c
 .debug_loc     0x00000000       0x64 startup.o
 .debug_loc     0x00000064       0x38 main.o

.debug_aranges  0x00000000       0x40
 .debug_aranges
                0x00000000       0x20 startup.o
 .debug_aranges
                0x00000020       0x20 main.o

.debug_line     0x00000000      0x107
 .debug_line    0x00000000       0xb1 startup.o
 .debug_line    0x000000b1       0x56 main.o

.debug_str      0x00000000      0x18a
 .debug_str     0x00000000      0x129 startup.o
                                0x166 (size before relaxing)
 .debug_str     0x00000129       0x61 main.o
                                 0xc4 (size before relaxing)

.comment        0x00000000       0x11
 .comment       0x00000000       0x11 startup.o
                                 0x12 (size before relaxing)
 .comment       0x00000000       0x12 main.o

.ARM.attributes
                0x00000000       0x33
 .ARM.attributes
                0x00000000       0x33 startup.o
 .ARM.attributes
                0x00000033       0x33 main.o

.debug_frame    0x00000000       0x78
 .debug_frame   0x00000000       0x4c startup.o
 .debug_frame   0x0000004c       0x2c main.o
