Archive member included to satisfy reference by file (symbol)

c:/st/stm32cubeide_1.4.0/stm32cubeide/plugins/com.st.stm32cube.ide.mcu.externaltools.gnu-tools-for-stm32.7-2018-q2-update.win32_1.4.0.202007081208/tools/bin/../lib/gcc/arm-none-eabi/7.3.1/../../../../arm-none-eabi/lib/thumb/v7-m\libc_nano.a(lib_a-errno.o)
                              Core/Src/syscalls.o (__errno)
c:/st/stm32cubeide_1.4.0/stm32cubeide/plugins/com.st.stm32cube.ide.mcu.externaltools.gnu-tools-for-stm32.7-2018-q2-update.win32_1.4.0.202007081208/tools/bin/../lib/gcc/arm-none-eabi/7.3.1/../../../../arm-none-eabi/lib/thumb/v7-m\libc_nano.a(lib_a-exit.o)
                              c:/st/stm32cubeide_1.4.0/stm32cubeide/plugins/com.st.stm32cube.ide.mcu.externaltools.gnu-tools-for-stm32.7-2018-q2-update.win32_1.4.0.202007081208/tools/bin/../lib/gcc/arm-none-eabi/7.3.1/../../../../arm-none-eabi/lib/thumb/v7-m/crt0.o (exit)
c:/st/stm32cubeide_1.4.0/stm32cubeide/plugins/com.st.stm32cube.ide.mcu.externaltools.gnu-tools-for-stm32.7-2018-q2-update.win32_1.4.0.202007081208/tools/bin/../lib/gcc/arm-none-eabi/7.3.1/../../../../arm-none-eabi/lib/thumb/v7-m\libc_nano.a(lib_a-impure.o)
                              c:/st/stm32cubeide_1.4.0/stm32cubeide/plugins/com.st.stm32cube.ide.mcu.externaltools.gnu-tools-for-stm32.7-2018-q2-update.win32_1.4.0.202007081208/tools/bin/../lib/gcc/arm-none-eabi/7.3.1/../../../../arm-none-eabi/lib/thumb/v7-m\libc_nano.a(lib_a-exit.o) (_global_impure_ptr)
c:/st/stm32cubeide_1.4.0/stm32cubeide/plugins/com.st.stm32cube.ide.mcu.externaltools.gnu-tools-for-stm32.7-2018-q2-update.win32_1.4.0.202007081208/tools/bin/../lib/gcc/arm-none-eabi/7.3.1/../../../../arm-none-eabi/lib/thumb/v7-m\libc_nano.a(lib_a-init.o)
                              c:/st/stm32cubeide_1.4.0/stm32cubeide/plugins/com.st.stm32cube.ide.mcu.externaltools.gnu-tools-for-stm32.7-2018-q2-update.win32_1.4.0.202007081208/tools/bin/../lib/gcc/arm-none-eabi/7.3.1/../../../../arm-none-eabi/lib/thumb/v7-m/crt0.o (__libc_init_array)
c:/st/stm32cubeide_1.4.0/stm32cubeide/plugins/com.st.stm32cube.ide.mcu.externaltools.gnu-tools-for-stm32.7-2018-q2-update.win32_1.4.0.202007081208/tools/bin/../lib/gcc/arm-none-eabi/7.3.1/../../../../arm-none-eabi/lib/thumb/v7-m\libc_nano.a(lib_a-memset.o)
                              c:/st/stm32cubeide_1.4.0/stm32cubeide/plugins/com.st.stm32cube.ide.mcu.externaltools.gnu-tools-for-stm32.7-2018-q2-update.win32_1.4.0.202007081208/tools/bin/../lib/gcc/arm-none-eabi/7.3.1/../../../../arm-none-eabi/lib/thumb/v7-m/crt0.o (memset)

Allocating common symbols
Common symbol       size              file

GP_IRQ_CallBack     0x3c              Core/Src/stm32f103x8_EXTI_driver.o

Discarded input sections

 .text          0x0000000000000000        0x0 c:/st/stm32cubeide_1.4.0/stm32cubeide/plugins/com.st.stm32cube.ide.mcu.externaltools.gnu-tools-for-stm32.7-2018-q2-update.win32_1.4.0.202007081208/tools/bin/../lib/gcc/arm-none-eabi/7.3.1/thumb/v7-m/crti.o
 .data          0x0000000000000000        0x0 c:/st/stm32cubeide_1.4.0/stm32cubeide/plugins/com.st.stm32cube.ide.mcu.externaltools.gnu-tools-for-stm32.7-2018-q2-update.win32_1.4.0.202007081208/tools/bin/../lib/gcc/arm-none-eabi/7.3.1/thumb/v7-m/crti.o
 .bss           0x0000000000000000        0x0 c:/st/stm32cubeide_1.4.0/stm32cubeide/plugins/com.st.stm32cube.ide.mcu.externaltools.gnu-tools-for-stm32.7-2018-q2-update.win32_1.4.0.202007081208/tools/bin/../lib/gcc/arm-none-eabi/7.3.1/thumb/v7-m/crti.o
 .data          0x0000000000000000        0x4 c:/st/stm32cubeide_1.4.0/stm32cubeide/plugins/com.st.stm32cube.ide.mcu.externaltools.gnu-tools-for-stm32.7-2018-q2-update.win32_1.4.0.202007081208/tools/bin/../lib/gcc/arm-none-eabi/7.3.1/thumb/v7-m/crtbegin.o
 .text          0x0000000000000000       0x74 c:/st/stm32cubeide_1.4.0/stm32cubeide/plugins/com.st.stm32cube.ide.mcu.externaltools.gnu-tools-for-stm32.7-2018-q2-update.win32_1.4.0.202007081208/tools/bin/../lib/gcc/arm-none-eabi/7.3.1/../../../../arm-none-eabi/lib/thumb/v7-m/crt0.o
 .data          0x0000000000000000        0x0 c:/st/stm32cubeide_1.4.0/stm32cubeide/plugins/com.st.stm32cube.ide.mcu.externaltools.gnu-tools-for-stm32.7-2018-q2-update.win32_1.4.0.202007081208/tools/bin/../lib/gcc/arm-none-eabi/7.3.1/../../../../arm-none-eabi/lib/thumb/v7-m/crt0.o
 .bss           0x0000000000000000        0x0 c:/st/stm32cubeide_1.4.0/stm32cubeide/plugins/com.st.stm32cube.ide.mcu.externaltools.gnu-tools-for-stm32.7-2018-q2-update.win32_1.4.0.202007081208/tools/bin/../lib/gcc/arm-none-eabi/7.3.1/../../../../arm-none-eabi/lib/thumb/v7-m/crt0.o
 .ARM.extab     0x0000000000000000        0x0 c:/st/stm32cubeide_1.4.0/stm32cubeide/plugins/com.st.stm32cube.ide.mcu.externaltools.gnu-tools-for-stm32.7-2018-q2-update.win32_1.4.0.202007081208/tools/bin/../lib/gcc/arm-none-eabi/7.3.1/../../../../arm-none-eabi/lib/thumb/v7-m/crt0.o
 .ARM.exidx     0x0000000000000000        0x8 c:/st/stm32cubeide_1.4.0/stm32cubeide/plugins/com.st.stm32cube.ide.mcu.externaltools.gnu-tools-for-stm32.7-2018-q2-update.win32_1.4.0.202007081208/tools/bin/../lib/gcc/arm-none-eabi/7.3.1/../../../../arm-none-eabi/lib/thumb/v7-m/crt0.o
 .ARM.attributes
                0x0000000000000000       0x1b c:/st/stm32cubeide_1.4.0/stm32cubeide/plugins/com.st.stm32cube.ide.mcu.externaltools.gnu-tools-for-stm32.7-2018-q2-update.win32_1.4.0.202007081208/tools/bin/../lib/gcc/arm-none-eabi/7.3.1/../../../../arm-none-eabi/lib/thumb/v7-m/crt0.o
 .group         0x0000000000000000        0xc Core/Src/main.o
 .group         0x0000000000000000        0xc Core/Src/main.o
 .group         0x0000000000000000        0xc Core/Src/main.o
 .group         0x0000000000000000        0xc Core/Src/main.o
 .group         0x0000000000000000        0xc Core/Src/main.o
 .group         0x0000000000000000        0xc Core/Src/main.o
 .group         0x0000000000000000        0xc Core/Src/main.o
 .group         0x0000000000000000        0xc Core/Src/main.o
 .group         0x0000000000000000        0xc Core/Src/main.o
 .group         0x0000000000000000        0xc Core/Src/main.o
 .group         0x0000000000000000        0xc Core/Src/main.o
 .group         0x0000000000000000        0xc Core/Src/main.o
 .group         0x0000000000000000        0xc Core/Src/main.o
 .group         0x0000000000000000        0xc Core/Src/main.o
 .group         0x0000000000000000        0xc Core/Src/main.o
 .group         0x0000000000000000        0xc Core/Src/main.o
 .group         0x0000000000000000        0xc Core/Src/main.o
 .group         0x0000000000000000        0xc Core/Src/main.o
 .group         0x0000000000000000        0xc Core/Src/main.o
 .group         0x0000000000000000        0xc Core/Src/main.o
 .group         0x0000000000000000        0xc Core/Src/main.o
 .group         0x0000000000000000        0xc Core/Src/main.o
 .group         0x0000000000000000        0xc Core/Src/main.o
 .group         0x0000000000000000        0xc Core/Src/main.o
 .group         0x0000000000000000        0xc Core/Src/main.o
 .group         0x0000000000000000        0xc Core/Src/main.o
 .group         0x0000000000000000        0xc Core/Src/main.o
 .group         0x0000000000000000        0xc Core/Src/main.o
 .group         0x0000000000000000        0xc Core/Src/main.o
 .group         0x0000000000000000        0xc Core/Src/main.o
 .group         0x0000000000000000        0xc Core/Src/main.o
 .group         0x0000000000000000        0xc Core/Src/main.o
 .group         0x0000000000000000        0xc Core/Src/main.o
 .group         0x0000000000000000        0xc Core/Src/main.o
 .group         0x0000000000000000        0xc Core/Src/main.o
 .group         0x0000000000000000        0xc Core/Src/main.o
 .group         0x0000000000000000        0xc Core/Src/main.o
 .group         0x0000000000000000        0xc Core/Src/main.o
 .group         0x0000000000000000        0xc Core/Src/main.o
 .text          0x0000000000000000        0x0 Core/Src/main.o
 .data          0x0000000000000000        0x0 Core/Src/main.o
 .bss           0x0000000000000000        0x0 Core/Src/main.o
 .bss.IRQ_Number
                0x0000000000000000        0x4 Core/Src/main.o
 .group         0x0000000000000000        0xc Core/Src/stm32f103x8_EXTI_driver.o
 .group         0x0000000000000000        0xc Core/Src/stm32f103x8_EXTI_driver.o
 .group         0x0000000000000000        0xc Core/Src/stm32f103x8_EXTI_driver.o
 .group         0x0000000000000000        0xc Core/Src/stm32f103x8_EXTI_driver.o
 .group         0x0000000000000000        0xc Core/Src/stm32f103x8_EXTI_driver.o
 .group         0x0000000000000000        0xc Core/Src/stm32f103x8_EXTI_driver.o
 .group         0x0000000000000000        0xc Core/Src/stm32f103x8_EXTI_driver.o
 .group         0x0000000000000000        0xc Core/Src/stm32f103x8_EXTI_driver.o
 .group         0x0000000000000000        0xc Core/Src/stm32f103x8_EXTI_driver.o
 .group         0x0000000000000000        0xc Core/Src/stm32f103x8_EXTI_driver.o
 .group         0x0000000000000000        0xc Core/Src/stm32f103x8_EXTI_driver.o
 .group         0x0000000000000000        0xc Core/Src/stm32f103x8_EXTI_driver.o
 .group         0x0000000000000000        0xc Core/Src/stm32f103x8_EXTI_driver.o
 .group         0x0000000000000000        0xc Core/Src/stm32f103x8_EXTI_driver.o
 .group         0x0000000000000000        0xc Core/Src/stm32f103x8_EXTI_driver.o
 .group         0x0000000000000000        0xc Core/Src/stm32f103x8_EXTI_driver.o
 .group         0x0000000000000000        0xc Core/Src/stm32f103x8_EXTI_driver.o
 .group         0x0000000000000000        0xc Core/Src/stm32f103x8_EXTI_driver.o
 .group         0x0000000000000000        0xc Core/Src/stm32f103x8_EXTI_driver.o
 .group         0x0000000000000000        0xc Core/Src/stm32f103x8_EXTI_driver.o
 .group         0x0000000000000000        0xc Core/Src/stm32f103x8_EXTI_driver.o
 .group         0x0000000000000000        0xc Core/Src/stm32f103x8_EXTI_driver.o
 .group         0x0000000000000000        0xc Core/Src/stm32f103x8_EXTI_driver.o
 .group         0x0000000000000000        0xc Core/Src/stm32f103x8_EXTI_driver.o
 .group         0x0000000000000000        0xc Core/Src/stm32f103x8_EXTI_driver.o
 .text          0x0000000000000000        0x0 Core/Src/stm32f103x8_EXTI_driver.o
 .data          0x0000000000000000        0x0 Core/Src/stm32f103x8_EXTI_driver.o
 .bss           0x0000000000000000        0x0 Core/Src/stm32f103x8_EXTI_driver.o
 .text.MCAL_EXTI_GPIO_DeInit
                0x0000000000000000       0x94 Core/Src/stm32f103x8_EXTI_driver.o
 .text.MCAL_EXTI_GPIO_Update
                0x0000000000000000       0x16 Core/Src/stm32f103x8_EXTI_driver.o
 .debug_macro   0x0000000000000000      0xa5a Core/Src/stm32f103x8_EXTI_driver.o
 .debug_macro   0x0000000000000000       0x18 Core/Src/stm32f103x8_EXTI_driver.o
 .debug_macro   0x0000000000000000       0x22 Core/Src/stm32f103x8_EXTI_driver.o
 .debug_macro   0x0000000000000000       0x3c Core/Src/stm32f103x8_EXTI_driver.o
 .debug_macro   0x0000000000000000       0x34 Core/Src/stm32f103x8_EXTI_driver.o
 .debug_macro   0x0000000000000000       0x16 Core/Src/stm32f103x8_EXTI_driver.o
 .debug_macro   0x0000000000000000      0x10e Core/Src/stm32f103x8_EXTI_driver.o
 .debug_macro   0x0000000000000000       0x8d Core/Src/stm32f103x8_EXTI_driver.o
 .debug_macro   0x0000000000000000       0x52 Core/Src/stm32f103x8_EXTI_driver.o
 .debug_macro   0x0000000000000000       0x1f Core/Src/stm32f103x8_EXTI_driver.o
 .debug_macro   0x0000000000000000       0x43 Core/Src/stm32f103x8_EXTI_driver.o
 .debug_macro   0x0000000000000000       0x20 Core/Src/stm32f103x8_EXTI_driver.o
 .debug_macro   0x0000000000000000      0x1a3 Core/Src/stm32f103x8_EXTI_driver.o
 .debug_macro   0x0000000000000000      0x330 Core/Src/stm32f103x8_EXTI_driver.o
 .debug_macro   0x0000000000000000       0x16 Core/Src/stm32f103x8_EXTI_driver.o
 .debug_macro   0x0000000000000000       0x29 Core/Src/stm32f103x8_EXTI_driver.o
 .debug_macro   0x0000000000000000       0xef Core/Src/stm32f103x8_EXTI_driver.o
 .debug_macro   0x0000000000000000       0x6a Core/Src/stm32f103x8_EXTI_driver.o
 .debug_macro   0x0000000000000000      0x1df Core/Src/stm32f103x8_EXTI_driver.o
 .debug_macro   0x0000000000000000      0x228 Core/Src/stm32f103x8_EXTI_driver.o
 .group         0x0000000000000000        0xc Core/Src/stm32f103x8_RCC_driver.o
 .group         0x0000000000000000        0xc Core/Src/stm32f103x8_RCC_driver.o
 .group         0x0000000000000000        0xc Core/Src/stm32f103x8_RCC_driver.o
 .group         0x0000000000000000        0xc Core/Src/stm32f103x8_RCC_driver.o
 .group         0x0000000000000000        0xc Core/Src/stm32f103x8_RCC_driver.o
 .group         0x0000000000000000        0xc Core/Src/stm32f103x8_RCC_driver.o
 .group         0x0000000000000000        0xc Core/Src/stm32f103x8_RCC_driver.o
 .group         0x0000000000000000        0xc Core/Src/stm32f103x8_RCC_driver.o
 .group         0x0000000000000000        0xc Core/Src/stm32f103x8_RCC_driver.o
 .group         0x0000000000000000        0xc Core/Src/stm32f103x8_RCC_driver.o
 .group         0x0000000000000000        0xc Core/Src/stm32f103x8_RCC_driver.o
 .group         0x0000000000000000        0xc Core/Src/stm32f103x8_RCC_driver.o
 .group         0x0000000000000000        0xc Core/Src/stm32f103x8_RCC_driver.o
 .group         0x0000000000000000        0xc Core/Src/stm32f103x8_RCC_driver.o
 .group         0x0000000000000000        0xc Core/Src/stm32f103x8_RCC_driver.o
 .group         0x0000000000000000        0xc Core/Src/stm32f103x8_RCC_driver.o
 .group         0x0000000000000000        0xc Core/Src/stm32f103x8_RCC_driver.o
 .group         0x0000000000000000        0xc Core/Src/stm32f103x8_RCC_driver.o
 .group         0x0000000000000000        0xc Core/Src/stm32f103x8_RCC_driver.o
 .group         0x0000000000000000        0xc Core/Src/stm32f103x8_RCC_driver.o
 .group         0x0000000000000000        0xc Core/Src/stm32f103x8_RCC_driver.o
 .group         0x0000000000000000        0xc Core/Src/stm32f103x8_RCC_driver.o
 .group         0x0000000000000000        0xc Core/Src/stm32f103x8_RCC_driver.o
 .group         0x0000000000000000        0xc Core/Src/stm32f103x8_RCC_driver.o
 .text          0x0000000000000000        0x0 Core/Src/stm32f103x8_RCC_driver.o
 .data          0x0000000000000000        0x0 Core/Src/stm32f103x8_RCC_driver.o
 .bss           0x0000000000000000        0x0 Core/Src/stm32f103x8_RCC_driver.o
 .rodata.APBPrescTable
                0x0000000000000000        0x8 Core/Src/stm32f103x8_RCC_driver.o
 .rodata.AHBPrescTable
                0x0000000000000000       0x10 Core/Src/stm32f103x8_RCC_driver.o
 .text.MCAL_RCC_GetSYS_CLCKFreq
                0x0000000000000000       0x3c Core/Src/stm32f103x8_RCC_driver.o
 .text.MCAL_RCC_GetHCLKFreq
                0x0000000000000000       0x28 Core/Src/stm32f103x8_RCC_driver.o
 .text.MCAL_RCC_GetPCLK1Freq
                0x0000000000000000       0x28 Core/Src/stm32f103x8_RCC_driver.o
 .text.MCAL_RCC_GetPCLK2Freq
                0x0000000000000000       0x28 Core/Src/stm32f103x8_RCC_driver.o
 .debug_info    0x0000000000000000      0xa0d Core/Src/stm32f103x8_RCC_driver.o
 .debug_abbrev  0x0000000000000000      0x1a8 Core/Src/stm32f103x8_RCC_driver.o
 .debug_aranges
                0x0000000000000000       0x38 Core/Src/stm32f103x8_RCC_driver.o
 .debug_ranges  0x0000000000000000       0x28 Core/Src/stm32f103x8_RCC_driver.o
 .debug_macro   0x0000000000000000      0x13f Core/Src/stm32f103x8_RCC_driver.o
 .debug_macro   0x0000000000000000      0xa5a Core/Src/stm32f103x8_RCC_driver.o
 .debug_macro   0x0000000000000000       0x18 Core/Src/stm32f103x8_RCC_driver.o
 .debug_macro   0x0000000000000000       0x22 Core/Src/stm32f103x8_RCC_driver.o
 .debug_macro   0x0000000000000000       0x40 Core/Src/stm32f103x8_RCC_driver.o
 .debug_macro   0x0000000000000000       0x94 Core/Src/stm32f103x8_RCC_driver.o
 .debug_macro   0x0000000000000000       0x3c Core/Src/stm32f103x8_RCC_driver.o
 .debug_macro   0x0000000000000000       0x34 Core/Src/stm32f103x8_RCC_driver.o
 .debug_macro   0x0000000000000000       0x16 Core/Src/stm32f103x8_RCC_driver.o
 .debug_macro   0x0000000000000000      0x10e Core/Src/stm32f103x8_RCC_driver.o
 .debug_macro   0x0000000000000000       0x8d Core/Src/stm32f103x8_RCC_driver.o
 .debug_macro   0x0000000000000000       0x57 Core/Src/stm32f103x8_RCC_driver.o
 .debug_macro   0x0000000000000000       0x52 Core/Src/stm32f103x8_RCC_driver.o
 .debug_macro   0x0000000000000000       0x1f Core/Src/stm32f103x8_RCC_driver.o
 .debug_macro   0x0000000000000000       0x43 Core/Src/stm32f103x8_RCC_driver.o
 .debug_macro   0x0000000000000000       0x20 Core/Src/stm32f103x8_RCC_driver.o
 .debug_macro   0x0000000000000000      0x1a3 Core/Src/stm32f103x8_RCC_driver.o
 .debug_macro   0x0000000000000000      0x330 Core/Src/stm32f103x8_RCC_driver.o
 .debug_macro   0x0000000000000000       0x16 Core/Src/stm32f103x8_RCC_driver.o
 .debug_macro   0x0000000000000000       0x29 Core/Src/stm32f103x8_RCC_driver.o
 .debug_macro   0x0000000000000000       0xef Core/Src/stm32f103x8_RCC_driver.o
 .debug_macro   0x0000000000000000       0x6a Core/Src/stm32f103x8_RCC_driver.o
 .debug_macro   0x0000000000000000      0x1df Core/Src/stm32f103x8_RCC_driver.o
 .debug_macro   0x0000000000000000      0x6b8 Core/Src/stm32f103x8_RCC_driver.o
 .debug_macro   0x0000000000000000       0x10 Core/Src/stm32f103x8_RCC_driver.o
 .debug_line    0x0000000000000000      0x5aa Core/Src/stm32f103x8_RCC_driver.o
 .debug_str     0x0000000000000000     0x93f2 Core/Src/stm32f103x8_RCC_driver.o
 .comment       0x0000000000000000       0x7c Core/Src/stm32f103x8_RCC_driver.o
 .debug_frame   0x0000000000000000       0x84 Core/Src/stm32f103x8_RCC_driver.o
 .ARM.attributes
                0x0000000000000000       0x33 Core/Src/stm32f103x8_RCC_driver.o
 .group         0x0000000000000000        0xc Core/Src/stm32f103x8_gpio_driver.o
 .group         0x0000000000000000        0xc Core/Src/stm32f103x8_gpio_driver.o
 .group         0x0000000000000000        0xc Core/Src/stm32f103x8_gpio_driver.o
 .group         0x0000000000000000        0xc Core/Src/stm32f103x8_gpio_driver.o
 .group         0x0000000000000000        0xc Core/Src/stm32f103x8_gpio_driver.o
 .group         0x0000000000000000        0xc Core/Src/stm32f103x8_gpio_driver.o
 .group         0x0000000000000000        0xc Core/Src/stm32f103x8_gpio_driver.o
 .group         0x0000000000000000        0xc Core/Src/stm32f103x8_gpio_driver.o
 .group         0x0000000000000000        0xc Core/Src/stm32f103x8_gpio_driver.o
 .group         0x0000000000000000        0xc Core/Src/stm32f103x8_gpio_driver.o
 .group         0x0000000000000000        0xc Core/Src/stm32f103x8_gpio_driver.o
 .group         0x0000000000000000        0xc Core/Src/stm32f103x8_gpio_driver.o
 .group         0x0000000000000000        0xc Core/Src/stm32f103x8_gpio_driver.o
 .group         0x0000000000000000        0xc Core/Src/stm32f103x8_gpio_driver.o
 .group         0x0000000000000000        0xc Core/Src/stm32f103x8_gpio_driver.o
 .group         0x0000000000000000        0xc Core/Src/stm32f103x8_gpio_driver.o
 .group         0x0000000000000000        0xc Core/Src/stm32f103x8_gpio_driver.o
 .group         0x0000000000000000        0xc Core/Src/stm32f103x8_gpio_driver.o
 .group         0x0000000000000000        0xc Core/Src/stm32f103x8_gpio_driver.o
 .group         0x0000000000000000        0xc Core/Src/stm32f103x8_gpio_driver.o
 .group         0x0000000000000000        0xc Core/Src/stm32f103x8_gpio_driver.o
 .group         0x0000000000000000        0xc Core/Src/stm32f103x8_gpio_driver.o
 .group         0x0000000000000000        0xc Core/Src/stm32f103x8_gpio_driver.o
 .group         0x0000000000000000        0xc Core/Src/stm32f103x8_gpio_driver.o
 .text          0x0000000000000000        0x0 Core/Src/stm32f103x8_gpio_driver.o
 .data          0x0000000000000000        0x0 Core/Src/stm32f103x8_gpio_driver.o
 .bss           0x0000000000000000        0x0 Core/Src/stm32f103x8_gpio_driver.o
 .text.MCAL_GPIO_DeInit
                0x0000000000000000       0xd4 Core/Src/stm32f103x8_gpio_driver.o
 .text.MCAL_GPIO_ReadPin
                0x0000000000000000       0x2e Core/Src/stm32f103x8_gpio_driver.o
 .text.MCAL_GPIO_ReadPort
                0x0000000000000000       0x1a Core/Src/stm32f103x8_gpio_driver.o
 .text.MCAL_GPIO_WritePort
                0x0000000000000000       0x1c Core/Src/stm32f103x8_gpio_driver.o
 .text.MCAL_GPIO_WritePin
                0x0000000000000000       0x2e Core/Src/stm32f103x8_gpio_driver.o
 .text.MCAL_GPIO_TogglePin
                0x0000000000000000       0x22 Core/Src/stm32f103x8_gpio_driver.o
 .text.MCAL_GPIO_LockPin
                0x0000000000000000       0x4e Core/Src/stm32f103x8_gpio_driver.o
 .debug_macro   0x0000000000000000      0xa5a Core/Src/stm32f103x8_gpio_driver.o
 .debug_macro   0x0000000000000000       0x18 Core/Src/stm32f103x8_gpio_driver.o
 .debug_macro   0x0000000000000000       0x22 Core/Src/stm32f103x8_gpio_driver.o
 .debug_macro   0x0000000000000000       0x40 Core/Src/stm32f103x8_gpio_driver.o
 .debug_macro   0x0000000000000000       0x94 Core/Src/stm32f103x8_gpio_driver.o
 .debug_macro   0x0000000000000000       0x3c Core/Src/stm32f103x8_gpio_driver.o
 .debug_macro   0x0000000000000000       0x34 Core/Src/stm32f103x8_gpio_driver.o
 .debug_macro   0x0000000000000000       0x16 Core/Src/stm32f103x8_gpio_driver.o
 .debug_macro   0x0000000000000000      0x10e Core/Src/stm32f103x8_gpio_driver.o
 .debug_macro   0x0000000000000000       0x8d Core/Src/stm32f103x8_gpio_driver.o
 .debug_macro   0x0000000000000000       0x57 Core/Src/stm32f103x8_gpio_driver.o
 .debug_macro   0x0000000000000000       0x52 Core/Src/stm32f103x8_gpio_driver.o
 .debug_macro   0x0000000000000000       0x1f Core/Src/stm32f103x8_gpio_driver.o
 .debug_macro   0x0000000000000000       0x43 Core/Src/stm32f103x8_gpio_driver.o
 .debug_macro   0x0000000000000000       0x20 Core/Src/stm32f103x8_gpio_driver.o
 .debug_macro   0x0000000000000000      0x1a3 Core/Src/stm32f103x8_gpio_driver.o
 .debug_macro   0x0000000000000000      0x330 Core/Src/stm32f103x8_gpio_driver.o
 .debug_macro   0x0000000000000000       0x16 Core/Src/stm32f103x8_gpio_driver.o
 .debug_macro   0x0000000000000000       0x29 Core/Src/stm32f103x8_gpio_driver.o
 .debug_macro   0x0000000000000000       0xef Core/Src/stm32f103x8_gpio_driver.o
 .debug_macro   0x0000000000000000       0x6a Core/Src/stm32f103x8_gpio_driver.o
 .debug_macro   0x0000000000000000      0x1df Core/Src/stm32f103x8_gpio_driver.o
 .debug_macro   0x0000000000000000      0x6b8 Core/Src/stm32f103x8_gpio_driver.o
 .debug_macro   0x0000000000000000       0xd0 Core/Src/stm32f103x8_gpio_driver.o
 .group         0x0000000000000000        0xc Core/Src/syscalls.o
 .group         0x0000000000000000        0xc Core/Src/syscalls.o
 .group         0x0000000000000000        0xc Core/Src/syscalls.o
 .group         0x0000000000000000        0xc Core/Src/syscalls.o
 .group         0x0000000000000000        0xc Core/Src/syscalls.o
 .group         0x0000000000000000        0xc Core/Src/syscalls.o
 .group         0x0000000000000000        0xc Core/Src/syscalls.o
 .group         0x0000000000000000        0xc Core/Src/syscalls.o
 .group         0x0000000000000000        0xc Core/Src/syscalls.o
 .group         0x0000000000000000        0xc Core/Src/syscalls.o
 .group         0x0000000000000000        0xc Core/Src/syscalls.o
 .group         0x0000000000000000        0xc Core/Src/syscalls.o
 .group         0x0000000000000000        0xc Core/Src/syscalls.o
 .group         0x0000000000000000        0xc Core/Src/syscalls.o
 .group         0x0000000000000000        0xc Core/Src/syscalls.o
 .group         0x0000000000000000        0xc Core/Src/syscalls.o
 .group         0x0000000000000000        0xc Core/Src/syscalls.o
 .group         0x0000000000000000        0xc Core/Src/syscalls.o
 .group         0x0000000000000000        0xc Core/Src/syscalls.o
 .group         0x0000000000000000        0xc Core/Src/syscalls.o
 .group         0x0000000000000000        0xc Core/Src/syscalls.o
 .group         0x0000000000000000        0xc Core/Src/syscalls.o
 .group         0x0000000000000000        0xc Core/Src/syscalls.o
 .group         0x0000000000000000        0xc Core/Src/syscalls.o
 .group         0x0000000000000000        0xc Core/Src/syscalls.o
 .group         0x0000000000000000        0xc Core/Src/syscalls.o
 .group         0x0000000000000000        0xc Core/Src/syscalls.o
 .group         0x0000000000000000        0xc Core/Src/syscalls.o
 .group         0x0000000000000000        0xc Core/Src/syscalls.o
 .group         0x0000000000000000        0xc Core/Src/syscalls.o
 .group         0x0000000000000000        0xc Core/Src/syscalls.o
 .group         0x0000000000000000        0xc Core/Src/syscalls.o
 .group         0x0000000000000000        0xc Core/Src/syscalls.o
 .group         0x0000000000000000        0xc Core/Src/syscalls.o
 .group         0x0000000000000000        0xc Core/Src/syscalls.o
 .group         0x0000000000000000        0xc Core/Src/syscalls.o
 .group         0x0000000000000000        0xc Core/Src/syscalls.o
 .group         0x0000000000000000        0xc Core/Src/syscalls.o
 .group         0x0000000000000000        0xc Core/Src/syscalls.o
 .group         0x0000000000000000        0xc Core/Src/syscalls.o
 .group         0x0000000000000000        0xc Core/Src/syscalls.o
 .group         0x0000000000000000        0xc Core/Src/syscalls.o
 .group         0x0000000000000000        0xc Core/Src/syscalls.o
 .group         0x0000000000000000        0xc Core/Src/syscalls.o
 .text          0x0000000000000000        0x0 Core/Src/syscalls.o
 .data          0x0000000000000000        0x0 Core/Src/syscalls.o
 .bss           0x0000000000000000        0x0 Core/Src/syscalls.o
 .bss.__env     0x0000000000000000        0x4 Core/Src/syscalls.o
 .data.environ  0x0000000000000000        0x4 Core/Src/syscalls.o
 .text.initialise_monitor_handles
                0x0000000000000000        0xc Core/Src/syscalls.o
 .text._getpid  0x0000000000000000        0xe Core/Src/syscalls.o
 .text._kill    0x0000000000000000       0x20 Core/Src/syscalls.o
 .text._exit    0x0000000000000000       0x14 Core/Src/syscalls.o
 .text._read    0x0000000000000000       0x3a Core/Src/syscalls.o
 .text._write   0x0000000000000000       0x38 Core/Src/syscalls.o
 .text._close   0x0000000000000000       0x16 Core/Src/syscalls.o
 .text._fstat   0x0000000000000000       0x1e Core/Src/syscalls.o
 .text._isatty  0x0000000000000000       0x14 Core/Src/syscalls.o
 .text._lseek   0x0000000000000000       0x18 Core/Src/syscalls.o
 .text._open    0x0000000000000000       0x1a Core/Src/syscalls.o
 .text._wait    0x0000000000000000       0x1e Core/Src/syscalls.o
 .text._unlink  0x0000000000000000       0x1e Core/Src/syscalls.o
 .text._times   0x0000000000000000       0x16 Core/Src/syscalls.o
 .text._stat    0x0000000000000000       0x1e Core/Src/syscalls.o
 .text._link    0x0000000000000000       0x20 Core/Src/syscalls.o
 .text._fork    0x0000000000000000       0x16 Core/Src/syscalls.o
 .text._execve  0x0000000000000000       0x22 Core/Src/syscalls.o
 .debug_info    0x0000000000000000      0xebd Core/Src/syscalls.o
 .debug_abbrev  0x0000000000000000      0x261 Core/Src/syscalls.o
 .debug_aranges
                0x0000000000000000       0xa8 Core/Src/syscalls.o
 .debug_ranges  0x0000000000000000       0x98 Core/Src/syscalls.o
 .debug_macro   0x0000000000000000      0x243 Core/Src/syscalls.o
 .debug_macro   0x0000000000000000      0xa5a Core/Src/syscalls.o
 .debug_macro   0x0000000000000000       0x22 Core/Src/syscalls.o
 .debug_macro   0x0000000000000000       0x40 Core/Src/syscalls.o
 .debug_macro   0x0000000000000000       0x18 Core/Src/syscalls.o
 .debug_macro   0x0000000000000000       0x94 Core/Src/syscalls.o
 .debug_macro   0x0000000000000000       0x3c Core/Src/syscalls.o
 .debug_macro   0x0000000000000000       0x34 Core/Src/syscalls.o
 .debug_macro   0x0000000000000000       0x57 Core/Src/syscalls.o
 .debug_macro   0x0000000000000000      0x174 Core/Src/syscalls.o
 .debug_macro   0x0000000000000000      0x330 Core/Src/syscalls.o
 .debug_macro   0x0000000000000000       0x52 Core/Src/syscalls.o
 .debug_macro   0x0000000000000000       0x1f Core/Src/syscalls.o
 .debug_macro   0x0000000000000000       0x43 Core/Src/syscalls.o
 .debug_macro   0x0000000000000000       0x20 Core/Src/syscalls.o
 .debug_macro   0x0000000000000000      0x1a3 Core/Src/syscalls.o
 .debug_macro   0x0000000000000000       0x10 Core/Src/syscalls.o
 .debug_macro   0x0000000000000000       0x35 Core/Src/syscalls.o
 .debug_macro   0x0000000000000000       0x10 Core/Src/syscalls.o
 .debug_macro   0x0000000000000000       0x10 Core/Src/syscalls.o
 .debug_macro   0x0000000000000000       0x10 Core/Src/syscalls.o
 .debug_macro   0x0000000000000000       0x6a Core/Src/syscalls.o
 .debug_macro   0x0000000000000000       0x1c Core/Src/syscalls.o
 .debug_macro   0x0000000000000000       0x52 Core/Src/syscalls.o
 .debug_macro   0x0000000000000000       0x40 Core/Src/syscalls.o
 .debug_macro   0x0000000000000000       0x10 Core/Src/syscalls.o
 .debug_macro   0x0000000000000000       0x40 Core/Src/syscalls.o
 .debug_macro   0x0000000000000000       0xd7 Core/Src/syscalls.o
 .debug_macro   0x0000000000000000       0x1c Core/Src/syscalls.o
 .debug_macro   0x0000000000000000       0x3d Core/Src/syscalls.o
 .debug_macro   0x0000000000000000       0x35 Core/Src/syscalls.o
 .debug_macro   0x0000000000000000      0x122 Core/Src/syscalls.o
 .debug_macro   0x0000000000000000       0x16 Core/Src/syscalls.o
 .debug_macro   0x0000000000000000       0x16 Core/Src/syscalls.o
 .debug_macro   0x0000000000000000       0x29 Core/Src/syscalls.o
 .debug_macro   0x0000000000000000       0x10 Core/Src/syscalls.o
 .debug_macro   0x0000000000000000      0x241 Core/Src/syscalls.o
 .debug_macro   0x0000000000000000       0x1c Core/Src/syscalls.o
 .debug_macro   0x0000000000000000       0x10 Core/Src/syscalls.o
 .debug_macro   0x0000000000000000       0x10 Core/Src/syscalls.o
 .debug_macro   0x0000000000000000       0x16 Core/Src/syscalls.o
 .debug_macro   0x0000000000000000      0x145 Core/Src/syscalls.o
 .debug_macro   0x0000000000000000      0x189 Core/Src/syscalls.o
 .debug_macro   0x0000000000000000       0x16 Core/Src/syscalls.o
 .debug_macro   0x0000000000000000       0x88 Core/Src/syscalls.o
 .debug_line    0x0000000000000000      0x73e Core/Src/syscalls.o
 .debug_str     0x0000000000000000     0x8882 Core/Src/syscalls.o
 .comment       0x0000000000000000       0x7c Core/Src/syscalls.o
 .debug_frame   0x0000000000000000      0x2ac Core/Src/syscalls.o
 .ARM.attributes
                0x0000000000000000       0x33 Core/Src/syscalls.o
 .group         0x0000000000000000        0xc Core/Src/sysmem.o
 .group         0x0000000000000000        0xc Core/Src/sysmem.o
 .group         0x0000000000000000        0xc Core/Src/sysmem.o
 .group         0x0000000000000000        0xc Core/Src/sysmem.o
 .group         0x0000000000000000        0xc Core/Src/sysmem.o
 .group         0x0000000000000000        0xc Core/Src/sysmem.o
 .group         0x0000000000000000        0xc Core/Src/sysmem.o
 .group         0x0000000000000000        0xc Core/Src/sysmem.o
 .group         0x0000000000000000        0xc Core/Src/sysmem.o
 .group         0x0000000000000000        0xc Core/Src/sysmem.o
 .group         0x0000000000000000        0xc Core/Src/sysmem.o
 .group         0x0000000000000000        0xc Core/Src/sysmem.o
 .group         0x0000000000000000        0xc Core/Src/sysmem.o
 .group         0x0000000000000000        0xc Core/Src/sysmem.o
 .group         0x0000000000000000        0xc Core/Src/sysmem.o
 .group         0x0000000000000000        0xc Core/Src/sysmem.o
 .group         0x0000000000000000        0xc Core/Src/sysmem.o
 .group         0x0000000000000000        0xc Core/Src/sysmem.o
 .group         0x0000000000000000        0xc Core/Src/sysmem.o
 .text          0x0000000000000000        0x0 Core/Src/sysmem.o
 .data          0x0000000000000000        0x0 Core/Src/sysmem.o
 .bss           0x0000000000000000        0x0 Core/Src/sysmem.o
 .bss.__sbrk_heap_end
                0x0000000000000000        0x4 Core/Src/sysmem.o
 .text._sbrk    0x0000000000000000       0x6c Core/Src/sysmem.o
 .debug_info    0x0000000000000000      0x985 Core/Src/sysmem.o
 .debug_abbrev  0x0000000000000000      0x19b Core/Src/sysmem.o
 .debug_aranges
                0x0000000000000000       0x20 Core/Src/sysmem.o
 .debug_ranges  0x0000000000000000       0x10 Core/Src/sysmem.o
 .debug_macro   0x0000000000000000       0xee Core/Src/sysmem.o
 .debug_macro   0x0000000000000000      0xa5a Core/Src/sysmem.o
 .debug_macro   0x0000000000000000       0x10 Core/Src/sysmem.o
 .debug_macro   0x0000000000000000       0x22 Core/Src/sysmem.o
 .debug_macro   0x0000000000000000       0x40 Core/Src/sysmem.o
 .debug_macro   0x0000000000000000       0x18 Core/Src/sysmem.o
 .debug_macro   0x0000000000000000       0x94 Core/Src/sysmem.o
 .debug_macro   0x0000000000000000       0x3c Core/Src/sysmem.o
 .debug_macro   0x0000000000000000       0x34 Core/Src/sysmem.o
 .debug_macro   0x0000000000000000      0x174 Core/Src/sysmem.o
 .debug_macro   0x0000000000000000       0x57 Core/Src/sysmem.o
 .debug_macro   0x0000000000000000       0x52 Core/Src/sysmem.o
 .debug_macro   0x0000000000000000       0x1f Core/Src/sysmem.o
 .debug_macro   0x0000000000000000       0x43 Core/Src/sysmem.o
 .debug_macro   0x0000000000000000       0x20 Core/Src/sysmem.o
 .debug_macro   0x0000000000000000      0x1a3 Core/Src/sysmem.o
 .debug_macro   0x0000000000000000      0x23b Core/Src/sysmem.o
 .debug_macro   0x0000000000000000       0xef Core/Src/sysmem.o
 .debug_macro   0x0000000000000000       0x6a Core/Src/sysmem.o
 .debug_macro   0x0000000000000000      0x1df Core/Src/sysmem.o
 .debug_line    0x0000000000000000      0x4c7 Core/Src/sysmem.o
 .debug_str     0x0000000000000000     0x5f50 Core/Src/sysmem.o
 .comment       0x0000000000000000       0x7c Core/Src/sysmem.o
 .debug_frame   0x0000000000000000       0x34 Core/Src/sysmem.o
 .ARM.attributes
                0x0000000000000000       0x33 Core/Src/sysmem.o
 .text          0x0000000000000000       0x14 Core/Startup/startup_stm32f103c8tx.o
 .data          0x0000000000000000        0x0 Core/Startup/startup_stm32f103c8tx.o
 .bss           0x0000000000000000        0x0 Core/Startup/startup_stm32f103c8tx.o
 .text          0x0000000000000000        0x0 c:/st/stm32cubeide_1.4.0/stm32cubeide/plugins/com.st.stm32cube.ide.mcu.externaltools.gnu-tools-for-stm32.7-2018-q2-update.win32_1.4.0.202007081208/tools/bin/../lib/gcc/arm-none-eabi/7.3.1/../../../../arm-none-eabi/lib/thumb/v7-m\libc_nano.a(lib_a-errno.o)
 .data          0x0000000000000000        0x0 c:/st/stm32cubeide_1.4.0/stm32cubeide/plugins/com.st.stm32cube.ide.mcu.externaltools.gnu-tools-for-stm32.7-2018-q2-update.win32_1.4.0.202007081208/tools/bin/../lib/gcc/arm-none-eabi/7.3.1/../../../../arm-none-eabi/lib/thumb/v7-m\libc_nano.a(lib_a-errno.o)
 .bss           0x0000000000000000        0x0 c:/st/stm32cubeide_1.4.0/stm32cubeide/plugins/com.st.stm32cube.ide.mcu.externaltools.gnu-tools-for-stm32.7-2018-q2-update.win32_1.4.0.202007081208/tools/bin/../lib/gcc/arm-none-eabi/7.3.1/../../../../arm-none-eabi/lib/thumb/v7-m\libc_nano.a(lib_a-errno.o)
 .text.__errno  0x0000000000000000        0xc c:/st/stm32cubeide_1.4.0/stm32cubeide/plugins/com.st.stm32cube.ide.mcu.externaltools.gnu-tools-for-stm32.7-2018-q2-update.win32_1.4.0.202007081208/tools/bin/../lib/gcc/arm-none-eabi/7.3.1/../../../../arm-none-eabi/lib/thumb/v7-m\libc_nano.a(lib_a-errno.o)
 .debug_frame   0x0000000000000000       0x20 c:/st/stm32cubeide_1.4.0/stm32cubeide/plugins/com.st.stm32cube.ide.mcu.externaltools.gnu-tools-for-stm32.7-2018-q2-update.win32_1.4.0.202007081208/tools/bin/../lib/gcc/arm-none-eabi/7.3.1/../../../../arm-none-eabi/lib/thumb/v7-m\libc_nano.a(lib_a-errno.o)
 .ARM.attributes
                0x0000000000000000       0x2d c:/st/stm32cubeide_1.4.0/stm32cubeide/plugins/com.st.stm32cube.ide.mcu.externaltools.gnu-tools-for-stm32.7-2018-q2-update.win32_1.4.0.202007081208/tools/bin/../lib/gcc/arm-none-eabi/7.3.1/../../../../arm-none-eabi/lib/thumb/v7-m\libc_nano.a(lib_a-errno.o)
 .text          0x0000000000000000        0x0 c:/st/stm32cubeide_1.4.0/stm32cubeide/plugins/com.st.stm32cube.ide.mcu.externaltools.gnu-tools-for-stm32.7-2018-q2-update.win32_1.4.0.202007081208/tools/bin/../lib/gcc/arm-none-eabi/7.3.1/../../../../arm-none-eabi/lib/thumb/v7-m\libc_nano.a(lib_a-exit.o)
 .data          0x0000000000000000        0x0 c:/st/stm32cubeide_1.4.0/stm32cubeide/plugins/com.st.stm32cube.ide.mcu.externaltools.gnu-tools-for-stm32.7-2018-q2-update.win32_1.4.0.202007081208/tools/bin/../lib/gcc/arm-none-eabi/7.3.1/../../../../arm-none-eabi/lib/thumb/v7-m\libc_nano.a(lib_a-exit.o)
 .bss           0x0000000000000000        0x0 c:/st/stm32cubeide_1.4.0/stm32cubeide/plugins/com.st.stm32cube.ide.mcu.externaltools.gnu-tools-for-stm32.7-2018-q2-update.win32_1.4.0.202007081208/tools/bin/../lib/gcc/arm-none-eabi/7.3.1/../../../../arm-none-eabi/lib/thumb/v7-m\libc_nano.a(lib_a-exit.o)
 .text.exit     0x0000000000000000       0x28 c:/st/stm32cubeide_1.4.0/stm32cubeide/plugins/com.st.stm32cube.ide.mcu.externaltools.gnu-tools-for-stm32.7-2018-q2-update.win32_1.4.0.202007081208/tools/bin/../lib/gcc/arm-none-eabi/7.3.1/../../../../arm-none-eabi/lib/thumb/v7-m\libc_nano.a(lib_a-exit.o)
 .debug_frame   0x0000000000000000       0x28 c:/st/stm32cubeide_1.4.0/stm32cubeide/plugins/com.st.stm32cube.ide.mcu.externaltools.gnu-tools-for-stm32.7-2018-q2-update.win32_1.4.0.202007081208/tools/bin/../lib/gcc/arm-none-eabi/7.3.1/../../../../arm-none-eabi/lib/thumb/v7-m\libc_nano.a(lib_a-exit.o)
 .ARM.attributes
                0x0000000000000000       0x2d c:/st/stm32cubeide_1.4.0/stm32cubeide/plugins/com.st.stm32cube.ide.mcu.externaltools.gnu-tools-for-stm32.7-2018-q2-update.win32_1.4.0.202007081208/tools/bin/../lib/gcc/arm-none-eabi/7.3.1/../../../../arm-none-eabi/lib/thumb/v7-m\libc_nano.a(lib_a-exit.o)
 .text          0x0000000000000000        0x0 c:/st/stm32cubeide_1.4.0/stm32cubeide/plugins/com.st.stm32cube.ide.mcu.externaltools.gnu-tools-for-stm32.7-2018-q2-update.win32_1.4.0.202007081208/tools/bin/../lib/gcc/arm-none-eabi/7.3.1/../../../../arm-none-eabi/lib/thumb/v7-m\libc_nano.a(lib_a-impure.o)
 .data          0x0000000000000000        0x0 c:/st/stm32cubeide_1.4.0/stm32cubeide/plugins/com.st.stm32cube.ide.mcu.externaltools.gnu-tools-for-stm32.7-2018-q2-update.win32_1.4.0.202007081208/tools/bin/../lib/gcc/arm-none-eabi/7.3.1/../../../../arm-none-eabi/lib/thumb/v7-m\libc_nano.a(lib_a-impure.o)
 .bss           0x0000000000000000        0x0 c:/st/stm32cubeide_1.4.0/stm32cubeide/plugins/com.st.stm32cube.ide.mcu.externaltools.gnu-tools-for-stm32.7-2018-q2-update.win32_1.4.0.202007081208/tools/bin/../lib/gcc/arm-none-eabi/7.3.1/../../../../arm-none-eabi/lib/thumb/v7-m\libc_nano.a(lib_a-impure.o)
 .data._impure_ptr
                0x0000000000000000        0x4 c:/st/stm32cubeide_1.4.0/stm32cubeide/plugins/com.st.stm32cube.ide.mcu.externaltools.gnu-tools-for-stm32.7-2018-q2-update.win32_1.4.0.202007081208/tools/bin/../lib/gcc/arm-none-eabi/7.3.1/../../../../arm-none-eabi/lib/thumb/v7-m\libc_nano.a(lib_a-impure.o)
 .data.impure_data
                0x0000000000000000       0x60 c:/st/stm32cubeide_1.4.0/stm32cubeide/plugins/com.st.stm32cube.ide.mcu.externaltools.gnu-tools-for-stm32.7-2018-q2-update.win32_1.4.0.202007081208/tools/bin/../lib/gcc/arm-none-eabi/7.3.1/../../../../arm-none-eabi/lib/thumb/v7-m\libc_nano.a(lib_a-impure.o)
 .rodata._global_impure_ptr
                0x0000000000000000        0x4 c:/st/stm32cubeide_1.4.0/stm32cubeide/plugins/com.st.stm32cube.ide.mcu.externaltools.gnu-tools-for-stm32.7-2018-q2-update.win32_1.4.0.202007081208/tools/bin/../lib/gcc/arm-none-eabi/7.3.1/../../../../arm-none-eabi/lib/thumb/v7-m\libc_nano.a(lib_a-impure.o)
 .ARM.attributes
                0x0000000000000000       0x2d c:/st/stm32cubeide_1.4.0/stm32cubeide/plugins/com.st.stm32cube.ide.mcu.externaltools.gnu-tools-for-stm32.7-2018-q2-update.win32_1.4.0.202007081208/tools/bin/../lib/gcc/arm-none-eabi/7.3.1/../../../../arm-none-eabi/lib/thumb/v7-m\libc_nano.a(lib_a-impure.o)
 .text          0x0000000000000000        0x0 c:/st/stm32cubeide_1.4.0/stm32cubeide/plugins/com.st.stm32cube.ide.mcu.externaltools.gnu-tools-for-stm32.7-2018-q2-update.win32_1.4.0.202007081208/tools/bin/../lib/gcc/arm-none-eabi/7.3.1/../../../../arm-none-eabi/lib/thumb/v7-m\libc_nano.a(lib_a-init.o)
 .data          0x0000000000000000        0x0 c:/st/stm32cubeide_1.4.0/stm32cubeide/plugins/com.st.stm32cube.ide.mcu.externaltools.gnu-tools-for-stm32.7-2018-q2-update.win32_1.4.0.202007081208/tools/bin/../lib/gcc/arm-none-eabi/7.3.1/../../../../arm-none-eabi/lib/thumb/v7-m\libc_nano.a(lib_a-init.o)
 .bss           0x0000000000000000        0x0 c:/st/stm32cubeide_1.4.0/stm32cubeide/plugins/com.st.stm32cube.ide.mcu.externaltools.gnu-tools-for-stm32.7-2018-q2-update.win32_1.4.0.202007081208/tools/bin/../lib/gcc/arm-none-eabi/7.3.1/../../../../arm-none-eabi/lib/thumb/v7-m\libc_nano.a(lib_a-init.o)
 .text          0x0000000000000000        0x0 c:/st/stm32cubeide_1.4.0/stm32cubeide/plugins/com.st.stm32cube.ide.mcu.externaltools.gnu-tools-for-stm32.7-2018-q2-update.win32_1.4.0.202007081208/tools/bin/../lib/gcc/arm-none-eabi/7.3.1/../../../../arm-none-eabi/lib/thumb/v7-m\libc_nano.a(lib_a-memset.o)
 .data          0x0000000000000000        0x0 c:/st/stm32cubeide_1.4.0/stm32cubeide/plugins/com.st.stm32cube.ide.mcu.externaltools.gnu-tools-for-stm32.7-2018-q2-update.win32_1.4.0.202007081208/tools/bin/../lib/gcc/arm-none-eabi/7.3.1/../../../../arm-none-eabi/lib/thumb/v7-m\libc_nano.a(lib_a-memset.o)
 .bss           0x0000000000000000        0x0 c:/st/stm32cubeide_1.4.0/stm32cubeide/plugins/com.st.stm32cube.ide.mcu.externaltools.gnu-tools-for-stm32.7-2018-q2-update.win32_1.4.0.202007081208/tools/bin/../lib/gcc/arm-none-eabi/7.3.1/../../../../arm-none-eabi/lib/thumb/v7-m\libc_nano.a(lib_a-memset.o)
 .text.memset   0x0000000000000000       0x10 c:/st/stm32cubeide_1.4.0/stm32cubeide/plugins/com.st.stm32cube.ide.mcu.externaltools.gnu-tools-for-stm32.7-2018-q2-update.win32_1.4.0.202007081208/tools/bin/../lib/gcc/arm-none-eabi/7.3.1/../../../../arm-none-eabi/lib/thumb/v7-m\libc_nano.a(lib_a-memset.o)
 .debug_frame   0x0000000000000000       0x20 c:/st/stm32cubeide_1.4.0/stm32cubeide/plugins/com.st.stm32cube.ide.mcu.externaltools.gnu-tools-for-stm32.7-2018-q2-update.win32_1.4.0.202007081208/tools/bin/../lib/gcc/arm-none-eabi/7.3.1/../../../../arm-none-eabi/lib/thumb/v7-m\libc_nano.a(lib_a-memset.o)
 .ARM.attributes
                0x0000000000000000       0x2d c:/st/stm32cubeide_1.4.0/stm32cubeide/plugins/com.st.stm32cube.ide.mcu.externaltools.gnu-tools-for-stm32.7-2018-q2-update.win32_1.4.0.202007081208/tools/bin/../lib/gcc/arm-none-eabi/7.3.1/../../../../arm-none-eabi/lib/thumb/v7-m\libc_nano.a(lib_a-memset.o)
 .text          0x0000000000000000        0x0 c:/st/stm32cubeide_1.4.0/stm32cubeide/plugins/com.st.stm32cube.ide.mcu.externaltools.gnu-tools-for-stm32.7-2018-q2-update.win32_1.4.0.202007081208/tools/bin/../lib/gcc/arm-none-eabi/7.3.1/thumb/v7-m/crtend.o
 .data          0x0000000000000000        0x0 c:/st/stm32cubeide_1.4.0/stm32cubeide/plugins/com.st.stm32cube.ide.mcu.externaltools.gnu-tools-for-stm32.7-2018-q2-update.win32_1.4.0.202007081208/tools/bin/../lib/gcc/arm-none-eabi/7.3.1/thumb/v7-m/crtend.o
 .bss           0x0000000000000000        0x0 c:/st/stm32cubeide_1.4.0/stm32cubeide/plugins/com.st.stm32cube.ide.mcu.externaltools.gnu-tools-for-stm32.7-2018-q2-update.win32_1.4.0.202007081208/tools/bin/../lib/gcc/arm-none-eabi/7.3.1/thumb/v7-m/crtend.o
 .eh_frame      0x0000000000000000        0x4 c:/st/stm32cubeide_1.4.0/stm32cubeide/plugins/com.st.stm32cube.ide.mcu.externaltools.gnu-tools-for-stm32.7-2018-q2-update.win32_1.4.0.202007081208/tools/bin/../lib/gcc/arm-none-eabi/7.3.1/thumb/v7-m/crtend.o
 .ARM.attributes
                0x0000000000000000       0x2d c:/st/stm32cubeide_1.4.0/stm32cubeide/plugins/com.st.stm32cube.ide.mcu.externaltools.gnu-tools-for-stm32.7-2018-q2-update.win32_1.4.0.202007081208/tools/bin/../lib/gcc/arm-none-eabi/7.3.1/thumb/v7-m/crtend.o
 .text          0x0000000000000000        0x0 c:/st/stm32cubeide_1.4.0/stm32cubeide/plugins/com.st.stm32cube.ide.mcu.externaltools.gnu-tools-for-stm32.7-2018-q2-update.win32_1.4.0.202007081208/tools/bin/../lib/gcc/arm-none-eabi/7.3.1/thumb/v7-m/crtn.o
 .data          0x0000000000000000        0x0 c:/st/stm32cubeide_1.4.0/stm32cubeide/plugins/com.st.stm32cube.ide.mcu.externaltools.gnu-tools-for-stm32.7-2018-q2-update.win32_1.4.0.202007081208/tools/bin/../lib/gcc/arm-none-eabi/7.3.1/thumb/v7-m/crtn.o
 .bss           0x0000000000000000        0x0 c:/st/stm32cubeide_1.4.0/stm32cubeide/plugins/com.st.stm32cube.ide.mcu.externaltools.gnu-tools-for-stm32.7-2018-q2-update.win32_1.4.0.202007081208/tools/bin/../lib/gcc/arm-none-eabi/7.3.1/thumb/v7-m/crtn.o

Memory Configuration

Name             Origin             Length             Attributes
RAM              0x0000000020000000 0x0000000000005000 xrw
FLASH            0x0000000008000000 0x0000000000010000 xr
*default*        0x0000000000000000 0xffffffffffffffff

Linker script and memory map

LOAD c:/st/stm32cubeide_1.4.0/stm32cubeide/plugins/com.st.stm32cube.ide.mcu.externaltools.gnu-tools-for-stm32.7-2018-q2-update.win32_1.4.0.202007081208/tools/bin/../lib/gcc/arm-none-eabi/7.3.1/thumb/v7-m/crti.o
LOAD c:/st/stm32cubeide_1.4.0/stm32cubeide/plugins/com.st.stm32cube.ide.mcu.externaltools.gnu-tools-for-stm32.7-2018-q2-update.win32_1.4.0.202007081208/tools/bin/../lib/gcc/arm-none-eabi/7.3.1/thumb/v7-m/crtbegin.o
LOAD c:/st/stm32cubeide_1.4.0/stm32cubeide/plugins/com.st.stm32cube.ide.mcu.externaltools.gnu-tools-for-stm32.7-2018-q2-update.win32_1.4.0.202007081208/tools/bin/../lib/gcc/arm-none-eabi/7.3.1/../../../../arm-none-eabi/lib/thumb/v7-m/crt0.o
LOAD Core/Src/main.o
LOAD Core/Src/stm32f103x8_EXTI_driver.o
LOAD Core/Src/stm32f103x8_RCC_driver.o
LOAD Core/Src/stm32f103x8_gpio_driver.o
LOAD Core/Src/syscalls.o
LOAD Core/Src/sysmem.o
LOAD Core/Startup/startup_stm32f103c8tx.o
START GROUP
LOAD c:/st/stm32cubeide_1.4.0/stm32cubeide/plugins/com.st.stm32cube.ide.mcu.externaltools.gnu-tools-for-stm32.7-2018-q2-update.win32_1.4.0.202007081208/tools/bin/../lib/gcc/arm-none-eabi/7.3.1/../../../../arm-none-eabi/lib/thumb/v7-m\libc_nano.a
LOAD c:/st/stm32cubeide_1.4.0/stm32cubeide/plugins/com.st.stm32cube.ide.mcu.externaltools.gnu-tools-for-stm32.7-2018-q2-update.win32_1.4.0.202007081208/tools/bin/../lib/gcc/arm-none-eabi/7.3.1/../../../../arm-none-eabi/lib/thumb/v7-m\libm.a
END GROUP
START GROUP
LOAD c:/st/stm32cubeide_1.4.0/stm32cubeide/plugins/com.st.stm32cube.ide.mcu.externaltools.gnu-tools-for-stm32.7-2018-q2-update.win32_1.4.0.202007081208/tools/bin/../lib/gcc/arm-none-eabi/7.3.1/thumb/v7-m\libgcc.a
LOAD c:/st/stm32cubeide_1.4.0/stm32cubeide/plugins/com.st.stm32cube.ide.mcu.externaltools.gnu-tools-for-stm32.7-2018-q2-update.win32_1.4.0.202007081208/tools/bin/../lib/gcc/arm-none-eabi/7.3.1/../../../../arm-none-eabi/lib/thumb/v7-m\libc_nano.a
END GROUP
START GROUP
LOAD c:/st/stm32cubeide_1.4.0/stm32cubeide/plugins/com.st.stm32cube.ide.mcu.externaltools.gnu-tools-for-stm32.7-2018-q2-update.win32_1.4.0.202007081208/tools/bin/../lib/gcc/arm-none-eabi/7.3.1/thumb/v7-m\libgcc.a
LOAD c:/st/stm32cubeide_1.4.0/stm32cubeide/plugins/com.st.stm32cube.ide.mcu.externaltools.gnu-tools-for-stm32.7-2018-q2-update.win32_1.4.0.202007081208/tools/bin/../lib/gcc/arm-none-eabi/7.3.1/../../../../arm-none-eabi/lib/thumb/v7-m\libc_nano.a
LOAD c:/st/stm32cubeide_1.4.0/stm32cubeide/plugins/com.st.stm32cube.ide.mcu.externaltools.gnu-tools-for-stm32.7-2018-q2-update.win32_1.4.0.202007081208/tools/bin/../lib/gcc/arm-none-eabi/7.3.1/../../../../arm-none-eabi/lib/thumb/v7-m\libnosys.a
END GROUP
START GROUP
LOAD c:/st/stm32cubeide_1.4.0/stm32cubeide/plugins/com.st.stm32cube.ide.mcu.externaltools.gnu-tools-for-stm32.7-2018-q2-update.win32_1.4.0.202007081208/tools/bin/../lib/gcc/arm-none-eabi/7.3.1/thumb/v7-m\libgcc.a
LOAD c:/st/stm32cubeide_1.4.0/stm32cubeide/plugins/com.st.stm32cube.ide.mcu.externaltools.gnu-tools-for-stm32.7-2018-q2-update.win32_1.4.0.202007081208/tools/bin/../lib/gcc/arm-none-eabi/7.3.1/../../../../arm-none-eabi/lib/thumb/v7-m\libc_nano.a
LOAD c:/st/stm32cubeide_1.4.0/stm32cubeide/plugins/com.st.stm32cube.ide.mcu.externaltools.gnu-tools-for-stm32.7-2018-q2-update.win32_1.4.0.202007081208/tools/bin/../lib/gcc/arm-none-eabi/7.3.1/../../../../arm-none-eabi/lib/thumb/v7-m\libnosys.a
END GROUP
LOAD c:/st/stm32cubeide_1.4.0/stm32cubeide/plugins/com.st.stm32cube.ide.mcu.externaltools.gnu-tools-for-stm32.7-2018-q2-update.win32_1.4.0.202007081208/tools/bin/../lib/gcc/arm-none-eabi/7.3.1/thumb/v7-m/crtend.o
LOAD c:/st/stm32cubeide_1.4.0/stm32cubeide/plugins/com.st.stm32cube.ide.mcu.externaltools.gnu-tools-for-stm32.7-2018-q2-update.win32_1.4.0.202007081208/tools/bin/../lib/gcc/arm-none-eabi/7.3.1/thumb/v7-m/crtn.o
                0x0000000020005000                _estack = (ORIGIN (RAM) + LENGTH (RAM))
                0x0000000000000200                _Min_Heap_Size = 0x200
                0x0000000000000400                _Min_Stack_Size = 0x400

.isr_vector     0x0000000008000000      0x130
                0x0000000008000000                . = ALIGN (0x4)
 *(.isr_vector)
 .isr_vector    0x0000000008000000      0x130 Core/Startup/startup_stm32f103c8tx.o
                0x0000000008000000                g_pfnVectors
                0x0000000008000130                . = ALIGN (0x4)

.text           0x0000000008000130      0x950
                0x0000000008000130                . = ALIGN (0x4)
 *(.text)
 .text          0x0000000008000130       0x40 c:/st/stm32cubeide_1.4.0/stm32cubeide/plugins/com.st.stm32cube.ide.mcu.externaltools.gnu-tools-for-stm32.7-2018-q2-update.win32_1.4.0.202007081208/tools/bin/../lib/gcc/arm-none-eabi/7.3.1/thumb/v7-m/crtbegin.o
 *(.text*)
 .text.EXTI9_CALLBACK
                0x0000000008000170       0x30 Core/Src/main.o
                0x0000000008000170                EXTI9_CALLBACK
 .text.main     0x00000000080001a0       0x68 Core/Src/main.o
                0x00000000080001a0                main
 .text.Enable_NVIC
                0x0000000008000208       0xcc Core/Src/stm32f103x8_EXTI_driver.o
                0x0000000008000208                Enable_NVIC
 .text.Disable_NVIC
                0x00000000080002d4       0xcc Core/Src/stm32f103x8_EXTI_driver.o
                0x00000000080002d4                Disable_NVIC
 .text.Update_EXTI
                0x00000000080003a0      0x1d8 Core/Src/stm32f103x8_EXTI_driver.o
                0x00000000080003a0                Update_EXTI
 .text.MCAL_EXTI_GPIO_Init
                0x0000000008000578       0x16 Core/Src/stm32f103x8_EXTI_driver.o
                0x0000000008000578                MCAL_EXTI_GPIO_Init
 *fill*         0x000000000800058e        0x2 
 .text.EXTI0_IRQHandler
                0x0000000008000590       0x24 Core/Src/stm32f103x8_EXTI_driver.o
                0x0000000008000590                EXTI0_IRQHandler
 .text.EXTI1_IRQHandler
                0x00000000080005b4       0x24 Core/Src/stm32f103x8_EXTI_driver.o
                0x00000000080005b4                EXTI1_IRQHandler
 .text.EXTI2_IRQHandler
                0x00000000080005d8       0x24 Core/Src/stm32f103x8_EXTI_driver.o
                0x00000000080005d8                EXTI2_IRQHandler
 .text.EXTI3_IRQHandler
                0x00000000080005fc       0x24 Core/Src/stm32f103x8_EXTI_driver.o
                0x00000000080005fc                EXTI3_IRQHandler
 .text.EXTI4_IRQHandler
                0x0000000008000620       0x24 Core/Src/stm32f103x8_EXTI_driver.o
                0x0000000008000620                EXTI4_IRQHandler
 .text.EXTI9_5_IRQHandler
                0x0000000008000644       0xa8 Core/Src/stm32f103x8_EXTI_driver.o
                0x0000000008000644                EXTI9_5_IRQHandler
 .text.EXTI15_10_IRQHandler
                0x00000000080006ec       0xc4 Core/Src/stm32f103x8_EXTI_driver.o
                0x00000000080006ec                EXTI15_10_IRQHandler
 .text.Get_CRLH_Position
                0x00000000080007b0       0xc6 Core/Src/stm32f103x8_gpio_driver.o
                0x00000000080007b0                Get_CRLH_Position
 .text.MCAL_GPIO_Init
                0x0000000008000876      0x154 Core/Src/stm32f103x8_gpio_driver.o
                0x0000000008000876                MCAL_GPIO_Init
 *fill*         0x00000000080009ca        0x2 
 .text.Reset_Handler
                0x00000000080009cc       0x50 Core/Startup/startup_stm32f103c8tx.o
                0x00000000080009cc                Reset_Handler
 .text.Default_Handler
                0x0000000008000a1c        0x2 Core/Startup/startup_stm32f103c8tx.o
                0x0000000008000a1c                TIM8_TRG_COM_IRQHandler
                0x0000000008000a1c                TIM8_CC_IRQHandler
                0x0000000008000a1c                DebugMon_Handler
                0x0000000008000a1c                TIM1_CC_IRQHandler
                0x0000000008000a1c                HardFault_Handler
                0x0000000008000a1c                TIM6_IRQHandler
                0x0000000008000a1c                SysTick_Handler
                0x0000000008000a1c                PVD_IRQHandler
                0x0000000008000a1c                SDIO_IRQHandler
                0x0000000008000a1c                PendSV_Handler
                0x0000000008000a1c                NMI_Handler
                0x0000000008000a1c                USB_HP_CAN_TX_IRQHandler
                0x0000000008000a1c                I2C2_EV_IRQHandler
                0x0000000008000a1c                UsageFault_Handler
                0x0000000008000a1c                ADC1_2_IRQHandler
                0x0000000008000a1c                SPI1_IRQHandler
                0x0000000008000a1c                CAN_SCE_IRQHandler
                0x0000000008000a1c                TAMPER_IRQHandler
                0x0000000008000a1c                TIM8_UP_IRQHandler
                0x0000000008000a1c                DMA2_Channel2_IRQHandler
                0x0000000008000a1c                DMA1_Channel4_IRQHandler
                0x0000000008000a1c                USART3_IRQHandler
                0x0000000008000a1c                RTC_IRQHandler
                0x0000000008000a1c                DMA1_Channel7_IRQHandler
                0x0000000008000a1c                UART5_IRQHandler
                0x0000000008000a1c                ADC3_IRQHandler
                0x0000000008000a1c                TIM4_IRQHandler
                0x0000000008000a1c                CAN_RX1_IRQHandler
                0x0000000008000a1c                DMA2_Channel1_IRQHandler
                0x0000000008000a1c                I2C1_EV_IRQHandler
                0x0000000008000a1c                DMA1_Channel6_IRQHandler
                0x0000000008000a1c                UART4_IRQHandler
                0x0000000008000a1c                TIM3_IRQHandler
                0x0000000008000a1c                RCC_IRQHandler
                0x0000000008000a1c                TIM1_TRG_COM_IRQHandler
                0x0000000008000a1c                DMA1_Channel1_IRQHandler
                0x0000000008000a1c                Default_Handler
                0x0000000008000a1c                TIM7_IRQHandler
                0x0000000008000a1c                TIM5_IRQHandler
                0x0000000008000a1c                SPI2_IRQHandler
                0x0000000008000a1c                USB_LP_CAN_RX0_IRQHandler
                0x0000000008000a1c                MemManage_Handler
                0x0000000008000a1c                SVC_Handler
                0x0000000008000a1c                DMA1_Channel5_IRQHandler
                0x0000000008000a1c                DMA1_Channel3_IRQHandler
                0x0000000008000a1c                FSMC_IRQHandler
                0x0000000008000a1c                TIM1_UP_IRQHandler
                0x0000000008000a1c                WWDG_IRQHandler
                0x0000000008000a1c                TIM2_IRQHandler
                0x0000000008000a1c                TIM1_BRK_IRQHandler
                0x0000000008000a1c                RTCAlarm_IRQHandler
                0x0000000008000a1c                DMA2_Channel4_5_IRQHandler
                0x0000000008000a1c                USART2_IRQHandler
                0x0000000008000a1c                I2C2_ER_IRQHandler
                0x0000000008000a1c                DMA1_Channel2_IRQHandler
                0x0000000008000a1c                TIM8_BRK_IRQHandler
                0x0000000008000a1c                FLASH_IRQHandler
                0x0000000008000a1c                BusFault_Handler
                0x0000000008000a1c                USART1_IRQHandler
                0x0000000008000a1c                SPI3_IRQHandler
                0x0000000008000a1c                I2C1_ER_IRQHandler
                0x0000000008000a1c                DMA2_Channel3_IRQHandler
 *fill*         0x0000000008000a1e        0x2 
 .text.__libc_init_array
                0x0000000008000a20       0x48 c:/st/stm32cubeide_1.4.0/stm32cubeide/plugins/com.st.stm32cube.ide.mcu.externaltools.gnu-tools-for-stm32.7-2018-q2-update.win32_1.4.0.202007081208/tools/bin/../lib/gcc/arm-none-eabi/7.3.1/../../../../arm-none-eabi/lib/thumb/v7-m\libc_nano.a(lib_a-init.o)
                0x0000000008000a20                __libc_init_array
 *(.glue_7)
 .glue_7        0x0000000008000a68        0x0 linker stubs
 *(.glue_7t)
 .glue_7t       0x0000000008000a68        0x0 linker stubs
 *(.eh_frame)
 .eh_frame      0x0000000008000a68        0x0 c:/st/stm32cubeide_1.4.0/stm32cubeide/plugins/com.st.stm32cube.ide.mcu.externaltools.gnu-tools-for-stm32.7-2018-q2-update.win32_1.4.0.202007081208/tools/bin/../lib/gcc/arm-none-eabi/7.3.1/thumb/v7-m/crtbegin.o
 *(.init)
 .init          0x0000000008000a68        0x4 c:/st/stm32cubeide_1.4.0/stm32cubeide/plugins/com.st.stm32cube.ide.mcu.externaltools.gnu-tools-for-stm32.7-2018-q2-update.win32_1.4.0.202007081208/tools/bin/../lib/gcc/arm-none-eabi/7.3.1/thumb/v7-m/crti.o
                0x0000000008000a68                _init
 .init          0x0000000008000a6c        0x8 c:/st/stm32cubeide_1.4.0/stm32cubeide/plugins/com.st.stm32cube.ide.mcu.externaltools.gnu-tools-for-stm32.7-2018-q2-update.win32_1.4.0.202007081208/tools/bin/../lib/gcc/arm-none-eabi/7.3.1/thumb/v7-m/crtn.o
 *(.fini)
 .fini          0x0000000008000a74        0x4 c:/st/stm32cubeide_1.4.0/stm32cubeide/plugins/com.st.stm32cube.ide.mcu.externaltools.gnu-tools-for-stm32.7-2018-q2-update.win32_1.4.0.202007081208/tools/bin/../lib/gcc/arm-none-eabi/7.3.1/thumb/v7-m/crti.o
                0x0000000008000a74                _fini
 .fini          0x0000000008000a78        0x8 c:/st/stm32cubeide_1.4.0/stm32cubeide/plugins/com.st.stm32cube.ide.mcu.externaltools.gnu-tools-for-stm32.7-2018-q2-update.win32_1.4.0.202007081208/tools/bin/../lib/gcc/arm-none-eabi/7.3.1/thumb/v7-m/crtn.o
                0x0000000008000a80                . = ALIGN (0x4)
                0x0000000008000a80                _etext = .

.vfp11_veneer   0x0000000008000a80        0x0
 .vfp11_veneer  0x0000000008000a80        0x0 linker stubs

.v4_bx          0x0000000008000a80        0x0
 .v4_bx         0x0000000008000a80        0x0 linker stubs

.iplt           0x0000000008000a80        0x0
 .iplt          0x0000000008000a80        0x0 c:/st/stm32cubeide_1.4.0/stm32cubeide/plugins/com.st.stm32cube.ide.mcu.externaltools.gnu-tools-for-stm32.7-2018-q2-update.win32_1.4.0.202007081208/tools/bin/../lib/gcc/arm-none-eabi/7.3.1/thumb/v7-m/crtbegin.o

.rodata         0x0000000008000a80        0xc
                0x0000000008000a80                . = ALIGN (0x4)
 *(.rodata)
 .rodata        0x0000000008000a80        0xc Core/Src/main.o
 *(.rodata*)
                0x0000000008000a8c                . = ALIGN (0x4)

.rel.dyn        0x0000000008000a8c        0x0
 .rel.iplt      0x0000000008000a8c        0x0 c:/st/stm32cubeide_1.4.0/stm32cubeide/plugins/com.st.stm32cube.ide.mcu.externaltools.gnu-tools-for-stm32.7-2018-q2-update.win32_1.4.0.202007081208/tools/bin/../lib/gcc/arm-none-eabi/7.3.1/thumb/v7-m/crtbegin.o

.ARM.extab      0x0000000008000a8c        0x0
                0x0000000008000a8c                . = ALIGN (0x4)
 *(.ARM.extab* .gnu.linkonce.armextab.*)
                0x0000000008000a8c                . = ALIGN (0x4)

.ARM            0x0000000008000a8c        0x0
                0x0000000008000a8c                . = ALIGN (0x4)
                0x0000000008000a8c                __exidx_start = .
 *(.ARM.exidx*)
                0x0000000008000a8c                __exidx_end = .
                0x0000000008000a8c                . = ALIGN (0x4)

.preinit_array  0x0000000008000a8c        0x0
                0x0000000008000a8c                . = ALIGN (0x4)
                0x0000000008000a8c                PROVIDE (__preinit_array_start = .)
 *(.preinit_array*)
                0x0000000008000a8c                PROVIDE (__preinit_array_end = .)
                0x0000000008000a8c                . = ALIGN (0x4)

.init_array     0x0000000008000a8c        0x4
                0x0000000008000a8c                . = ALIGN (0x4)
                0x0000000008000a8c                PROVIDE (__init_array_start = .)
 *(SORT_BY_NAME(.init_array.*))
 *(.init_array*)
 .init_array    0x0000000008000a8c        0x4 c:/st/stm32cubeide_1.4.0/stm32cubeide/plugins/com.st.stm32cube.ide.mcu.externaltools.gnu-tools-for-stm32.7-2018-q2-update.win32_1.4.0.202007081208/tools/bin/../lib/gcc/arm-none-eabi/7.3.1/thumb/v7-m/crtbegin.o
                0x0000000008000a90                PROVIDE (__init_array_end = .)
                0x0000000008000a90                . = ALIGN (0x4)

.fini_array     0x0000000008000a90        0x4
                0x0000000008000a90                . = ALIGN (0x4)
                [!provide]                        PROVIDE (__fini_array_start = .)
 *(SORT_BY_NAME(.fini_array.*))
 *(.fini_array*)
 .fini_array    0x0000000008000a90        0x4 c:/st/stm32cubeide_1.4.0/stm32cubeide/plugins/com.st.stm32cube.ide.mcu.externaltools.gnu-tools-for-stm32.7-2018-q2-update.win32_1.4.0.202007081208/tools/bin/../lib/gcc/arm-none-eabi/7.3.1/thumb/v7-m/crtbegin.o
                [!provide]                        PROVIDE (__fini_array_end = .)
                0x0000000008000a94                . = ALIGN (0x4)
                0x0000000008000a94                _sidata = LOADADDR (.data)

.data           0x0000000020000000        0x0 load address 0x0000000008000a94
                0x0000000020000000                . = ALIGN (0x4)
                0x0000000020000000                _sdata = .
 *(.data)
 *(.data*)
                0x0000000020000000                . = ALIGN (0x4)
                0x0000000020000000                _edata = .

.igot.plt       0x0000000020000000        0x0 load address 0x0000000008000a94
 .igot.plt      0x0000000020000000        0x0 c:/st/stm32cubeide_1.4.0/stm32cubeide/plugins/com.st.stm32cube.ide.mcu.externaltools.gnu-tools-for-stm32.7-2018-q2-update.win32_1.4.0.202007081208/tools/bin/../lib/gcc/arm-none-eabi/7.3.1/thumb/v7-m/crtbegin.o
                0x0000000020000000                . = ALIGN (0x4)

.bss            0x0000000020000000       0x60 load address 0x0000000008000a94
                0x0000000020000000                _sbss = .
                0x0000000020000000                __bss_start__ = _sbss
 *(.bss)
 .bss           0x0000000020000000       0x1c c:/st/stm32cubeide_1.4.0/stm32cubeide/plugins/com.st.stm32cube.ide.mcu.externaltools.gnu-tools-for-stm32.7-2018-q2-update.win32_1.4.0.202007081208/tools/bin/../lib/gcc/arm-none-eabi/7.3.1/thumb/v7-m/crtbegin.o
 *(.bss*)
 .bss.IRQ_Flag  0x000000002000001c        0x1 Core/Src/main.o
                0x000000002000001c                IRQ_Flag
 *fill*         0x000000002000001d        0x3 
 .bss.CONTROL_REG
                0x0000000020000020        0x4 Core/Src/main.o
                0x0000000020000020                CONTROL_REG
 *(COMMON)
 COMMON         0x0000000020000024       0x3c Core/Src/stm32f103x8_EXTI_driver.o
                0x0000000020000024                GP_IRQ_CallBack
                0x0000000020000060                . = ALIGN (0x4)
                0x0000000020000060                _ebss = .
                0x0000000020000060                __bss_end__ = _ebss

._user_heap_stack
                0x0000000020000060      0x600 load address 0x0000000008000a94
                0x0000000020000060                . = ALIGN (0x8)
                [!provide]                        PROVIDE (end = .)
                0x0000000020000060                PROVIDE (_end = .)
                0x0000000020000260                . = (. + _Min_Heap_Size)
 *fill*         0x0000000020000060      0x200 
                0x0000000020000660                . = (. + _Min_Stack_Size)
 *fill*         0x0000000020000260      0x400 
                0x0000000020000660                . = ALIGN (0x8)

/DISCARD/
 libc.a(*)
 libm.a(*)
 libgcc.a(*)

.ARM.attributes
                0x0000000000000000       0x29
 *(.ARM.attributes)
 .ARM.attributes
                0x0000000000000000       0x1d c:/st/stm32cubeide_1.4.0/stm32cubeide/plugins/com.st.stm32cube.ide.mcu.externaltools.gnu-tools-for-stm32.7-2018-q2-update.win32_1.4.0.202007081208/tools/bin/../lib/gcc/arm-none-eabi/7.3.1/thumb/v7-m/crti.o
 .ARM.attributes
                0x000000000000001d       0x2d c:/st/stm32cubeide_1.4.0/stm32cubeide/plugins/com.st.stm32cube.ide.mcu.externaltools.gnu-tools-for-stm32.7-2018-q2-update.win32_1.4.0.202007081208/tools/bin/../lib/gcc/arm-none-eabi/7.3.1/thumb/v7-m/crtbegin.o
 .ARM.attributes
                0x000000000000004a       0x33 Core/Src/main.o
 .ARM.attributes
                0x000000000000007d       0x33 Core/Src/stm32f103x8_EXTI_driver.o
 .ARM.attributes
                0x00000000000000b0       0x33 Core/Src/stm32f103x8_gpio_driver.o
 .ARM.attributes
                0x00000000000000e3       0x21 Core/Startup/startup_stm32f103c8tx.o
 .ARM.attributes
                0x0000000000000104       0x2d c:/st/stm32cubeide_1.4.0/stm32cubeide/plugins/com.st.stm32cube.ide.mcu.externaltools.gnu-tools-for-stm32.7-2018-q2-update.win32_1.4.0.202007081208/tools/bin/../lib/gcc/arm-none-eabi/7.3.1/../../../../arm-none-eabi/lib/thumb/v7-m\libc_nano.a(lib_a-init.o)
 .ARM.attributes
                0x0000000000000131       0x1d c:/st/stm32cubeide_1.4.0/stm32cubeide/plugins/com.st.stm32cube.ide.mcu.externaltools.gnu-tools-for-stm32.7-2018-q2-update.win32_1.4.0.202007081208/tools/bin/../lib/gcc/arm-none-eabi/7.3.1/thumb/v7-m/crtn.o
OUTPUT(ARM_Cortex_M34.elf elf32-littlearm)

.debug_info     0x0000000000000000     0x2391
 .debug_info    0x0000000000000000      0xae0 Core/Src/main.o
 .debug_info    0x0000000000000ae0      0xc59 Core/Src/stm32f103x8_EXTI_driver.o
 .debug_info    0x0000000000001739      0xc36 Core/Src/stm32f103x8_gpio_driver.o
 .debug_info    0x000000000000236f       0x22 Core/Startup/startup_stm32f103c8tx.o

.debug_abbrev   0x0000000000000000      0x625
 .debug_abbrev  0x0000000000000000      0x1b7 Core/Src/main.o
 .debug_abbrev  0x00000000000001b7      0x21d Core/Src/stm32f103x8_EXTI_driver.o
 .debug_abbrev  0x00000000000003d4      0x23f Core/Src/stm32f103x8_gpio_driver.o
 .debug_abbrev  0x0000000000000613       0x12 Core/Startup/startup_stm32f103c8tx.o

.debug_aranges  0x0000000000000000      0x130
 .debug_aranges
                0x0000000000000000       0x28 Core/Src/main.o
 .debug_aranges
                0x0000000000000028       0x80 Core/Src/stm32f103x8_EXTI_driver.o
 .debug_aranges
                0x00000000000000a8       0x60 Core/Src/stm32f103x8_gpio_driver.o
 .debug_aranges
                0x0000000000000108       0x28 Core/Startup/startup_stm32f103c8tx.o

.debug_ranges   0x0000000000000000       0xf8
 .debug_ranges  0x0000000000000000       0x18 Core/Src/main.o
 .debug_ranges  0x0000000000000018       0x70 Core/Src/stm32f103x8_EXTI_driver.o
 .debug_ranges  0x0000000000000088       0x50 Core/Src/stm32f103x8_gpio_driver.o
 .debug_ranges  0x00000000000000d8       0x20 Core/Startup/startup_stm32f103c8tx.o

.debug_macro    0x0000000000000000     0x320d
 .debug_macro   0x0000000000000000      0x21b Core/Src/main.o
 .debug_macro   0x000000000000021b      0xa5a Core/Src/main.o
 .debug_macro   0x0000000000000c75       0x22 Core/Src/main.o
 .debug_macro   0x0000000000000c97       0x8e Core/Src/main.o
 .debug_macro   0x0000000000000d25       0x51 Core/Src/main.o
 .debug_macro   0x0000000000000d76       0xef Core/Src/main.o
 .debug_macro   0x0000000000000e65       0x6a Core/Src/main.o
 .debug_macro   0x0000000000000ecf      0x1df Core/Src/main.o
 .debug_macro   0x00000000000010ae       0x18 Core/Src/main.o
 .debug_macro   0x00000000000010c6       0x46 Core/Src/main.o
 .debug_macro   0x000000000000110c       0x3c Core/Src/main.o
 .debug_macro   0x0000000000001148       0x34 Core/Src/main.o
 .debug_macro   0x000000000000117c       0x16 Core/Src/main.o
 .debug_macro   0x0000000000001192      0x10e Core/Src/main.o
 .debug_macro   0x00000000000012a0       0x8d Core/Src/main.o
 .debug_macro   0x000000000000132d       0x52 Core/Src/main.o
 .debug_macro   0x000000000000137f       0x1f Core/Src/main.o
 .debug_macro   0x000000000000139e       0x43 Core/Src/main.o
 .debug_macro   0x00000000000013e1       0x20 Core/Src/main.o
 .debug_macro   0x0000000000001401      0x1a3 Core/Src/main.o
 .debug_macro   0x00000000000015a4      0x330 Core/Src/main.o
 .debug_macro   0x00000000000018d4       0x16 Core/Src/main.o
 .debug_macro   0x00000000000018ea       0x29 Core/Src/main.o
 .debug_macro   0x0000000000001913       0x1c Core/Src/main.o
 .debug_macro   0x000000000000192f       0x35 Core/Src/main.o
 .debug_macro   0x0000000000001964       0x10 Core/Src/main.o
 .debug_macro   0x0000000000001974       0x10 Core/Src/main.o
 .debug_macro   0x0000000000001984       0x1c Core/Src/main.o
 .debug_macro   0x00000000000019a0       0x52 Core/Src/main.o
 .debug_macro   0x00000000000019f2       0x40 Core/Src/main.o
 .debug_macro   0x0000000000001a32       0x10 Core/Src/main.o
 .debug_macro   0x0000000000001a42       0x40 Core/Src/main.o
 .debug_macro   0x0000000000001a82       0xd7 Core/Src/main.o
 .debug_macro   0x0000000000001b59       0x1c Core/Src/main.o
 .debug_macro   0x0000000000001b75       0x3d Core/Src/main.o
 .debug_macro   0x0000000000001bb2       0x16 Core/Src/main.o
 .debug_macro   0x0000000000001bc8      0x145 Core/Src/main.o
 .debug_macro   0x0000000000001d0d      0x6be Core/Src/main.o
 .debug_macro   0x00000000000023cb       0xd0 Core/Src/main.o
 .debug_macro   0x000000000000249b      0x228 Core/Src/main.o
 .debug_macro   0x00000000000026c3      0x152 Core/Src/stm32f103x8_EXTI_driver.o
 .debug_macro   0x0000000000002815       0x40 Core/Src/stm32f103x8_EXTI_driver.o
 .debug_macro   0x0000000000002855       0x94 Core/Src/stm32f103x8_EXTI_driver.o
 .debug_macro   0x00000000000028e9       0x57 Core/Src/stm32f103x8_EXTI_driver.o
 .debug_macro   0x0000000000002940      0x6b8 Core/Src/stm32f103x8_EXTI_driver.o
 .debug_macro   0x0000000000002ff8       0xd6 Core/Src/stm32f103x8_EXTI_driver.o
 .debug_macro   0x00000000000030ce      0x13f Core/Src/stm32f103x8_gpio_driver.o

.debug_line     0x0000000000000000     0x14b4
 .debug_line    0x0000000000000000      0x653 Core/Src/main.o
 .debug_line    0x0000000000000653      0x73d Core/Src/stm32f103x8_EXTI_driver.o
 .debug_line    0x0000000000000d90      0x69b Core/Src/stm32f103x8_gpio_driver.o
 .debug_line    0x000000000000142b       0x89 Core/Startup/startup_stm32f103c8tx.o

.debug_str      0x0000000000000000     0xbdde
 .debug_str     0x0000000000000000     0xba6a Core/Src/main.o
                                       0xbce5 (size before relaxing)
 .debug_str     0x000000000000ba6a      0x22f Core/Src/stm32f103x8_EXTI_driver.o
                                       0xacb2 (size before relaxing)
 .debug_str     0x000000000000bc99      0x10f Core/Src/stm32f103x8_gpio_driver.o
                                       0x985b (size before relaxing)
 .debug_str     0x000000000000bda8       0x36 Core/Startup/startup_stm32f103c8tx.o
                                         0x80 (size before relaxing)

.comment        0x0000000000000000       0x7b
 .comment       0x0000000000000000       0x7b Core/Src/main.o
                                         0x7c (size before relaxing)
 .comment       0x000000000000007b       0x7c Core/Src/stm32f103x8_EXTI_driver.o
 .comment       0x000000000000007b       0x7c Core/Src/stm32f103x8_gpio_driver.o

.debug_frame    0x0000000000000000      0x3a4
 .debug_frame   0x0000000000000000       0x50 Core/Src/main.o
 .debug_frame   0x0000000000000050      0x1b0 Core/Src/stm32f103x8_EXTI_driver.o
 .debug_frame   0x0000000000000200      0x178 Core/Src/stm32f103x8_gpio_driver.o
 .debug_frame   0x0000000000000378       0x2c c:/st/stm32cubeide_1.4.0/stm32cubeide/plugins/com.st.stm32cube.ide.mcu.externaltools.gnu-tools-for-stm32.7-2018-q2-update.win32_1.4.0.202007081208/tools/bin/../lib/gcc/arm-none-eabi/7.3.1/../../../../arm-none-eabi/lib/thumb/v7-m\libc_nano.a(lib_a-init.o)
