
Memory Configuration

Name             Origin             Length             Attributes
Mem              0x00000000         0x04000000         xrw
*default*        0x00000000         0xffffffff

Linker script and memory map

                0x00010000                . = 0x10000

.startup        0x00010000       0x10
 startup.o(.text)
 .text          0x00010000       0x10 startup.o
                0x00010000                reset

.Text           0x00010010       0x70
 *(.text)
 .text          0x00010010       0x54 UART.o
                0x00010010                UART_voidSendString
 .text          0x00010064       0x1c APP.o
                0x00010064                main

.rodata         0x00010080       0x64
 .rodata        0x00010080       0x64 APP.o
                0x00010080                string_buffer2

.glue_7         0x000100e4        0x0
 .glue_7        0x000100e4        0x0 linker stubs

.glue_7t        0x000100e4        0x0
 .glue_7t       0x000100e4        0x0 linker stubs

.vfp11_veneer   0x000100e4        0x0
 .vfp11_veneer  0x000100e4        0x0 linker stubs

.v4_bx          0x000100e4        0x0
 .v4_bx         0x000100e4        0x0 linker stubs

.iplt           0x000100e4        0x0
 .iplt          0x000100e4        0x0 startup.o

.rel.dyn        0x000100e4        0x0
 .rel.iplt      0x000100e4        0x0 startup.o

.data           0x000100e4       0x64
 *(.data)
 .data          0x000100e4        0x0 startup.o
 .data          0x000100e4        0x0 UART.o
 .data          0x000100e4       0x64 APP.o
                0x000100e4                string_buffer

.igot.plt       0x00010148        0x0
 .igot.plt      0x00010148        0x0 startup.o

.bss            0x00010148       0x7e
 *(.bss)
 .bss           0x00010148        0x0 startup.o
 .bss           0x00010148        0x0 UART.o
 .bss           0x00010148        0x0 APP.o
 *(.comment)
 .comment       0x00010148       0x7e UART.o
                                 0x7f (size before relaxing)
 .comment       0x000101c6       0x7f APP.o
                0x00011245                . = (. + 0x1000)
                0x00011245                stack_top = .
LOAD UART.o
LOAD APP.o
LOAD startup.o
OUTPUT(Learn_In_Depth.elf elf32-littlearm)

.ARM.attributes
                0x00000000       0x2e
 .ARM.attributes
                0x00000000       0x22 startup.o
 .ARM.attributes
                0x00000022       0x32 UART.o
 .ARM.attributes
                0x00000054       0x32 APP.o

.debug_line     0x00000000       0xa8
 .debug_line    0x00000000       0x3a startup.o
 .debug_line    0x0000003a       0x39 UART.o
 .debug_line    0x00000073       0x35 APP.o

.debug_info     0x00000000      0x10e
 .debug_info    0x00000000       0x26 startup.o
 .debug_info    0x00000026       0x57 UART.o
 .debug_info    0x0000007d       0x91 APP.o

.debug_abbrev   0x00000000       0xc6
 .debug_abbrev  0x00000000       0x14 startup.o
 .debug_abbrev  0x00000014       0x51 UART.o
 .debug_abbrev  0x00000065       0x61 APP.o

.debug_aranges  0x00000000       0x60
 .debug_aranges
                0x00000000       0x20 startup.o
 .debug_aranges
                0x00000020       0x20 UART.o
 .debug_aranges
                0x00000040       0x20 APP.o

.debug_str      0x00000000      0x134
 .debug_str     0x00000000       0x6d startup.o
 .debug_str     0x0000006d       0x92 UART.o
                                 0xe6 (size before relaxing)
 .debug_str     0x000000ff       0x35 APP.o
                                 0xf4 (size before relaxing)

.debug_frame    0x00000000       0x5c
 .debug_frame   0x00000000       0x30 UART.o
 .debug_frame   0x00000030       0x2c APP.o
