
Memory Configuration

Name             Origin             Length             Attributes
Mem              0x00000000         0x04000000         xrw
*default*        0x00000000         0xffffffff

Linker script and memory map

                0x00010000                . = 0x10000

.startup        0x00010000        0xc
 startup.o(.text)
 .text          0x00010000        0xc startup.o
                0x00010000                reset

.Text           0x0001000c       0x70
 *(.text)
 .text          0x0001000c       0x1c APP.o
                0x0001000c                main
 .text          0x00010028       0x54 UART.o
                0x00010028                UART_voidSendString

.rodata         0x0001007c       0x64
 .rodata        0x0001007c       0x64 APP.o
                0x0001007c                string_buffer2

.glue_7         0x000100e0        0x0
 .glue_7        0x000100e0        0x0 linker stubs

.glue_7t        0x000100e0        0x0
 .glue_7t       0x000100e0        0x0 linker stubs

.vfp11_veneer   0x000100e0        0x0
 .vfp11_veneer  0x000100e0        0x0 linker stubs

.v4_bx          0x000100e0        0x0
 .v4_bx         0x000100e0        0x0 linker stubs

.iplt           0x000100e0        0x0
 .iplt          0x000100e0        0x0 startup.o

.rel.dyn        0x000100e0        0x0
 .rel.iplt      0x000100e0        0x0 startup.o

.data           0x000100e0       0x64
 *(.data)
 .data          0x000100e0        0x0 startup.o
 .data          0x000100e0       0x64 APP.o
                0x000100e0                string_buffer
 .data          0x00010144        0x0 UART.o

.igot.plt       0x00010144        0x0
 .igot.plt      0x00010144        0x0 startup.o

.bss            0x00010144       0x7e
 *(.bss)
 .bss           0x00010144        0x0 startup.o
 .bss           0x00010144        0x0 APP.o
 .bss           0x00010144        0x0 UART.o
 *(.comment)
 .comment       0x00010144       0x7e APP.o
                                 0x7f (size before relaxing)
 .comment       0x000101c2       0x7f UART.o
                0x00011241                . = (. + 0x1000)
                0x00011241                stack_top = .
LOAD APP.o
LOAD UART.o
LOAD startup.o
OUTPUT(Learn_in_depth.elf elf32-littlearm)

.ARM.attributes
                0x00000000       0x2e
 .ARM.attributes
                0x00000000       0x22 startup.o
 .ARM.attributes
                0x00000022       0x32 APP.o
 .ARM.attributes
                0x00000054       0x32 UART.o

.debug_info     0x00000000       0xe8
 .debug_info    0x00000000       0x91 APP.o
 .debug_info    0x00000091       0x57 UART.o

.debug_abbrev   0x00000000       0xb2
 .debug_abbrev  0x00000000       0x61 APP.o
 .debug_abbrev  0x00000061       0x51 UART.o

.debug_aranges  0x00000000       0x40
 .debug_aranges
                0x00000000       0x20 APP.o
 .debug_aranges
                0x00000020       0x20 UART.o

.debug_line     0x00000000       0x6e
 .debug_line    0x00000000       0x35 APP.o
 .debug_line    0x00000035       0x39 UART.o

.debug_str      0x00000000       0xf3
 .debug_str     0x00000000       0xcc APP.o
 .debug_str     0x000000cc       0x27 UART.o
                                 0xbe (size before relaxing)

.debug_frame    0x00000000       0x5c
 .debug_frame   0x00000000       0x2c APP.o
 .debug_frame   0x0000002c       0x30 UART.o
